ARM Linker, 4.1 [Build 894] [Professional]

==============================================================================

Section Cross References

    main.o(.text) refers to os_sem.o(.text) for OSSemPend
    main.o(.text) refers to 485ann.o(.text) for led_on_off
    main.o(.text) refers to 24cxx.o(.text) for AT24CXX_ReadOneByte
    main.o(.text) refers to os_cpu_a.o(.text) for OS_CPU_SR_Save
    main.o(.text) refers to os_task.o(.text) for OSTaskSuspend
    main.o(.text) refers to ht1621.o(.text) for HT595_Send_Byte
    main.o(.text) refers to delay.o(.text) for delay_ms
    main.o(.text) refers to key.o(.text) for key_idset
    main.o(.text) refers to stm32f10x_gpio.o(.text) for GPIO_ResetBits
    main.o(.text) refers to os_mbox.o(.text) for OSMboxPend
    main.o(.text) refers to 485ann.o(.data) for scan_slave
    main.o(.text) refers to key.o(.data) for id_num
    main.o(.text) refers to 485ann.o(.bss) for mybox
    main.o(.text) refers to main.o(.data) for led_lock
    main.o(.text) refers to os_core.o(.text) for OSStatInit
    main.o(.text) refers to sys.o(.text) for NVIC_Configuration
    main.o(.text) refers to adc.o(.text) for Adc_Init
    main.o(.text) refers to rs485.o(.text) for RS485_Init
    main.o(.text) refers to main.o(.bss) for MASTER_TASK_STK
    system_stm32f10x.o(.text) refers to system_stm32f10x.o(.data) for SystemCoreClock
    led.o(.text) refers to stm32f10x_rcc.o(.text) for RCC_APB2PeriphClockCmd
    led.o(.text) refers to stm32f10x_gpio.o(.text) for GPIO_Init
    myiic.o(.text) refers to delay.o(.text) for delay_us
    24cxx.o(.text) refers to myiic.o(.text) for IIC_Init
    24cxx.o(.text) refers to delay.o(.text) for delay_ms
    adc.o(.text) refers to stm32f10x_rcc.o(.text) for RCC_APB2PeriphClockCmd
    adc.o(.text) refers to stm32f10x_gpio.o(.text) for GPIO_Init
    adc.o(.text) refers to stm32f10x_adc.o(.text) for ADC_DeInit
    rs485.o(.text) refers to stm32f10x_rcc.o(.text) for RCC_APB2PeriphClockCmd
    rs485.o(.text) refers to stm32f10x_gpio.o(.text) for GPIO_Init
    rs485.o(.text) refers to stm32f10x_usart.o(.text) for USART_Init
    rs485.o(.text) refers to misc.o(.text) for NVIC_Init
    ht1621.o(.text) refers to delay.o(.text) for delay_us
    ht1621.o(.text) refers to ht1621.o(.data) for num1237Seg
    key.o(.text) refers to delay.o(.text) for delay_us
    key.o(.text) refers to ht1621.o(.text) for Clera_lcd
    key.o(.text) refers to 24cxx.o(.text) for AT24CXX_WriteOneByte
    key.o(.text) refers to key.o(.data) for m
    lcd.o(.text) refers to _printf_percent.o(.ARM.Collect$$_printf_percent$$00000000) for _printf_percent
    lcd.o(.text) refers to _printf_x.o(.ARM.Collect$$_printf_percent$$0000000C) for _printf_x
    lcd.o(.text) refers to _printf_hex_int.o(.text) for _printf_longlong_hex
    lcd.o(.text) refers to delay.o(.text) for delay_us
    lcd.o(.text) refers to lcd.o(.bss) for lcddev
    lcd.o(.text) refers to stm32f10x_rcc.o(.text) for RCC_AHBPeriphClockCmd
    lcd.o(.text) refers to stm32f10x_gpio.o(.text) for GPIO_Init
    lcd.o(.text) refers to stm32f10x_fsmc.o(.text) for FSMC_NORSRAMInit
    lcd.o(.text) refers to noretval__2printf.o(.text) for __2printf
    lcd.o(.text) refers to lcd.o(.data) for POINT_COLOR
    lcd.o(.text) refers to lcd.o(.constdata) for asc2_1206
    delay.o(.text) refers to os_core.o(.text) for OSIntEnter
    delay.o(.text) refers to misc.o(.text) for SysTick_CLKSourceConfig
    delay.o(.text) refers to os_time.o(.text) for OSTimeDly
    delay.o(.text) refers to system_stm32f10x.o(.data) for SystemCoreClock
    delay.o(.text) refers to delay.o(.data) for fac_us
    delay.o(.text) refers to os_core.o(.data) for OSRunning
    sys.o(.text) refers to misc.o(.text) for NVIC_PriorityGroupConfig
    usart.o(.rev16_text) refers (Special) to use_no_semi_2.o(.text) for __use_no_semihosting
    usart.o(.revsh_text) refers (Special) to use_no_semi_2.o(.text) for __use_no_semihosting
    usart.o(.text) refers (Special) to use_no_semi_2.o(.text) for __use_no_semihosting
    usart.o(.text) refers to stm32f10x_rcc.o(.text) for RCC_APB2PeriphClockCmd
    usart.o(.text) refers to stm32f10x_gpio.o(.text) for GPIO_Init
    usart.o(.text) refers to misc.o(.text) for NVIC_Init
    usart.o(.text) refers to stm32f10x_usart.o(.text) for USART_Init
    usart.o(.text) refers to os_core.o(.text) for OSIntEnter
    usart.o(.text) refers to usart.o(.data) for USART_RX_STA
    usart.o(.text) refers to usart.o(.bss) for USART_RX_BUF
    usart.o(.bss) refers (Special) to use_no_semi_2.o(.text) for __use_no_semihosting
    usart.o(.data) refers (Special) to use_no_semi_2.o(.text) for __use_no_semihosting
    startup_stm32f10x_hd.o(STACK) refers (Special) to heapauxi.o(.text) for __use_two_region_memory
    startup_stm32f10x_hd.o(HEAP) refers (Special) to heapauxi.o(.text) for __use_two_region_memory
    startup_stm32f10x_hd.o(RESET) refers (Special) to heapauxi.o(.text) for __use_two_region_memory
[...]
    _terminate_alloc                          - Undefined Weak Reference
    _terminate_user_alloc                     - Undefined Weak Reference
    _terminateio                              - Undefined Weak Reference
    __Vectors_Size                           0x00000130   Number         0  startup_stm32f10x_hd.o ABSOLUTE
    __Vectors                                0x08000000   Data           4  startup_stm32f10x_hd.o(RESET)
    __Vectors_End                            0x08000130   Data           0  startup_stm32f10x_hd.o(RESET)
    __main                                   0x08000131   Thumb Code     8  __main.o(!!!main)
    __scatterload                            0x08000139   Thumb Code     0  __scatter.o(!!!scatter)
    __scatterload_rt2                        0x08000139   Thumb Code    44  __scatter.o(!!!scatter)
    __scatterload_rt2_thumb_only             0x08000139   Thumb Code     0  __scatter.o(!!!scatter)
    __scatterload_null                       0x08000147   Thumb Code     0  __scatter.o(!!!scatter)
    __scatterload_copy                       0x0800016d   Thumb Code    26  __scatter_copy.o(!!handler_copy)
    __scatterload_zeroinit                   0x08000189   Thumb Code    28  __scatter_zi.o(!!handler_zi)
    __rt_lib_init                            0x080001a5   Thumb Code     0  libinit.o(.ARM.Collect$$libinit$$00000000)
    __rt_lib_init_alloca_1                   0x080001ab   Thumb Code     0  libinit2.o(.ARM.Collect$$libinit$$0000002A)
    __rt_lib_init_argv_1                     0x080001ab   Thumb Code     0  libinit2.o(.ARM.Collect$$libinit$$00000028)
    __rt_lib_init_atexit_1                   0x080001ab   Thumb Code     0  libinit2.o(.ARM.Collect$$libinit$$00000017)
    __rt_lib_init_clock_1                    0x080001ab   Thumb Code     0  libinit2.o(.ARM.Collect$$libinit$$0000001D)
    __rt_lib_init_cpp_1                      0x080001ab   Thumb Code     0  libinit2.o(.ARM.Collect$$libinit$$0000002E)
    __rt_lib_init_exceptions_1               0x080001ab   Thumb Code     0  libinit2.o(.ARM.Collect$$libinit$$0000002C)
    __rt_lib_init_fp_trap_1                  0x080001ab   Thumb Code     0  libinit2.o(.ARM.Collect$$libinit$$0000001B)
    __rt_lib_init_getenv_1                   0x080001ab   Thumb Code     0  libinit2.o(.ARM.Collect$$libinit$$0000001F)
    __rt_lib_init_heap_1                     0x080001ab   Thumb Code     0  libinit2.o(.ARM.Collect$$libinit$$00000006)
    __rt_lib_init_lc_collate_1               0x080001ab   Thumb Code     0  libinit2.o(.ARM.Collect$$libinit$$0000000D)
    __rt_lib_init_lc_ctype_1                 0x080001ab   Thumb Code     0  libinit2.o(.ARM.Collect$$libinit$$0000000F)
    __rt_lib_init_lc_monetary_1              0x080001ab   Thumb Code     0  libinit2.o(.ARM.Collect$$libinit$$00000011)
    __rt_lib_init_lc_numeric_1               0x080001ab   Thumb Code     0  libinit2.o(.ARM.Collect$$libinit$$00000013)
    __rt_lib_init_lc_time_1                  0x080001ab   Thumb Code     0  libinit2.o(.ARM.Collect$$libinit$$00000015)
    __rt_lib_init_rand_1                     0x080001ab   Thumb Code     0  libinit2.o(.ARM.Collect$$libinit$$0000000A)
    __rt_lib_init_return                     0x080001ab   Thumb Code     0  libinit2.o(.ARM.Collect$$libinit$$0000002F)
    __rt_lib_init_signal_1                   0x080001ab   Thumb Code     0  libinit2.o(.ARM.Collect$$libinit$$00000019)
    __rt_lib_init_stdio_1                    0x080001ab   Thumb Code     0  libinit2.o(.ARM.Collect$$libinit$$00000021)
    __rt_lib_init_user_alloc_1               0x080001ab   Thumb Code     0  libinit2.o(.ARM.Collect$$libinit$$00000008)
    __rt_lib_shutdown                        0x080001ad   Thumb Code     0  libshutdown.o(.ARM.Collect$$libshutdown$$00000000)
    __rt_lib_shutdown_fp_trap_1              0x080001af   Thumb Code     0  libshutdown2.o(.ARM.Collect$$libshutdown$$00000006)
    __rt_lib_shutdown_heap_1                 0x080001af   Thumb Code     0  libshutdown2.o(.ARM.Collect$$libshutdown$$0000000E)
    __rt_lib_shutdown_return                 0x080001af   Thumb Code     0  libshutdown2.o(.ARM.Collect$$libshutdown$$0000000F)
    __rt_lib_shutdown_signal_1               0x080001af   Thumb Code     0  libshutdown2.o(.ARM.Collect$$libshutdown$$00000009)
    __rt_lib_shutdown_stdio_1                0x080001af   Thumb Code     0  libshutdown2.o(.ARM.Collect$$libshutdown$$00000003)
    __rt_lib_shutdown_user_alloc_1           0x080001af   Thumb Code     0  libshutdown2.o(.ARM.Collect$$libshutdown$$0000000B)
    __rt_entry                               0x080001b1   Thumb Code     0  rtentry.o(.ARM.Collect$$rtentry$$00000000)
    __rt_entry_presh_1                       0x080001b1   Thumb Code     0  rtentry2.o(.ARM.Collect$$rtentry$$00000002)
    __rt_entry_sh                            0x080001b1   Thumb Code     0  rtentry4.o(.ARM.Collect$$rtentry$$00000004)
    __rt_entry_li                            0x080001b7   Thumb Code     0  rtentry2.o(.ARM.Collect$$rtentry$$0000000A)
    __rt_entry_postsh_1                      0x080001b7   Thumb Code     0  rtentry2.o(.ARM.Collect$$rtentry$$00000009)
    __rt_entry_main                          0x080001bb   Thumb Code     0  rtentry2.o(.ARM.Collect$$rtentry$$0000000D)
    __rt_entry_postli_1                      0x080001bb   Thumb Code     0  rtentry2.o(.ARM.Collect$$rtentry$$0000000C)
    __rt_exit                                0x080001c3   Thumb Code     0  rtexit.o(.ARM.Collect$$rtexit$$00000000)
    __rt_exit_ls                             0x080001c5   Thumb Code     0  rtexit2.o(.ARM.Collect$$rtexit$$00000003)
    __rt_exit_prels_1                        0x080001c5   Thumb Code     0  rtexit2.o(.ARM.Collect$$rtexit$$00000002)
    __rt_exit_exit                           0x080001c9   Thumb Code     0  rtexit2.o(.ARM.Collect$$rtexit$$00000004)
    scanf_task                               0x080001d1   Thumb Code    30  main.o(.text)
    SETID_task                               0x080001ef   Thumb Code   162  main.o(.text)
    masterled_task                           0x08000291   Thumb Code    40  main.o(.text)
    myled_task                               0x080002b9   Thumb Code    42  main.o(.text)
    slave_control                            0x080002e3   Thumb Code   422  main.o(.text)
    Receive_task                             0x08000489   Thumb Code    76  main.o(.text)
    master_task                              0x080004d5   Thumb Code   382  main.o(.text)
    start_task                               0x08000653   Thumb Code   156  main.o(.text)
    main                                     0x080006ef   Thumb Code   100  main.o(.text)
    NMI_Handler                              0x0800078d   Thumb Code     2  stm32f10x_it.o(.text)
    HardFault_Handler                        0x0800078f   Thumb Code     4  stm32f10x_it.o(.text)
    MemManage_Handler                        0x08000793   Thumb Code     4  stm32f10x_it.o(.text)
    BusFault_Handler                         0x08000797   Thumb Code     4  stm32f10x_it.o(.text)
    UsageFault_Handler                       0x0800079b   Thumb Code     4  stm32f10x_it.o(.text)
    SVC_Handler                              0x0800079f   Thumb Code     2  stm32f10x_it.o(.text)
    DebugMon_Handler                         0x080007a1   Thumb Code     2  stm32f10x_it.o(.text)
    SystemInit                               0x0800086d   Thumb Code    78  system_stm32f10x.o(.text)
    SystemCoreClockUpdate                    0x080008bb   Thumb Code   142  system_stm32f10x.o(.text)
    IIC_Init                                 0x0800096d   Thumb Code    74  myiic.o(.text)
    IIC_Start                                0x080009b7   Thumb Code    68  myiic.o(.text)
    IIC_Stop                                 0x080009fb   Thumb Code    66  myiic.o(.text)
    IIC_Wait_Ack                             0x08000a3d   Thumb Code    82  myiic.o(.text)
    IIC_Ack                                  0x08000a8f   Thumb Code    72  myiic.o(.text)
    IIC_NAck                                 0x08000ad7   Thumb Code    72  myiic.o(.text)
    IIC_Send_Byte                            0x08000b1f   Thumb Code    96  myiic.o(.text)
    IIC_Read_Byte                            0x08000b7f   Thumb Code    98  myiic.o(.text)
    AT24CXX_Init                             0x08000c01   Thumb Code     8  24cxx.o(.text)
    AT24CXX_ReadOneByte                      0x08000c09   Thumb Code    84  24cxx.o(.text)
    AT24CXX_WriteOneByte                     0x08000c5d   Thumb Code    76  24cxx.o(.text)
    AT24CXX_WriteLenByte                     0x08000ca9   Thumb Code    42  24cxx.o(.text)
    AT24CXX_ReadLenByte                      0x08000cd3   Thumb Code    44  24cxx.o(.text)
    AT24CXX_Check                            0x08000cff   Thumb Code    46  24cxx.o(.text)
    AT24CXX_Read                             0x08000d2d   Thumb Code    34  24cxx.o(.text)
    AT24CXX_Write                            0x08000d4f   Thumb Code    36  24cxx.o(.text)
    Adc_Init                                 0x08000d75   Thumb Code   214  adc.o(.text)
    Get_Adc                                  0x08000e4b   Thumb Code    46  adc.o(.text)
    Get_Adc_Average                          0x08000e79   Thumb Code    40  adc.o(.text)
    Get_Adc_13_5                             0x08000ea1   Thumb Code    46  adc.o(.text)
    Get_Adc_Average_13_5                     0x08000ecf   Thumb Code    40  adc.o(.text)
    RS485_Init                               0x08000f05   Thumb Code   200  rs485.o(.text)
    SendBit_1621                             0x08000fdd   Thumb Code    68  ht1621.o(.text)
    SendCmd                                  0x08001021   Thumb Code    40  ht1621.o(.text)
    HT1621_Init                              0x08001049   Thumb Code   134  ht1621.o(.text)
    SendDataBit_1621                         0x080010cf   Thumb Code    66  ht1621.o(.text)
    Write_1621                               0x08001111   Thumb Code    52  ht1621.o(.text)
    WriteAll_1621                            0x08001145   Thumb Code    70  ht1621.o(.text)
    Clera_lcd                                0x0800118b   Thumb Code    40  ht1621.o(.text)
    Graf_con_u                               0x080011b3   Thumb Code   230  ht1621.o(.text)
    Graf_cuirrent                            0x08001299   Thumb Code   172  ht1621.o(.text)
    Graf_qkvar                               0x08001345   Thumb Code   210  ht1621.o(.text)
    Graf_temp                                0x08001417   Thumb Code   106  ht1621.o(.text)
    Graf_id                                  0x08001481   Thumb Code   196  ht1621.o(.text)
    Graf_ver                                 0x08001545   Thumb Code   114  ht1621.o(.text)
    Graf_setid                               0x080015b7   Thumb Code   106  ht1621.o(.text)
    HT595_Send_Byte                          0x08001621   Thumb Code    86  ht1621.o(.text)
    KEY_Init                                 0x0800168d   Thumb Code    62  key.o(.text)
    key_idset                                0x080016cb   Thumb Code   448  key.o(.text)
    SysTick_Handler                          0x080018c5   Thumb Code    16  delay.o(.text)
    delay_init                               0x080018d5   Thumb Code    76  delay.o(.text)
    delay_us                                 0x08001921   Thumb Code    70  delay.o(.text)
    delay_ms                                 0x08001967   Thumb Code    62  delay.o(.text)
    nodelay_ms                               0x080019a5   Thumb Code    32  delay.o(.text)
    NVIC_Configuration                       0x080019d9   Thumb Code    12  sys.o(.text)
    _sys_exit                                0x080019e5   Thumb Code     6  usart.o(.text)
    fputc                                    0x080019eb   Thumb Code    22  usart.o(.text)
    uart_init                                0x08001a01   Thumb Code   152  usart.o(.text)
    USART1_IRQHandler                        0x08001a99   Thumb Code   130  usart.o(.text)
    Reset_Handler                            0x08001b2d   Thumb Code     8  startup_stm32f10x_hd.o(.text)
    ADC1_2_IRQHandler                        0x08001b47   Thumb Code     0  startup_stm32f10x_hd.o(.text)
    ADC3_IRQHandler                          0x08001b47   Thumb Code     0  startup_stm32f10x_hd.o(.text)
    CAN1_RX1_IRQHandler                      0x08001b47   Thumb Code     0  startup_stm32f10x_hd.o(.text)
    CAN1_SCE_IRQHandler                      0x08001b47   Thumb Code     0  startup_stm32f10x_hd.o(.text)
    DMA1_Channel1_IRQHandler                 0x08001b47   Thumb Code     0  startup_stm32f10x_hd.o(.text)
    DMA1_Channel2_IRQHandler                 0x08001b47   Thumb Code     0  startup_stm32f10x_hd.o(.text)
    DMA1_Channel3_IRQHandler                 0x08001b47   Thumb Code     0  startup_stm32f10x_hd.o(.text)
    DMA1_Channel4_IRQHandler                 0x08001b47   Thumb Code     0  startup_stm32f10x_hd.o(.text)
    DMA1_Channel5_IRQHandler                 0x08001b47   Thumb Code     0  startup_stm32f10x_hd.o(.text)
    DMA1_Channel6_IRQHandler                 0x08001b47   Thumb Code     0  startup_stm32f10x_hd.o(.text)
    DMA1_Channel7_IRQHandler                 0x08001b47   Thumb Code     0  startup_stm32f10x_hd.o(.text)
    DMA2_Channel1_IRQHandler                 0x08001b47   Thumb Code     0  startup_stm32f10x_hd.o(.text)
    DMA2_Channel2_IRQHandler                 0x08001b47   Thumb Code     0  startup_stm32f10x_hd.o(.text)
    DMA2_Channel3_IRQHandler                 0x08001b47   Thumb Code     0  startup_stm32f10x_hd.o(.text)
    DMA2_Channel4_5_IRQHandler               0x08001b47   Thumb Code     0  startup_stm32f10x_hd.o(.text)
    EXTI0_IRQHandler                         0x08001b47   Thumb Code     0  startup_stm32f10x_hd.o(.text)
    EXTI15_10_IRQHandler                     0x08001b47   Thumb Code     0  startup_stm32f10x_hd.o(.text)
    EXTI1_IRQHandler                         0x08001b47   Thumb Code     0  startup_stm32f10x_hd.o(.text)
    EXTI2_IRQHandler                         0x08001b47   Thumb Code     0  startup_stm32f10x_hd.o(.text)
    EXTI3_IRQHandler                         0x08001b47   Thumb Code     0  startup_stm32f10x_hd.o(.text)
    EXTI4_IRQHandler                         0x08001b47   Thumb Code     0  startup_stm32f10x_hd.o(.text)
    EXTI9_5_IRQHandler                       0x08001b47   Thumb Code     0  startup_stm32f10x_hd.o(.text)
    FLASH_IRQHandler                         0x08001b47   Thumb Code     0  startup_stm32f10x_hd.o(.text)
    FSMC_IRQHandler                          0x08001b47   Thumb Code     0  startup_stm32f10x_hd.o(.text)
    I2C1_ER_IRQHandler                       0x08001b47   Thumb Code     0  startup_stm32f10x_hd.o(.text)
    I2C1_EV_IRQHandler                       0x08001b47   Thumb Code     0  startup_stm32f10x_hd.o(.text)
    I2C2_ER_IRQHandler                       0x08001b47   Thumb Code     0  startup_stm32f10x_hd.o(.text)
    I2C2_EV_IRQHandler                       0x08001b47   Thumb Code     0  startup_stm32f10x_hd.o(.text)
    PVD_IRQHandler                           0x08001b47   Thumb Code     0  startup_stm32f10x_hd.o(.text)
    RCC_IRQHandler                           0x08001b47   Thumb Code     0  startup_stm32f10x_hd.o(.text)
    RTCAlarm_IRQHandler                      0x08001b47   Thumb Code     0  startup_stm32f10x_hd.o(.text)
    RTC_IRQHandler                           0x08001b47   Thumb Code     0  startup_stm32f10x_hd.o(.text)
    SDIO_IRQHandler                          0x08001b47   Thumb Code     0  startup_stm32f10x_hd.o(.text)
    SPI1_IRQHandler                          0x08001b47   Thumb Code     0  startup_stm32f10x_hd.o(.text)
    SPI2_IRQHandler                          0x08001b47   Thumb Code     0  startup_stm32f10x_hd.o(.text)
    SPI3_IRQHandler                          0x08001b47   Thumb Code     0  startup_stm32f10x_hd.o(.text)
    TAMPER_IRQHandler                        0x08001b47   Thumb Code     0  startup_stm32f10x_hd.o(.text)
    TIM1_BRK_IRQHandler                      0x08001b47   Thumb Code     0  startup_stm32f10x_hd.o(.text)
    TIM1_CC_IRQHandler                       0x08001b47   Thumb Code     0  startup_stm32f10x_hd.o(.text)
    TIM1_TRG_COM_IRQHandler                  0x08001b47   Thumb Code     0  startup_stm32f10x_hd.o(.text)
    TIM1_UP_IRQHandler                       0x08001b47   Thumb Code     0  startup_stm32f10x_hd.o(.text)
    TIM2_IRQHandler                          0x08001b47   Thumb Code     0  startup_stm32f10x_hd.o(.text)
    TIM3_IRQHandler                          0x08001b47   Thumb Code     0  startup_stm32f10x_hd.o(.text)
    TIM5_IRQHandler                          0x08001b47   Thumb Code     0  startup_stm32f10x_hd.o(.text)
    TIM6_IRQHandler                          0x08001b47   Thumb Code     0  startup_stm32f10x_hd.o(.text)
    TIM7_IRQHandler                          0x08001b47   Thumb Code     0  startup_stm32f10x_hd.o(.text)
    TIM8_BRK_IRQHandler                      0x08001b47   Thumb Code     0  startup_stm32f10x_hd.o(.text)
    TIM8_CC_IRQHandler                       0x08001b47   Thumb Code     0  startup_stm32f10x_hd.o(.text)
    TIM8_TRG_COM_IRQHandler                  0x08001b47   Thumb Code     0  startup_stm32f10x_hd.o(.text)
    TIM8_UP_IRQHandler                       0x08001b47   Thumb Code     0  startup_stm32f10x_hd.o(.text)
    UART4_IRQHandler                         0x08001b47   Thumb Code     0  startup_stm32f10x_hd.o(.text)
    UART5_IRQHandler                         0x08001b47   Thumb Code     0  startup_stm32f10x_hd.o(.text)
    USART3_IRQHandler                        0x08001b47   Thumb Code     0  startup_stm32f10x_hd.o(.text)
    USBWakeUp_IRQHandler                     0x08001b47   Thumb Code     0  startup_stm32f10x_hd.o(.text)
    USB_HP_CAN1_TX_IRQHandler                0x08001b47   Thumb Code     0  startup_stm32f10x_hd.o(.text)
    USB_LP_CAN1_RX0_IRQHandler               0x08001b47   Thumb Code     0  startup_stm32f10x_hd.o(.text)
    WWDG_IRQHandler                          0x08001b47   Thumb Code     0  startup_stm32f10x_hd.o(.text)
    __user_initial_stackheap                 0x08001b49   Thumb Code     0  startup_stm32f10x_hd.o(.text)
    NVIC_PriorityGroupConfig                 0x08001b6d   Thumb Code    10  misc.o(.text)
    NVIC_Init                                0x08001b77   Thumb Code   102  misc.o(.text)
    NVIC_SetVectorTable                      0x08001bdd   Thumb Code    14  misc.o(.text)
    NVIC_SystemLPConfig                      0x08001beb   Thumb Code    34  misc.o(.text)
    SysTick_CLKSourceConfig                  0x08001c0d   Thumb Code    40  misc.o(.text)
    GPIO_DeInit                              0x08001c49   Thumb Code   172  stm32f10x_gpio.o(.text)
    GPIO_AFIODeInit                          0x08001cf5   Thumb Code    20  stm32f10x_gpio.o(.text)
    GPIO_Init                                0x08001d09   Thumb Code   274  stm32f10x_gpio.o(.text)
    GPIO_StructInit                          0x08001e1b   Thumb Code    16  stm32f10x_gpio.o(.text)
    GPIO_ReadInputDataBit                    0x08001e2b   Thumb Code    18  stm32f10x_gpio.o(.text)
    GPIO_ReadInputData                       0x08001e3d   Thumb Code     8  stm32f10x_gpio.o(.text)
    GPIO_ReadOutputDataBit                   0x08001e45   Thumb Code    18  stm32f10x_gpio.o(.text)
    GPIO_ReadOutputData                      0x08001e57   Thumb Code     8  stm32f10x_gpio.o(.text)
    GPIO_SetBits                             0x08001e5f   Thumb Code     4  stm32f10x_gpio.o(.text)
    GPIO_ResetBits                           0x08001e63   Thumb Code     4  stm32f10x_gpio.o(.text)
    GPIO_WriteBit                            0x08001e67   Thumb Code    10  stm32f10x_gpio.o(.text)
    GPIO_Write                               0x08001e71   Thumb Code     4  stm32f10x_gpio.o(.text)
    GPIO_PinLockConfig                       0x08001e75   Thumb Code    18  stm32f10x_gpio.o(.text)
    GPIO_EventOutputConfig                   0x08001e87   Thumb Code    26  stm32f10x_gpio.o(.text)
    GPIO_EventOutputCmd                      0x08001ea1   Thumb Code     6  stm32f10x_gpio.o(.text)
    GPIO_PinRemapConfig                      0x08001ea7   Thumb Code   138  stm32f10x_gpio.o(.text)
    GPIO_EXTILineConfig                      0x08001f31   Thumb Code    66  stm32f10x_gpio.o(.text)
    GPIO_ETH_MediaInterfaceConfig            0x08001f73   Thumb Code     6  stm32f10x_gpio.o(.text)
    RCC_DeInit                               0x08001fa1   Thumb Code    64  stm32f10x_rcc.o(.text)
    RCC_HSEConfig                            0x08001fe1   Thumb Code    70  stm32f10x_rcc.o(.text)
    RCC_GetFlagStatus                        0x08002027   Thumb Code    56  stm32f10x_rcc.o(.text)
    RCC_WaitForHSEStartUp                    0x0800205f   Thumb Code    48  stm32f10x_rcc.o(.text)
    RCC_AdjustHSICalibrationValue            0x0800208f   Thumb Code    20  stm32f10x_rcc.o(.text)
    RCC_HSICmd                               0x080020a3   Thumb Code     6  stm32f10x_rcc.o(.text)
    RCC_PLLConfig                            0x080020a9   Thumb Code    24  stm32f10x_rcc.o(.text)
    RCC_PLLCmd                               0x080020c1   Thumb Code     6  stm32f10x_rcc.o(.text)
    RCC_SYSCLKConfig                         0x080020c7   Thumb Code    18  stm32f10x_rcc.o(.text)
    RCC_GetSYSCLKSource                      0x080020d9   Thumb Code    10  stm32f10x_rcc.o(.text)
    RCC_HCLKConfig                           0x080020e3   Thumb Code    18  stm32f10x_rcc.o(.text)
    RCC_PCLK1Config                          0x080020f5   Thumb Code    18  stm32f10x_rcc.o(.text)
    RCC_PCLK2Config                          0x08002107   Thumb Code    20  stm32f10x_rcc.o(.text)
    RCC_ITConfig                             0x0800211b   Thumb Code    30  stm32f10x_rcc.o(.text)
    RCC_USBCLKConfig                         0x08002139   Thumb Code     6  stm32f10x_rcc.o(.text)
    RCC_ADCCLKConfig                         0x0800213f   Thumb Code    18  stm32f10x_rcc.o(.text)
    RCC_LSEConfig                            0x08002151   Thumb Code    44  stm32f10x_rcc.o(.text)
    RCC_LSICmd                               0x0800217d   Thumb Code     6  stm32f10x_rcc.o(.text)
    RCC_RTCCLKConfig                         0x08002183   Thumb Code    12  stm32f10x_rcc.o(.text)
    RCC_RTCCLKCmd                            0x0800218f   Thumb Code     8  stm32f10x_rcc.o(.text)
    RCC_GetClocksFreq                        0x08002197   Thumb Code   192  stm32f10x_rcc.o(.text)
    RCC_AHBPeriphClockCmd                    0x08002257   Thumb Code    26  stm32f10x_rcc.o(.text)
    RCC_APB2PeriphClockCmd                   0x08002271   Thumb Code    26  stm32f10x_rcc.o(.text)
    RCC_APB1PeriphClockCmd                   0x0800228b   Thumb Code    26  stm32f10x_rcc.o(.text)
    RCC_APB2PeriphResetCmd                   0x080022a5   Thumb Code    26  stm32f10x_rcc.o(.text)
    RCC_APB1PeriphResetCmd                   0x080022bf   Thumb Code    26  stm32f10x_rcc.o(.text)
    RCC_BackupResetCmd                       0x080022d9   Thumb Code     8  stm32f10x_rcc.o(.text)
    RCC_ClockSecuritySystemCmd               0x080022e1   Thumb Code     6  stm32f10x_rcc.o(.text)
    RCC_MCOConfig                            0x080022e7   Thumb Code     6  stm32f10x_rcc.o(.text)
    RCC_ClearFlag                            0x080022ed   Thumb Code    14  stm32f10x_rcc.o(.text)
    RCC_GetITStatus                          0x080022fb   Thumb Code    20  stm32f10x_rcc.o(.text)
    RCC_ClearITPendingBit                    0x0800230f   Thumb Code     6  stm32f10x_rcc.o(.text)
    USART_DeInit                             0x08002341   Thumb Code   134  stm32f10x_usart.o(.text)
    USART_Init                               0x080023c7   Thumb Code   210  stm32f10x_usart.o(.text)
    USART_StructInit                         0x08002499   Thumb Code    24  stm32f10x_usart.o(.text)
    USART_ClockInit                          0x080024b1   Thumb Code    34  stm32f10x_usart.o(.text)
    USART_ClockStructInit                    0x080024d3   Thumb Code    12  stm32f10x_usart.o(.text)
    USART_Cmd                                0x080024df   Thumb Code    24  stm32f10x_usart.o(.text)
    USART_ITConfig                           0x080024f7   Thumb Code    74  stm32f10x_usart.o(.text)
    USART_DMACmd                             0x08002541   Thumb Code    24  stm32f10x_usart.o(.text)
    USART_SetAddress                         0x08002559   Thumb Code    18  stm32f10x_usart.o(.text)
    USART_WakeUpConfig                       0x0800256b   Thumb Code    18  stm32f10x_usart.o(.text)
    USART_ReceiverWakeUpCmd                  0x0800257d   Thumb Code    24  stm32f10x_usart.o(.text)
    USART_LINBreakDetectLengthConfig         0x08002595   Thumb Code    18  stm32f10x_usart.o(.text)
    USART_LINCmd                             0x080025a7   Thumb Code    24  stm32f10x_usart.o(.text)
    USART_SendData                           0x080025bf   Thumb Code     8  stm32f10x_usart.o(.text)
    USART_ReceiveData                        0x080025c7   Thumb Code    10  stm32f10x_usart.o(.text)
    USART_SendBreak                          0x080025d1   Thumb Code    10  stm32f10x_usart.o(.text)
    USART_SetGuardTime                       0x080025db   Thumb Code    16  stm32f10x_usart.o(.text)
    USART_SetPrescaler                       0x080025eb   Thumb Code    16  stm32f10x_usart.o(.text)
    USART_SmartCardCmd                       0x080025fb   Thumb Code    24  stm32f10x_usart.o(.text)
    USART_SmartCardNACKCmd                   0x08002613   Thumb Code    24  stm32f10x_usart.o(.text)
    USART_HalfDuplexCmd                      0x0800262b   Thumb Code    24  stm32f10x_usart.o(.text)
    USART_OverSampling8Cmd                   0x08002643   Thumb Code    22  stm32f10x_usart.o(.text)
    USART_OneBitMethodCmd                    0x08002659   Thumb Code    24  stm32f10x_usart.o(.text)
    USART_IrDAConfig                         0x08002671   Thumb Code    18  stm32f10x_usart.o(.text)
    USART_IrDACmd                            0x08002683   Thumb Code    24  stm32f10x_usart.o(.text)
    USART_GetFlagStatus                      0x0800269b   Thumb Code    26  stm32f10x_usart.o(.text)
    USART_ClearFlag                          0x080026b5   Thumb Code    18  stm32f10x_usart.o(.text)
    USART_GetITStatus                        0x080026c7   Thumb Code    84  stm32f10x_usart.o(.text)
    USART_ClearITPendingBit                  0x0800271b   Thumb Code    50  stm32f10x_usart.o(.text)
    ADC_DeInit                               0x0800274d   Thumb Code    78  stm32f10x_adc.o(.text)
    ADC_Init                                 0x0800279b   Thumb Code    70  stm32f10x_adc.o(.text)
    ADC_StructInit                           0x080027e1   Thumb Code    18  stm32f10x_adc.o(.text)
    ADC_Cmd                                  0x080027f3   Thumb Code    22  stm32f10x_adc.o(.text)
    ADC_DMACmd                               0x08002809   Thumb Code    22  stm32f10x_adc.o(.text)
    ADC_ITConfig                             0x0800281f   Thumb Code    24  stm32f10x_adc.o(.text)
    ADC_ResetCalibration                     0x08002837   Thumb Code    10  stm32f10x_adc.o(.text)
    ADC_GetResetCalibrationStatus            0x08002841   Thumb Code    20  stm32f10x_adc.o(.text)
    ADC_StartCalibration                     0x08002855   Thumb Code    10  stm32f10x_adc.o(.text)
    ADC_GetCalibrationStatus                 0x0800285f   Thumb Code    20  stm32f10x_adc.o(.text)
    ADC_SoftwareStartConvCmd                 0x08002873   Thumb Code    22  stm32f10x_adc.o(.text)
    ADC_GetSoftwareStartConvStatus           0x08002889   Thumb Code    20  stm32f10x_adc.o(.text)
    ADC_DiscModeChannelCountConfig           0x0800289d   Thumb Code    24  stm32f10x_adc.o(.text)
    ADC_DiscModeCmd                          0x080028b5   Thumb Code    22  stm32f10x_adc.o(.text)
    ADC_RegularChannelConfig                 0x080028cb   Thumb Code   184  stm32f10x_adc.o(.text)
    ADC_ExternalTrigConvCmd                  0x08002983   Thumb Code    22  stm32f10x_adc.o(.text)
    ADC_GetConversionValue                   0x08002999   Thumb Code     8  stm32f10x_adc.o(.text)
    ADC_GetDualModeConversionValue           0x080029a1   Thumb Code     8  stm32f10x_adc.o(.text)
    ADC_AutoInjectedConvCmd                  0x080029a9   Thumb Code    22  stm32f10x_adc.o(.text)
    ADC_InjectedDiscModeCmd                  0x080029bf   Thumb Code    22  stm32f10x_adc.o(.text)
    ADC_ExternalTrigInjectedConvConfig       0x080029d5   Thumb Code    16  stm32f10x_adc.o(.text)
    ADC_ExternalTrigInjectedConvCmd          0x080029e5   Thumb Code    22  stm32f10x_adc.o(.text)
    ADC_SoftwareStartInjectedConvCmd         0x080029fb   Thumb Code    22  stm32f10x_adc.o(.text)
    ADC_GetSoftwareStartInjectedConvCmdStatus 0x08002a11   Thumb Code    20  stm32f10x_adc.o(.text)
    ADC_InjectedChannelConfig                0x08002a25   Thumb Code   130  stm32f10x_adc.o(.text)
    ADC_InjectedSequencerLengthConfig        0x08002aa7   Thumb Code    24  stm32f10x_adc.o(.text)
    ADC_SetInjectedOffset                    0x08002abf   Thumb Code    12  stm32f10x_adc.o(.text)
    ADC_GetInjectedConversionValue           0x08002acb   Thumb Code    18  stm32f10x_adc.o(.text)
    ADC_AnalogWatchdogCmd                    0x08002add   Thumb Code    16  stm32f10x_adc.o(.text)
    ADC_AnalogWatchdogThresholdsConfig       0x08002aed   Thumb Code     6  stm32f10x_adc.o(.text)
    ADC_AnalogWatchdogSingleChannelConfig    0x08002af3   Thumb Code    16  stm32f10x_adc.o(.text)
    ADC_TempSensorVrefintCmd                 0x08002b03   Thumb Code    38  stm32f10x_adc.o(.text)
    ADC_GetFlagStatus                        0x08002b29   Thumb Code    44  stm32f10x_adc.o(.text)
    ADC_ClearFlag                            0x08002b55   Thumb Code     6  stm32f10x_adc.o(.text)
    ADC_GetITStatus                          0x08002b5b   Thumb Code    36  stm32f10x_adc.o(.text)
    ADC_ClearITPendingBit                    0x08002b7f   Thumb Code    10  stm32f10x_adc.o(.text)
    TIM_DeInit                               0x08002b89   Thumb Code   424  stm32f10x_tim.o(.text)
    TIM_TimeBaseInit                         0x08002d31   Thumb Code   122  stm32f10x_tim.o(.text)
    TIM_OC1Init                              0x08002dab   Thumb Code   132  stm32f10x_tim.o(.text)
    TIM_OC2Init                              0x08002e2f   Thumb Code   146  stm32f10x_tim.o(.text)
    TIM_OC3Init                              0x08002ec1   Thumb Code   142  stm32f10x_tim.o(.text)
    TIM_OC4Init                              0x08002f4f   Thumb Code   174  stm32f10x_tim.o(.text)
    TIM_SetIC4Prescaler                      0x08002ffd   Thumb Code    22  stm32f10x_tim.o(.text)
    TIM_SetIC3Prescaler                      0x08003089   Thumb Code    18  stm32f10x_tim.o(.text)
    TIM_SetIC2Prescaler                      0x0800310d   Thumb Code    22  stm32f10x_tim.o(.text)
    TIM_SetIC1Prescaler                      0x08003199   Thumb Code    18  stm32f10x_tim.o(.text)
    TIM_ICInit                               0x08003215   Thumb Code   150  stm32f10x_tim.o(.text)
    TIM_PWMIConfig                           0x080032ab   Thumb Code   124  stm32f10x_tim.o(.text)
    TIM_BDTRConfig                           0x08003327   Thumb Code    32  stm32f10x_tim.o(.text)
    TIM_TimeBaseStructInit                   0x08003347   Thumb Code    18  stm32f10x_tim.o(.text)
    TIM_OCStructInit                         0x08003359   Thumb Code    20  stm32f10x_tim.o(.text)
    TIM_ICStructInit                         0x0800336d   Thumb Code    18  stm32f10x_tim.o(.text)
    TIM_BDTRStructInit                       0x0800337f   Thumb Code    18  stm32f10x_tim.o(.text)
    TIM_Cmd                                  0x08003391   Thumb Code    24  stm32f10x_tim.o(.text)
    TIM_CtrlPWMOutputs                       0x080033a9   Thumb Code    50  stm32f10x_tim.o(.text)
    TIM_ITConfig                             0x080033db   Thumb Code    24  stm32f10x_tim.o(.text)
    TIM_GenerateEvent                        0x080033f3   Thumb Code     4  stm32f10x_tim.o(.text)
    TIM_DMAConfig                            0x080033f7   Thumb Code    10  stm32f10x_tim.o(.text)
    TIM_DMACmd                               0x08003401   Thumb Code    24  stm32f10x_tim.o(.text)
    TIM_InternalClockConfig                  0x08003419   Thumb Code    12  stm32f10x_tim.o(.text)
    TIM_SelectInputTrigger                   0x08003425   Thumb Code    18  stm32f10x_tim.o(.text)
    TIM_ITRxExternalClockConfig              0x08003437   Thumb Code    24  stm32f10x_tim.o(.text)
    TIM_TIxExternalClockConfig               0x0800344f   Thumb Code    62  stm32f10x_tim.o(.text)
    TIM_ETRConfig                            0x0800348d   Thumb Code    24  stm32f10x_tim.o(.text)
    TIM_ETRClockMode1Config                  0x080034a5   Thumb Code    54  stm32f10x_tim.o(.text)
    TIM_ETRClockMode2Config                  0x080034db   Thumb Code    32  stm32f10x_tim.o(.text)
    TIM_PrescalerConfig                      0x080034fb   Thumb Code     6  stm32f10x_tim.o(.text)
    TIM_CounterModeConfig                    0x08003501   Thumb Code    18  stm32f10x_tim.o(.text)
    TIM_EncoderInterfaceConfig               0x08003513   Thumb Code    62  stm32f10x_tim.o(.text)
    TIM_ForcedOC1Config                      0x08003551   Thumb Code    18  stm32f10x_tim.o(.text)
    TIM_ForcedOC2Config                      0x08003563   Thumb Code    22  stm32f10x_tim.o(.text)
    TIM_ForcedOC3Config                      0x08003579   Thumb Code    18  stm32f10x_tim.o(.text)
    TIM_ForcedOC4Config                      0x0800358b   Thumb Code    22  stm32f10x_tim.o(.text)
    TIM_ARRPreloadConfig                     0x080035a1   Thumb Code    24  stm32f10x_tim.o(.text)
    TIM_SelectCOM                            0x080035b9   Thumb Code    24  stm32f10x_tim.o(.text)
    TIM_SelectCCDMA                          0x080035d1   Thumb Code    24  stm32f10x_tim.o(.text)
    TIM_CCPreloadControl                     0x080035e9   Thumb Code    24  stm32f10x_tim.o(.text)
    TIM_OC1PreloadConfig                     0x08003601   Thumb Code    18  stm32f10x_tim.o(.text)
    TIM_OC2PreloadConfig                     0x08003613   Thumb Code    22  stm32f10x_tim.o(.text)
    TIM_OC3PreloadConfig                     0x08003629   Thumb Code    18  stm32f10x_tim.o(.text)
    TIM_OC4PreloadConfig                     0x0800363b   Thumb Code    22  stm32f10x_tim.o(.text)
    TIM_OC1FastConfig                        0x08003651   Thumb Code    18  stm32f10x_tim.o(.text)
    TIM_OC2FastConfig                        0x08003663   Thumb Code    22  stm32f10x_tim.o(.text)
    TIM_OC3FastConfig                        0x08003679   Thumb Code    18  stm32f10x_tim.o(.text)
    TIM_OC4FastConfig                        0x0800368b   Thumb Code    22  stm32f10x_tim.o(.text)
    TIM_ClearOC1Ref                          0x080036a1   Thumb Code    18  stm32f10x_tim.o(.text)
    TIM_ClearOC2Ref                          0x080036b3   Thumb Code    20  stm32f10x_tim.o(.text)
    TIM_ClearOC3Ref                          0x080036c7   Thumb Code    18  stm32f10x_tim.o(.text)
    TIM_ClearOC4Ref                          0x080036d9   Thumb Code    20  stm32f10x_tim.o(.text)
    TIM_OC1PolarityConfig                    0x080036ed   Thumb Code    18  stm32f10x_tim.o(.text)
    TIM_OC1NPolarityConfig                   0x080036ff   Thumb Code    18  stm32f10x_tim.o(.text)
    TIM_OC2PolarityConfig                    0x08003711   Thumb Code    22  stm32f10x_tim.o(.text)
    TIM_OC2NPolarityConfig                   0x08003727   Thumb Code    22  stm32f10x_tim.o(.text)
    TIM_OC3PolarityConfig                    0x0800373d   Thumb Code    22  stm32f10x_tim.o(.text)
    TIM_OC3NPolarityConfig                   0x08003753   Thumb Code    22  stm32f10x_tim.o(.text)
    TIM_OC4PolarityConfig                    0x08003769   Thumb Code    22  stm32f10x_tim.o(.text)
    TIM_CCxCmd                               0x0800377f   Thumb Code    34  stm32f10x_tim.o(.text)
    TIM_CCxNCmd                              0x080037a1   Thumb Code    34  stm32f10x_tim.o(.text)
    TIM_SelectOCxM                           0x080037c3   Thumb Code    82  stm32f10x_tim.o(.text)
    TIM_UpdateDisableConfig                  0x08003815   Thumb Code    24  stm32f10x_tim.o(.text)
    TIM_UpdateRequestConfig                  0x0800382d   Thumb Code    24  stm32f10x_tim.o(.text)
    TIM_SelectHallSensor                     0x08003845   Thumb Code    24  stm32f10x_tim.o(.text)
    TIM_SelectOnePulseMode                   0x0800385d   Thumb Code    18  stm32f10x_tim.o(.text)
    TIM_SelectOutputTrigger                  0x0800386f   Thumb Code    18  stm32f10x_tim.o(.text)
    TIM_SelectSlaveMode                      0x08003881   Thumb Code    18  stm32f10x_tim.o(.text)
    TIM_SelectMasterSlaveMode                0x08003893   Thumb Code    18  stm32f10x_tim.o(.text)
    TIM_SetCounter                           0x080038a5   Thumb Code     4  stm32f10x_tim.o(.text)
    TIM_SetAutoreload                        0x080038a9   Thumb Code     4  stm32f10x_tim.o(.text)
    TIM_SetCompare1                          0x080038ad   Thumb Code     4  stm32f10x_tim.o(.text)
    TIM_SetCompare2                          0x080038b1   Thumb Code     4  stm32f10x_tim.o(.text)
    TIM_SetCompare3                          0x080038b5   Thumb Code     4  stm32f10x_tim.o(.text)
    TIM_SetCompare4                          0x080038b9   Thumb Code     6  stm32f10x_tim.o(.text)
    TIM_SetClockDivision                     0x080038bf   Thumb Code    18  stm32f10x_tim.o(.text)
    TIM_GetCapture1                          0x080038d1   Thumb Code     6  stm32f10x_tim.o(.text)
    TIM_GetCapture2                          0x080038d7   Thumb Code     6  stm32f10x_tim.o(.text)
    TIM_GetCapture3                          0x080038dd   Thumb Code     6  stm32f10x_tim.o(.text)
    TIM_GetCapture4                          0x080038e3   Thumb Code     8  stm32f10x_tim.o(.text)
    TIM_GetCounter                           0x080038eb   Thumb Code     6  stm32f10x_tim.o(.text)
    TIM_GetPrescaler                         0x080038f1   Thumb Code     6  stm32f10x_tim.o(.text)
    TIM_GetFlagStatus                        0x080038f7   Thumb Code    18  stm32f10x_tim.o(.text)
    TIM_ClearFlag                            0x08003909   Thumb Code     6  stm32f10x_tim.o(.text)
    TIM_GetITStatus                          0x0800390f   Thumb Code    34  stm32f10x_tim.o(.text)
    TIM_ClearITPendingBit                    0x08003931   Thumb Code     6  stm32f10x_tim.o(.text)
    TIM4_Int_Init                            0x08003939   Thumb Code    90  485ann.o(.text)
    turn_master_id                           0x08003993   Thumb Code    34  485ann.o(.text)
    TIM4_IRQHandler                          0x080039b5   Thumb Code   328  485ann.o(.text)
    USART2_IRQHandler                        0x08003afd   Thumb Code   126  485ann.o(.text)
    RS485_Send_Data                          0x08003b7b   Thumb Code    74  485ann.o(.text)
    initmybox                                0x08003bc5   Thumb Code    40  485ann.o(.text)
    comp_16                                  0x08003bed   Thumb Code    22  485ann.o(.text)
    rs485_trans_order                        0x08003c03   Thumb Code    98  485ann.o(.text)
    order_trans_rs485                        0x08003c65   Thumb Code   178  485ann.o(.text)
    heartbeat                                0x08003d17   Thumb Code   126  485ann.o(.text)
    led_on_off                               0x08003d95   Thumb Code     2  485ann.o(.text)
    init_mystatus                            0x08003d97   Thumb Code    30  485ann.o(.text)
    set_now_mystatus                         0x08003db5   Thumb Code    24  485ann.o(.text)
    status_trans_rs485                       0x08003dcd   Thumb Code    70  485ann.o(.text)
    rs485_trans_status                       0x08003e13   Thumb Code    78  485ann.o(.text)
    set_statuslist_1                         0x08003e61   Thumb Code    32  485ann.o(.text)
    set_statuslist_2                         0x08003e81   Thumb Code    32  485ann.o(.text)
    LIGHT                                    0x08003ea1   Thumb Code    70  485ann.o(.text)
    Alarm                                    0x08003ee7   Thumb Code     2  485ann.o(.text)
    key_lcd                                  0x08003ee9   Thumb Code    22  485ann.o(.text)
    temperature                              0x08003eff   Thumb Code    36  485ann.o(.text)
    allphase                                 0x08003f23   Thumb Code   170  485ann.o(.text)
    gonglvyinshu                             0x08003fcd   Thumb Code  1836  485ann.o(.text)
    myled                                    0x080046f9   Thumb Code    22  485ann.o(.text)
    delay_time                               0x0800470f   Thumb Code    12  485ann.o(.text)
    sort_idlenode_list                       0x0800471b   Thumb Code   410  485ann.o(.text)
    inquiry_slave_status                     0x080048b5   Thumb Code   124  485ann.o(.text)
    offset_idlepower                         0x08004931   Thumb Code   352  485ann.o(.text)
    sort_busynode_list                       0x08004a91   Thumb Code   708  485ann.o(.text)
    turn_idlenode_list                       0x08004d55   Thumb Code   766  485ann.o(.text)
    turn_power                               0x08005053   Thumb Code   760  485ann.o(.text)
    sort_busynode_list_asc                   0x0800534b   Thumb Code   738  485ann.o(.text)
    unload_power                             0x0800562d   Thumb Code   418  485ann.o(.text)
    C_unload_power                           0x080057cf   Thumb Code   402  485ann.o(.text)
    offset_idlenode_one_list                 0x08005961   Thumb Code   362  485ann.o(.text)
    scanf_slave_machine                      0x08005acb   Thumb Code    44  485ann.o(.text)
    OS_TaskStatStkChk                        0x08005afd   Thumb Code    54  os_core.o(.text)
    OS_TaskStat                              0x08005b33   Thumb Code   116  os_core.o(.text)
    OS_TaskIdle                              0x08005bdb   Thumb Code    34  os_core.o(.text)
    OS_MemClr                                0x08005c31   Thumb Code    18  os_core.o(.text)
    OSInit                                   0x08005d4f   Thumb Code    44  os_core.o(.text)
    OSIntEnter                               0x08005d7b   Thumb Code    28  os_core.o(.text)
    OSIntExit                                0x08005db1   Thumb Code   112  os_core.o(.text)
    OSSchedLock                              0x08005e21   Thumb Code    50  os_core.o(.text)
    OS_Sched                                 0x08005e53   Thumb Code    88  os_core.o(.text)
    OSSchedUnlock                            0x08005eab   Thumb Code   238  os_core.o(.text)
    OSStart                                  0x08005f99   Thumb Code    48  os_core.o(.text)
    OSStatInit                               0x08005fc9   Thumb Code    62  os_core.o(.text)
    OSTimeTick                               0x08006007   Thumb Code   218  os_core.o(.text)
    OSVersion                                0x080060e1   Thumb Code     6  os_core.o(.text)
    OS_Dummy                                 0x080060e7   Thumb Code     2  os_core.o(.text)
    OS_EventTaskRemove                       0x080060e9   Thumb Code    50  os_core.o(.text)
    OS_EventTaskRdy                          0x0800611b   Thumb Code   124  os_core.o(.text)
    OS_EventTaskWait                         0x08006197   Thumb Code   120  os_core.o(.text)
    OS_EventWaitListInit                     0x0800620f   Thumb Code    28  os_core.o(.text)
    OS_MemCopy                               0x0800622b   Thumb Code    20  os_core.o(.text)
    OS_StrLen                                0x0800623f   Thumb Code    20  os_core.o(.text)
    OS_TCBInit                               0x08006253   Thumb Code   362  os_core.o(.text)
    OSFlagAccept                             0x080063bd   Thumb Code   268  os_flag.o(.text)
    OSFlagCreate                             0x080064c9   Thumb Code    86  os_flag.o(.text)
    OS_FlagUnlink                            0x0800651f   Thumb Code    36  os_flag.o(.text)
    OSFlagDel                                0x080065a3   Thumb Code   214  os_flag.o(.text)
    OSFlagNameGet                            0x08006679   Thumb Code    80  os_flag.o(.text)
    OSFlagNameSet                            0x080066c9   Thumb Code    66  os_flag.o(.text)
    OSFlagPend                               0x080067b3   Thumb Code   636  os_flag.o(.text)
    OSFlagPendGetFlagsRdy                    0x08006a2f   Thumb Code    26  os_flag.o(.text)
    OSFlagPost                               0x08006a49   Thumb Code   324  os_flag.o(.text)
    OSFlagQuery                              0x08006b8d   Thumb Code    48  os_flag.o(.text)
    OS_FlagInit                              0x08006bbd   Thumb Code    78  os_flag.o(.text)
    OSMboxAccept                             0x08006c19   Thumb Code    38  os_mbox.o(.text)
    OSMboxCreate                             0x08006c3f   Thumb Code    68  os_mbox.o(.text)
    OSMboxDel                                0x08006c83   Thumb Code   200  os_mbox.o(.text)
    OSMboxPend                               0x08006d4b   Thumb Code   246  os_mbox.o(.text)
    OSMboxPendAbort                          0x08006e41   Thumb Code   128  os_mbox.o(.text)
    OSMboxPost                               0x08006ec1   Thumb Code    80  os_mbox.o(.text)
    OSMboxPostOpt                            0x08006f11   Thumb Code   120  os_mbox.o(.text)
    OSMboxQuery                              0x08006f89   Thumb Code    76  os_mbox.o(.text)
    OSQAccept                                0x08006fe5   Thumb Code    88  os_q.o(.text)
    OSQCreate                                0x0800703d   Thumb Code   140  os_q.o(.text)
    OSQDel                                   0x080070c9   Thumb Code   236  os_q.o(.text)
    OSQFlush                                 0x080071b5   Thumb Code    36  os_q.o(.text)
    OSQPend                                  0x080071d9   Thumb Code   272  os_q.o(.text)
    OSQPendAbort                             0x080072e9   Thumb Code   128  os_q.o(.text)
    OSQPost                                  0x08007369   Thumb Code   114  os_q.o(.text)
    OSQPostFront                             0x080073db   Thumb Code   136  os_q.o(.text)
    OSQPostOpt                               0x08007463   Thumb Code   182  os_q.o(.text)
    OSQQuery                                 0x08007519   Thumb Code    98  os_q.o(.text)
    OS_QInit                                 0x0800757b   Thumb Code    72  os_q.o(.text)
    OSSemAccept                              0x080075cd   Thumb Code    42  os_sem.o(.text)
    OSSemCreate                              0x080075f7   Thumb Code    68  os_sem.o(.text)
    OSSemDel                                 0x0800763b   Thumb Code   200  os_sem.o(.text)
    OSSemPend                                0x08007703   Thumb Code   222  os_sem.o(.text)
    OSSemPendAbort                           0x080077e1   Thumb Code   128  os_sem.o(.text)
    OSSemPost                                0x08007861   Thumb Code    88  os_sem.o(.text)
    OSSemQuery                               0x080078b9   Thumb Code    76  os_sem.o(.text)
    OSSemSet                                 0x08007905   Thumb Code    66  os_sem.o(.text)
    OSTaskChangePrio                         0x08007959   Thumb Code   326  os_task.o(.text)
    OSTaskCreate                             0x08007a9f   Thumb Code   148  os_task.o(.text)
    OS_TaskStkClr                            0x08007b33   Thumb Code    26  os_task.o(.text)
    OSTaskCreateExt                          0x08007b4d   Thumb Code   170  os_task.o(.text)
    OSTaskDel                                0x08007bf7   Thumb Code   302  os_task.o(.text)
    OSTaskDelReq                             0x08007d25   Thumb Code   146  os_task.o(.text)
    OSTaskNameGet                            0x08007db7   Thumb Code   114  os_task.o(.text)
    OSTaskNameSet                            0x08007e29   Thumb Code    98  os_task.o(.text)
    OSTaskResume                             0x08007e8b   Thumb Code   160  os_task.o(.text)
    OSTaskStkChk                             0x08007f2b   Thumb Code   132  os_task.o(.text)
    OSTaskSuspend                            0x08007faf   Thumb Code   160  os_task.o(.text)
    OSTaskQuery                              0x0800804f   Thumb Code    82  os_task.o(.text)
    OSTaskRegGet                             0x080080a1   Thumb Code    60  os_task.o(.text)
    OSTaskRegSet                             0x080080dd   Thumb Code    62  os_task.o(.text)
    OS_TaskReturn                            0x0800811b   Thumb Code    18  os_task.o(.text)
    OSTimeDly                                0x08008145   Thumb Code   108  os_time.o(.text)
    OSTimeDlyHMSM                            0x080081b1   Thumb Code    86  os_time.o(.text)
    OSTimeDlyResume                          0x08008207   Thumb Code   176  os_time.o(.text)
    OSTimeGet                                0x080082b7   Thumb Code    24  os_time.o(.text)
    OSTimeSet                                0x080082cf   Thumb Code    24  os_time.o(.text)
    OS_CPU_SR_Save                           0x08008305   Thumb Code     0  os_cpu_a.o(.text)
    OS_CPU_SR_Restore                        0x0800830d   Thumb Code     0  os_cpu_a.o(.text)
    OSStartHighRdy                           0x08008313   Thumb Code     0  os_cpu_a.o(.text)
    OSCtxSw                                  0x08008335   Thumb Code     0  os_cpu_a.o(.text)
    OSIntCtxSw                               0x08008343   Thumb Code     0  os_cpu_a.o(.text)
    PendSV_Handler                           0x08008353   Thumb Code     0  os_cpu_a.o(.text)
    OSInitHookBegin                          0x080083b9   Thumb Code     2  os_cpu_c.o(.text)
    OSInitHookEnd                            0x080083bb   Thumb Code     2  os_cpu_c.o(.text)
    OSTaskCreateHook                         0x080083bd   Thumb Code     2  os_cpu_c.o(.text)
    OSTaskDelHook                            0x080083bf   Thumb Code     2  os_cpu_c.o(.text)
    OSTaskIdleHook                           0x080083c1   Thumb Code     2  os_cpu_c.o(.text)
    OSTaskStatHook                           0x080083c3   Thumb Code     2  os_cpu_c.o(.text)
    OSTaskStkInit                            0x080083c5   Thumb Code   154  os_cpu_c.o(.text)
    OSTaskSwHook                             0x0800845f   Thumb Code     2  os_cpu_c.o(.text)
    OSTCBInitHook                            0x08008461   Thumb Code     2  os_cpu_c.o(.text)
    OSTimeTickHook                           0x08008463   Thumb Code     2  os_cpu_c.o(.text)
    OSTaskReturnHook                         0x08008465   Thumb Code     2  os_cpu_c.o(.text)
    cr4_fft_256_stm32                        0x08008469   Thumb Code     0  cr4_fft_256_stm32.o(.text)
    __use_no_semihosting                     0x08008a47   Thumb Code     2  use_no_semi_2.o(.text)
    __use_two_region_memory                  0x08008a49   Thumb Code     2  heapauxi.o(.text)
    __rt_heap_escrow$2region                 0x08008a4b   Thumb Code     2  heapauxi.o(.text)
    __rt_heap_expand$2region                 0x08008a4d   Thumb Code     2  heapauxi.o(.text)
    __I$use$semihosting                      0x08008a4f   Thumb Code     0  use_no_semi.o(.text)
    __use_no_semihosting_swi                 0x08008a4f   Thumb Code     2  use_no_semi.o(.text)
    __read_errno                             0x08008a51   Thumb Code    10  _rserrno.o(.text)
    __set_errno                              0x08008a5b   Thumb Code    12  _rserrno.o(.text)
    __aeabi_errno_addr                       0x08008a69   Thumb Code     8  rt_errno_addr_intlibspace.o(.text)
    __errno$intlibspace                      0x08008a69   Thumb Code     0  rt_errno_addr_intlibspace.o(.text)
    __rt_errno_addr$intlibspace              0x08008a69   Thumb Code     0  rt_errno_addr_intlibspace.o(.text)
    __user_libspace                          0x08008a71   Thumb Code     8  libspace.o(.text)
    __user_perproc_libspace                  0x08008a71   Thumb Code     0  libspace.o(.text)
    __user_perthread_libspace                0x08008a71   Thumb Code     0  libspace.o(.text)
    __user_setup_stackheap                   0x08008a79   Thumb Code    74  sys_stackheap_outer.o(.text)
    exit                                     0x08008ac3   Thumb Code    12  exit.o(.text)
    __rt_fp_status_addr                      0x08008ad1   Thumb Code     8  rt_fp_status_addr_intlibspace.o(.text)
    __ARM_fpclassify                         0x08008ad9   Thumb Code    40  fpclassify.o(i.__ARM_fpclassify)
    __ieee754_rem_pio2                       0x08008b01   Thumb Code   828  rred.o(i.__ieee754_rem_pio2)
    __kernel_cos                             0x08008e85   Thumb Code   230  cos_i.o(i.__kernel_cos)
    __kernel_poly                            0x08008f81   Thumb Code   170  poly.o(i.__kernel_poly)
    __kernel_sin                             0x0800902d   Thumb Code   224  sin_i.o(i.__kernel_sin)
    __mathlib_dbl_underflow                  0x08009119   Thumb Code    10  dunder.o(i.__mathlib_dbl_underflow)
    atan                                     0x08009129   Thumb Code   478  atan.o(i.atan)
    atan2                                    0x0800934d   Thumb Code   346  atan2.o(i.atan2)
    cos                                      0x080094cd   Thumb Code   164  cos.o(i.cos)
    sin                                      0x08009579   Thumb Code   166  sin.o(i.sin)
    sqrt                                     0x08009629   Thumb Code    76  sqrt.o(i.sqrt)
    __aeabi_d2f                              0x08009675   Thumb Code     0  d2f.o(x$fpl$d2f)
    _d2f                                     0x08009675   Thumb Code    98  d2f.o(x$fpl$d2f)
    __aeabi_dadd                             0x080096d9   Thumb Code     0  daddsub_clz.o(x$fpl$dadd)
    _dadd                                    0x080096d9   Thumb Code   332  daddsub_clz.o(x$fpl$dadd)
    __fpl_dcheck_NaN1                        0x08009829   Thumb Code    10  dcheck1.o(x$fpl$dcheck1)
    __fpl_dcmp_Inf                           0x08009839   Thumb Code    24  dcmpi.o(x$fpl$dcmpinf)
    __aeabi_ddiv                             0x08009851   Thumb Code     0  ddiv.o(x$fpl$ddiv)
    _ddiv                                    0x08009851   Thumb Code   552  ddiv.o(x$fpl$ddiv)
    __aeabi_d2iz                             0x08009b01   Thumb Code     0  dfix.o(x$fpl$dfix)
    _dfix                                    0x08009b01   Thumb Code    94  dfix.o(x$fpl$dfix)
    __aeabi_d2uiz                            0x08009b61   Thumb Code     0  dfixu.o(x$fpl$dfixu)
    _dfixu                                   0x08009b61   Thumb Code    90  dfixu.o(x$fpl$dfixu)
    __aeabi_i2d                              0x08009bbb   Thumb Code     0  dflt_clz.o(x$fpl$dflt)
    _dflt                                    0x08009bbb   Thumb Code    46  dflt_clz.o(x$fpl$dflt)
    __aeabi_ui2d                             0x08009be9   Thumb Code     0  dflt_clz.o(x$fpl$dfltu)
    _dfltu                                   0x08009be9   Thumb Code    38  dflt_clz.o(x$fpl$dfltu)
    __aeabi_cdcmple                          0x08009c11   Thumb Code     0  dleqf.o(x$fpl$dleqf)
    _dcmple                                  0x08009c11   Thumb Code   120  dleqf.o(x$fpl$dleqf)
    __fpl_dcmple_InfNaN                      0x08009c73   Thumb Code     0  dleqf.o(x$fpl$dleqf)
    __aeabi_dmul                             0x08009c89   Thumb Code     0  dmul.o(x$fpl$dmul)
    _dmul                                    0x08009c89   Thumb Code   332  dmul.o(x$fpl$dmul)
    __fpl_dnaninf                            0x08009ddd   Thumb Code   156  dnaninf.o(x$fpl$dnaninf)
    __fpl_dretinf                            0x08009e79   Thumb Code    12  dretinf.o(x$fpl$dretinf)
    __aeabi_cdrcmple                         0x08009e85   Thumb Code     0  drleqf.o(x$fpl$drleqf)
    _drcmple                                 0x08009e85   Thumb Code   108  drleqf.o(x$fpl$drleqf)
    __aeabi_drsub                            0x08009ef1   Thumb Code     0  daddsub_clz.o(x$fpl$drsb)
    _drsb                                    0x08009ef1   Thumb Code    22  daddsub_clz.o(x$fpl$drsb)
    _dsqrt                                   0x08009f09   Thumb Code   456  dsqrt_noumaal.o(x$fpl$dsqrt)
    __aeabi_dsub                             0x0800a0d5   Thumb Code     0  daddsub_clz.o(x$fpl$dsub)
    _dsub                                    0x0800a0d5   Thumb Code   464  daddsub_clz.o(x$fpl$dsub)
    __aeabi_f2d                              0x0800a2a9   Thumb Code     0  f2d.o(x$fpl$f2d)
    _f2d                                     0x0800a2a9   Thumb Code    86  f2d.o(x$fpl$f2d)
    __aeabi_fadd                             0x0800a301   Thumb Code     0  faddsub_clz.o(x$fpl$fadd)
    _fadd                                    0x0800a301   Thumb Code   196  faddsub_clz.o(x$fpl$fadd)
    __aeabi_fdiv                             0x0800a3c5   Thumb Code     0  fdiv.o(x$fpl$fdiv)
    _fdiv                                    0x0800a3c5   Thumb Code   384  fdiv.o(x$fpl$fdiv)
    __aeabi_f2iz                             0x0800a549   Thumb Code     0  ffix.o(x$fpl$ffix)
    _ffix                                    0x0800a549   Thumb Code    54  ffix.o(x$fpl$ffix)
    __aeabi_f2uiz                            0x0800a581   Thumb Code     0  ffixu.o(x$fpl$ffixu)
    _ffixu                                   0x0800a581   Thumb Code    62  ffixu.o(x$fpl$ffixu)
    __aeabi_i2f                              0x0800a5c1   Thumb Code     0  fflt_clz.o(x$fpl$fflt)
    _fflt                                    0x0800a5c1   Thumb Code    48  fflt_clz.o(x$fpl$fflt)
    __aeabi_ui2f                             0x0800a5f1   Thumb Code     0  fflt_clz.o(x$fpl$ffltu)
    _ffltu                                   0x0800a5f1   Thumb Code    38  fflt_clz.o(x$fpl$ffltu)
    __aeabi_fmul                             0x0800a619   Thumb Code     0  fmul.o(x$fpl$fmul)
    _fmul                                    0x0800a619   Thumb Code   258  fmul.o(x$fpl$fmul)
    __fpl_fnaninf                            0x0800a71b   Thumb Code   140  fnaninf.o(x$fpl$fnaninf)
    _fp_init                                 0x0800a7a7   Thumb Code    14  fpinit.o(x$fpl$fpinit)
    __fplib_config_pureend_doubles           0x0800a7b3   Thumb Code     0  fpinit.o(x$fpl$fpinit)
    __fpl_fretinf                            0x0800a7b5   Thumb Code    10  fretinf.o(x$fpl$fretinf)
    __aeabi_fsub                             0x0800a7c1   Thumb Code     0  faddsub_clz.o(x$fpl$fsub)
    _fsub                                    0x0800a7c1   Thumb Code   234  faddsub_clz.o(x$fpl$fsub)
    __fpl_return_NaN                         0x0800a8ab   Thumb Code   100  retnan.o(x$fpl$retnan)
    __ARM_scalbn                             0x0800a90f   Thumb Code    92  scalbn.o(x$fpl$scalbn)
    __fpl_cmpreturn                          0x0800a96b   Thumb Code    48  trapv.o(x$fpl$trapveneer)
    OSUnMapTbl                               0x0800a99a   Data         256  os_core.o(.constdata)
    __I$use$fp                               0x0800a99b   Thumb Code     0  usenofp.o(x$fpl$usenofp)
    __mathlib_zero                           0x0800ab68   Data           8  qnan.o(.constdata)
    Region$$Table$$Base                      0x0800ac60   Number         0  anon$$obj.o(Region$$Table)
    Region$$Table$$Limit                     0x0800ac80   Number         0  anon$$obj.o(Region$$Table)
    led_lock                                 0x20000000   Data           1  main.o(.data)
    init                                     0x20000001   Data           1  main.o(.data)
    SystemCoreClock                          0x20000004   Data           4  system_stm32f10x.o(.data)
    AHBPrescTable                            0x20000008   Data          16  system_stm32f10x.o(.data)
    num456Seg                                0x20000018   Data          20  ht1621.o(.data)
    num1237Seg                               0x2000002c   Data          20  ht1621.o(.data)
    grafnum                                  0x20000041   Data           1  key.o(.data)
    zhongduan_flag                           0x20000042   Data           1  key.o(.data)
    id_num                                   0x20000043   Data           1  key.o(.data)
    vernum                                   0x20000044   Data           1  key.o(.data)
    hguestnum                                0x20000045   Data           1  key.o(.data)
    gonglvshishu                             0x20000046   Data           1  key.o(.data)
    dianya_zhi                               0x20000048   Data           2  key.o(.data)
    wugongkvar                               0x2000004a   Data           2  key.o(.data)
    dianliuzhi                               0x2000004c   Data           4  key.o(.data)
    tempshuzhi                               0x20000050   Data           1  key.o(.data)
    USART_RX_STA                             0x20000058   Data           2  usart.o(.data)
    __stdout                                 0x2000005c   Data           4  usart.o(.data)
    RS485_RX_CNT                             0x20000074   Data           1  485ann.o(.data)
    dog_clock                                0x20000076   Data           2  485ann.o(.data)
    cont                                     0x20000078   Data           1  485ann.o(.data)
    life_time_1                              0x2000007c   Data           4  485ann.o(.data)
    life_time_2                              0x20000080   Data           4  485ann.o(.data)
    idle_time                                0x20000084   Data           4  485ann.o(.data)
    scan_time                                0x20000088   Data           4  485ann.o(.data)
    true_worktime1_flag                      0x2000008c   Data           1  485ann.o(.data)
    true_worktime2_flag                      0x2000008d   Data           1  485ann.o(.data)
    turn_flag                                0x2000008e   Data           1  485ann.o(.data)
    turn_label_idle                          0x2000008f   Data           1  485ann.o(.data)
    done_list1_flag                          0x20000090   Data           1  485ann.o(.data)
    done_list2_flag                          0x20000091   Data           1  485ann.o(.data)
    done_count_1                             0x20000092   Data           1  485ann.o(.data)
    done_count_2                             0x20000093   Data           1  485ann.o(.data)
    alarm_lock                               0x20000094   Data           1  485ann.o(.data)
    phase_zhi                                0x20000095   Data           1  485ann.o(.data)
    RS485_MBOX                               0x20000098   Data           4  485ann.o(.data)
    RS485_STUTAS_MBOX                        0x2000009c   Data           4  485ann.o(.data)
    Heartbeat                                0x200000a0   Data           4  485ann.o(.data)
    master_led_task                          0x200000a4   Data           4  485ann.o(.data)
    scan_slave                               0x200000a8   Data           4  485ann.o(.data)
    m1_opentime                              0x200000ac   Data           2  485ann.o(.data)
    m2_opentime                              0x200000ae   Data           2  485ann.o(.data)
    m1_closetime                             0x200000b0   Data           2  485ann.o(.data)
    m2_closetime                             0x200000b2   Data           2  485ann.o(.data)
    mystatus                                 0x200000b4   Data           7  485ann.o(.data)
    wugong_95                                0x200000bc   Data           2  485ann.o(.data)
    wugong_computer                          0x200000be   Data           2  485ann.o(.data)
    L_C_flag                                 0x200000c0   Data           1  485ann.o(.data)
    OSCtxSwCtr                               0x200000c4   Data           4  os_core.o(.data)
    OSEventFreeList                          0x200000c8   Data           4  os_core.o(.data)
    OSFlagFreeList                           0x200000cc   Data           4  os_core.o(.data)
    OSCPUUsage                               0x200000d0   Data           1  os_core.o(.data)
    OSIdleCtrMax                             0x200000d4   Data           4  os_core.o(.data)
    OSIdleCtrRun                             0x200000d8   Data           4  os_core.o(.data)
    OSStatRdy                                0x200000dc   Data           1  os_core.o(.data)
    OSIntNesting                             0x200000dd   Data           1  os_core.o(.data)
    OSLockNesting                            0x200000de   Data           1  os_core.o(.data)
    OSPrioCur                                0x200000df   Data           1  os_core.o(.data)
    OSPrioHighRdy                            0x200000e0   Data           1  os_core.o(.data)
    OSRdyGrp                                 0x200000e1   Data           1  os_core.o(.data)
    OSRdyTbl                                 0x200000e2   Data           8  os_core.o(.data)
    OSRunning                                0x200000ea   Data           1  os_core.o(.data)
    OSTaskCtr                                0x200000eb   Data           1  os_core.o(.data)
    OSIdleCtr                                0x200000ec   Data           4  os_core.o(.data)
    OSTCBCur                                 0x200000f0   Data           4  os_core.o(.data)
    OSTCBFreeList                            0x200000f4   Data           4  os_core.o(.data)
    OSTCBHighRdy                             0x200000f8   Data           4  os_core.o(.data)
    OSTCBList                                0x200000fc   Data           4  os_core.o(.data)
    OSTickStepState                          0x20000100   Data           1  os_core.o(.data)
    OSQFreeList                              0x20000104   Data           4  os_core.o(.data)
    OSTime                                   0x20000108   Data           4  os_core.o(.data)
    SETID_TASK_STK                           0x2000010c   Data         256  main.o(.bss)
    MASTER_TASK_STK                          0x2000020c   Data         256  main.o(.bss)
    Receive_TASK_STK                         0x2000030c   Data         256  main.o(.bss)
    SCAN_TASK_STK                            0x2000040c   Data         256  main.o(.bss)
    MASTERLED_TASK_STK                       0x2000050c   Data         512  main.o(.bss)
    MYLED_TASK_STK                           0x2000070c   Data         512  main.o(.bss)
    START_TASK_STK                           0x2000090c   Data         256  main.o(.bss)
    USART_RX_BUF                             0x20000a0c   Data         200  usart.o(.bss)
    RS485_RX_BUF                             0x20000ad8   Data         128  485ann.o(.bss)
    mybox                                    0x20000b58   Data           9  485ann.o(.bss)
    sort_idle_list_1                         0x20000b61   Data          66  485ann.o(.bss)
    sort_idle_list_2                         0x20000ba3   Data          66  485ann.o(.bss)
    turn_idle_list                           0x20000be5   Data         195  485ann.o(.bss)
    sort_busy_list_1                         0x20000ca8   Data          99  485ann.o(.bss)
    sort_busy_list_2                         0x20000d0b   Data          99  485ann.o(.bss)
    system_status_list_1                     0x20000d6e   Data         132  485ann.o(.bss)
    system_status_list_2                     0x20000df2   Data         132  485ann.o(.bss)
    idle_done_nodelist_1                     0x20000e76   Data          33  485ann.o(.bss)
    idle_done_nodelist_2                     0x20000e97   Data          33  485ann.o(.bss)
    slave                                    0x20000eb8   Data          33  485ann.o(.bss)
    rs485buf                                 0x20000ed9   Data          15  485ann.o(.bss)
    statusbuf                                0x20000ee8   Data          10  485ann.o(.bss)
    lBUFIN_V                                 0x20000ef4   Data        2048  485ann.o(.bss)
    lBUFOUT_V                                0x200016f4   Data        1024  485ann.o(.bss)
    lBUFIN_I                                 0x20001af4   Data        2048  485ann.o(.bss)
    lBUFOUT_I                                0x200022f4   Data        1024  485ann.o(.bss)
    angle                                    0x200026f8   Data          24  485ann.o(.bss)
    OSEventTbl                               0x20002710   Data         200  os_core.o(.bss)
    OSFlagTbl                                0x200027d8   Data          80  os_core.o(.bss)
    OSTaskStatStk                            0x20002828   Data         512  os_core.o(.bss)
    OSTaskIdleStk                            0x20002a28   Data         512  os_core.o(.bss)
    OSTCBPrioTbl                             0x20002c28   Data         256  os_core.o(.bss)
    OSTCBTbl                                 0x20002d28   Data        1008  os_core.o(.bss)
    OSQTbl                                   0x20003118   Data         120  os_core.o(.bss)
    __libspace_start                         0x20003190   Data          96  libspace.o(.bss)
    __temporary_stack_top$libspace           0x200031f0   Data           0  libspace.o(.bss)



==============================================================================

Memory Map of the image

  Image Entry point : 0x08000131

  Load Region LR_IROM1 (Base: 0x08000000, Size: 0x0000ad8c, Max: 0x00020000, ABSOLUTE)

    Execution Region ER_IROM1 (Base: 0x08000000, Size: 0x0000ac80, Max: 0x00020000, ABSOLUTE)

    Base Addr    Size         Type   Attr      Idx    E Section Name        Object

    0x08000000   0x00000130   Data   RO          495    RESET               startup_stm32f10x_hd.o
    0x08000130   0x00000008   Code   RO         1311  * !!!main             c_w.l(__main.o)
    0x08000138   0x00000034   Code   RO         1630    !!!scatter          c_w.l(__scatter.o)
    0x0800016c   0x0000001a   Code   RO         1632    !!handler_copy      c_w.l(__scatter_copy.o)
    0x08000186   0x00000002   PAD
    0x08000188   0x0000001c   Code   RO         1634    !!handler_zi        c_w.l(__scatter_zi.o)
    0x080001a4   0x00000006   Code   RO         1503    .ARM.Collect$$libinit$$00000000  c_w.l(libinit.o)
    0x080001aa   0x00000000   Code   RO         1510    .ARM.Collect$$libinit$$00000006  c_w.l(libinit2.o)
    0x080001aa   0x00000000   Code   RO         1512    .ARM.Collect$$libinit$$00000008  c_w.l(libinit2.o)
    0x080001aa   0x00000000   Code   RO         1514    .ARM.Collect$$libinit$$0000000A  c_w.l(libinit2.o)
    0x080001aa   0x00000000   Code   RO         1517    .ARM.Collect$$libinit$$0000000D  c_w.l(libinit2.o)
    0x080001aa   0x00000000   Code   RO         1519    .ARM.Collect$$libinit$$0000000F  c_w.l(libinit2.o)
    0x080001aa   0x00000000   Code   RO         1521    .ARM.Collect$$libinit$$00000011  c_w.l(libinit2.o)
    0x080001aa   0x00000000   Code   RO         1523    .ARM.Collect$$libinit$$00000013  c_w.l(libinit2.o)
    0x080001aa   0x00000000   Code   RO         1525    .ARM.Collect$$libinit$$00000015  c_w.l(libinit2.o)
    0x080001aa   0x00000000   Code   RO         1527    .ARM.Collect$$libinit$$00000017  c_w.l(libinit2.o)
    0x080001aa   0x00000000   Code   RO         1529    .ARM.Collect$$libinit$$00000019  c_w.l(libinit2.o)
    0x080001aa   0x00000000   Code   RO         1531    .ARM.Collect$$libinit$$0000001B  c_w.l(libinit2.o)
    0x080001aa   0x00000000   Code   RO         1533    .ARM.Collect$$libinit$$0000001D  c_w.l(libinit2.o)
    0x080001aa   0x00000000   Code   RO         1535    .ARM.Collect$$libinit$$0000001F  c_w.l(libinit2.o)
    0x080001aa   0x00000000   Code   RO         1537    .ARM.Collect$$libinit$$00000021  c_w.l(libinit2.o)
    0x080001aa   0x00000000   Code   RO         1541    .ARM.Collect$$libinit$$00000028  c_w.l(libinit2.o)
    0x080001aa   0x00000000   Code   RO         1543    .ARM.Collect$$libinit$$0000002A  c_w.l(libinit2.o)
    0x080001aa   0x00000000   Code   RO         1545    .ARM.Collect$$libinit$$0000002C  c_w.l(libinit2.o)
    0x080001aa   0x00000000   Code   RO         1547    .ARM.Collect$$libinit$$0000002E  c_w.l(libinit2.o)
    0x080001aa   0x00000002   Code   RO         1548    .ARM.Collect$$libinit$$0000002F  c_w.l(libinit2.o)
    0x080001ac   0x00000002   Code   RO         1573    .ARM.Collect$$libshutdown$$00000000  c_w.l(libshutdown.o)
    0x080001ae   0x00000000   Code   RO         1584    .ARM.Collect$$libshutdown$$00000003  c_w.l(libshutdown2.o)
    0x080001ae   0x00000000   Code   RO         1587    .ARM.Collect$$libshutdown$$00000006  c_w.l(libshutdown2.o)
    0x080001ae   0x00000000   Code   RO         1590    .ARM.Collect$$libshutdown$$00000009  c_w.l(libshutdown2.o)
    0x080001ae   0x00000000   Code   RO         1592    .ARM.Collect$$libshutdown$$0000000B  c_w.l(libshutdown2.o)
    0x080001ae   0x00000000   Code   RO         1595    .ARM.Collect$$libshutdown$$0000000E  c_w.l(libshutdown2.o)
    0x080001ae   0x00000002   Code   RO         1596    .ARM.Collect$$libshutdown$$0000000F  c_w.l(libshutdown2.o)
    0x080001b0   0x00000000   Code   RO         1407    .ARM.Collect$$rtentry$$00000000  c_w.l(rtentry.o)
    0x080001b0   0x00000000   Code   RO         1456    .ARM.Collect$$rtentry$$00000002  c_w.l(rtentry2.o)
    0x080001b0   0x00000006   Code   RO         1468    .ARM.Collect$$rtentry$$00000004  c_w.l(rtentry4.o)
    0x080001b6   0x00000000   Code   RO         1458    .ARM.Collect$$rtentry$$00000009  c_w.l(rtentry2.o)
    0x080001b6   0x00000004   Code   RO         1459    .ARM.Collect$$rtentry$$0000000A  c_w.l(rtentry2.o)
    0x080001ba   0x00000000   Code   RO         1461    .ARM.Collect$$rtentry$$0000000C  c_w.l(rtentry2.o)
    0x080001ba   0x00000008   Code   RO         1462    .ARM.Collect$$rtentry$$0000000D  c_w.l(rtentry2.o)
    0x080001c2   0x00000002   Code   RO         1506    .ARM.Collect$$rtexit$$00000000  c_w.l(rtexit.o)
    0x080001c4   0x00000000   Code   RO         1554    .ARM.Collect$$rtexit$$00000002  c_w.l(rtexit2.o)
    0x080001c4   0x00000004   Code   RO         1555    .ARM.Collect$$rtexit$$00000003  c_w.l(rtexit2.o)
    0x080001c8   0x00000006   Code   RO         1556    .ARM.Collect$$rtexit$$00000004  c_w.l(rtexit2.o)
    0x080001ce   0x00000002   PAD
    0x080001d0   0x000005bc   Code   RO            3    .text               main.o
    0x0800078c   0x00000016   Code   RO          149    .text               stm32f10x_it.o
    0x080007a2   0x00000002   PAD
    0x080007a4   0x000001c8   Code   RO          200    .text               system_stm32f10x.o
    0x0800096c   0x00000294   Code   RO          246    .text               myiic.o
    0x08000c00   0x00000172   Code   RO          269    .text               24cxx.o
    0x08000d72   0x00000002   PAD
    0x08000d74   0x00000190   Code   RO          289    .text               adc.o
    0x08000f04   0x000000d8   Code   RO          312    .text               rs485.o
    0x08000fdc   0x000006b0   Code   RO          332    .text               ht1621.o
    0x0800168c   0x00000238   Code   RO          358    .text               key.o
    0x080018c4   0x00000114   Code   RO          412    .text               delay.o
    0x080019d8   0x0000000c   Code   RO          434    .text               sys.o
    0x080019e4   0x00000148   Code   RO          454    .text               usart.o
    0x08001b2c   0x00000040   Code   RO          496    .text               startup_stm32f10x_hd.o
    0x08001b6c   0x000000dc   Code   RO          502    .text               misc.o
    0x08001c48   0x00000358   Code   RO          542    .text               stm32f10x_gpio.o
    0x08001fa0   0x000003a0   Code   RO          562    .text               stm32f10x_rcc.o
    0x08002340   0x0000040c   Code   RO          604    .text               stm32f10x_usart.o
    0x0800274c   0x0000043c   Code   RO          624    .text               stm32f10x_adc.o
    0x08002b88   0x00000dae   Code   RO          874    .text               stm32f10x_tim.o
    0x08003936   0x00000002   PAD
    0x08003938   0x000021c4   Code   RO          920    .text               485ann.o
    0x08005afc   0x000008c0   Code   RO          951    .text               os_core.o
    0x080063bc   0x0000085c   Code   RO          979    .text               os_flag.o
    0x08006c18   0x000003cc   Code   RO          999    .text               os_mbox.o
    0x08006fe4   0x000005e8   Code   RO         1053    .text               os_q.o
    0x080075cc   0x0000038c   Code   RO         1073    .text               os_sem.o
    0x08007958   0x000007ec   Code   RO         1093    .text               os_task.o
    0x08008144   0x000001c0   Code   RO         1113    .text               os_time.o
    0x08008304   0x000000b4   Code   RO         1145    .text               os_cpu_a.o
    0x080083b8   0x000000ae   Code   RO         1150    .text               os_cpu_c.o
    0x08008466   0x00000002   PAD
    0x08008468   0x000005de   Code   RO         1241    .text               cr4_fft_256_stm32.o
    0x08008a46   0x00000002   Code   RO         1258    .text               c_w.l(use_no_semi_2.o)
    0x08008a48   0x00000006   Code   RO         1309    .text               c_w.l(heapauxi.o)
    0x08008a4e   0x00000002   Code   RO         1405    .text               c_w.l(use_no_semi.o)
    0x08008a50   0x00000016   Code   RO         1408    .text               c_w.l(_rserrno.o)
    0x08008a66   0x00000002   PAD
    0x08008a68   0x00000008   Code   RO         1473    .text               c_w.l(rt_errno_addr_intlibspace.o)
    0x08008a70   0x00000008   Code   RO         1489    .text               c_w.l(libspace.o)
    0x08008a78   0x0000004a   Code   RO         1492    .text               c_w.l(sys_stackheap_outer.o)
    0x08008ac2   0x0000000c   Code   RO         1496    .text               c_w.l(exit.o)
    0x08008ace   0x00000002   PAD
    0x08008ad0   0x00000008   Code   RO         1563    .text               c_w.l(rt_fp_status_addr_intlibspace.o)
    0x08008ad8   0x00000028   Code   RO         1485    i.__ARM_fpclassify  m_ws.l(fpclassify.o)
    0x08008b00   0x00000384   Code   RO         1444    i.__ieee754_rem_pio2  m_ws.l(rred.o)
    0x08008e84   0x000000fc   Code   RO         1440    i.__kernel_cos      m_ws.l(cos_i.o)
    0x08008f80   0x000000aa   Code   RO         1487    i.__kernel_poly     m_ws.l(poly.o)
    0x0800902a   0x00000002   PAD
    0x0800902c   0x000000ec   Code   RO         1449    i.__kernel_sin      m_ws.l(sin_i.o)
    0x08009118   0x00000010   Code   RO         1483    i.__mathlib_dbl_underflow  m_ws.l(dunder.o)
    0x08009128   0x00000224   Code   RO         1431    i.atan              m_ws.l(atan.o)
    0x0800934c   0x00000180   Code   RO         1374    i.atan2             m_ws.l(atan2.o)
    0x080094cc   0x000000ac   Code   RO         1382    i.cos               m_ws.l(cos.o)
    0x08009578   0x000000b0   Code   RO         1390    i.sin               m_ws.l(sin.o)
    0x08009628   0x0000004c   Code   RO         1398    i.sqrt              m_ws.l(sqrt.o)
    0x08009674   0x00000062   Code   RO         1313    x$fpl$d2f           fz_ws.l(d2f.o)
    0x080096d6   0x00000002   PAD
    0x080096d8   0x00000150   Code   RO         1315    x$fpl$dadd          fz_ws.l(daddsub_clz.o)
    0x08009828   0x00000010   Code   RO         1481    x$fpl$dcheck1       fz_ws.l(dcheck1.o)
    0x08009838   0x00000018   Code   RO         1415    x$fpl$dcmpinf       fz_ws.l(dcmpi.o)
    0x08009850   0x000002b0   Code   RO         1322    x$fpl$ddiv          fz_ws.l(ddiv.o)
    0x08009b00   0x0000005e   Code   RO         1325    x$fpl$dfix          fz_ws.l(dfix.o)
    0x08009b5e   0x00000002   PAD
    0x08009b60   0x0000005a   Code   RO         1329    x$fpl$dfixu         fz_ws.l(dfixu.o)
    0x08009bba   0x0000002e   Code   RO         1334    x$fpl$dflt          fz_ws.l(dflt_clz.o)
    0x08009be8   0x00000026   Code   RO         1333    x$fpl$dfltu         fz_ws.l(dflt_clz.o)
    0x08009c0e   0x00000002   PAD
    0x08009c10   0x00000078   Code   RO         1339    x$fpl$dleqf         fz_ws.l(dleqf.o)
    0x08009c88   0x00000154   Code   RO         1341    x$fpl$dmul          fz_ws.l(dmul.o)
    0x08009ddc   0x0000009c   Code   RO         1417    x$fpl$dnaninf       fz_ws.l(dnaninf.o)
    0x08009e78   0x0000000c   Code   RO         1419    x$fpl$dretinf       fz_ws.l(dretinf.o)
    0x08009e84   0x0000006c   Code   RO         1343    x$fpl$drleqf        fz_ws.l(drleqf.o)
    0x08009ef0   0x00000016   Code   RO         1316    x$fpl$drsb          fz_ws.l(daddsub_clz.o)
    0x08009f06   0x00000002   PAD
    0x08009f08   0x000001cc   Code   RO         1421    x$fpl$dsqrt         fz_ws.l(dsqrt_noumaal.o)
    0x0800a0d4   0x000001d4   Code   RO         1317    x$fpl$dsub          fz_ws.l(daddsub_clz.o)
    0x0800a2a8   0x00000056   Code   RO         1345    x$fpl$f2d           fz_ws.l(f2d.o)
    0x0800a2fe   0x00000002   PAD
    0x0800a300   0x000000c4   Code   RO         1347    x$fpl$fadd          fz_ws.l(faddsub_clz.o)
    0x0800a3c4   0x00000184   Code   RO         1354    x$fpl$fdiv          fz_ws.l(fdiv.o)
    0x0800a548   0x00000036   Code   RO         1357    x$fpl$ffix          fz_ws.l(ffix.o)
    0x0800a57e   0x00000002   PAD
    0x0800a580   0x0000003e   Code   RO         1361    x$fpl$ffixu         fz_ws.l(ffixu.o)
    0x0800a5be   0x00000002   PAD
    0x0800a5c0   0x00000030   Code   RO         1366    x$fpl$fflt          fz_ws.l(fflt_clz.o)
    0x0800a5f0   0x00000026   Code   RO         1365    x$fpl$ffltu         fz_ws.l(fflt_clz.o)
    0x0800a616   0x00000002   PAD
    0x0800a618   0x00000102   Code   RO         1371    x$fpl$fmul          fz_ws.l(fmul.o)
    0x0800a71a   0x0000008c   Code   RO         1423    x$fpl$fnaninf       fz_ws.l(fnaninf.o)
    0x0800a7a6   0x0000000e   Code   RO         1549    x$fpl$fpinit        fz_ws.l(fpinit.o)
    0x0800a7b4   0x0000000a   Code   RO         1425    x$fpl$fretinf       fz_ws.l(fretinf.o)
    0x0800a7be   0x00000002   PAD
    0x0800a7c0   0x000000ea   Code   RO         1349    x$fpl$fsub          fz_ws.l(faddsub_clz.o)
    0x0800a8aa   0x00000064   Code   RO         1504    x$fpl$retnan        fz_ws.l(retnan.o)
    0x0800a90e   0x0000005c   Code   RO         1427    x$fpl$scalbn        fz_ws.l(scalbn.o)
    0x0800a96a   0x00000030   Code   RO         1551    x$fpl$trapveneer    fz_ws.l(trapv.o)
    0x0800a99a   0x00000000   Code   RO         1429    x$fpl$usenofp       fz_ws.l(usenofp.o)
    0x0800a99a   0x00000100   Data   RO          953    .constdata          os_core.o
    0x0800aa9a   0x00000006   PAD
    0x0800aaa0   0x00000098   Data   RO         1432    .constdata          m_ws.l(atan.o)
    0x0800ab38   0x00000030   Data   RO         1441    .constdata          m_ws.l(cos_i.o)
    0x0800ab68   0x00000008   Data   RO         1443    .constdata          m_ws.l(qnan.o)
    0x0800ab70   0x000000c8   Data   RO         1446    .constdata          m_ws.l(rred.o)
    0x0800ac38   0x00000028   Data   RO         1450    .constdata          m_ws.l(sin_i.o)
    0x0800ac60   0x00000020   Data   RO         1628    Region$$Table       anon$$obj.o


    Execution Region RW_IRAM1 (Base: 0x20000000, Size: 0x000037f0, Max: 0x00005000, ABSOLUTE)

    Base Addr    Size         Type   Attr      Idx    E Section Name        Object

    0x20000000   0x00000002   Data   RW            5    .data               main.o
    0x20000002   0x00000002   PAD
    0x20000004   0x00000014   Data   RW          201    .data               system_stm32f10x.o
    0x20000018   0x00000028   Data   RW          333    .data               ht1621.o
    0x20000040   0x00000011   Data   RW          359    .data               key.o
    0x20000051   0x00000001   PAD
    0x20000052   0x00000004   Data   RW          413    .data               delay.o
    0x20000056   0x00000002   PAD
    0x20000058   0x00000008   Data   RW          456    .data               usart.o
    0x20000060   0x00000014   Data   RW          563    .data               stm32f10x_rcc.o
    0x20000074   0x0000004d   Data   RW          922    .data               485ann.o
    0x200000c1   0x00000003   PAD
    0x200000c4   0x00000048   Data   RW          954    .data               os_core.o
    0x2000010c   0x00000900   Zero   RW            4    .bss                main.o
    0x20000a0c   0x000000c8   Zero   RW          455    .bss                usart.o
    0x20000ad4   0x00000004   PAD
    0x20000ad8   0x00001c38   Zero   RW          921    .bss                485ann.o
    0x20002710   0x00000a80   Zero   RW          952    .bss                os_core.o
    0x20003190   0x00000060   Zero   RW         1490    .bss                c_w.l(libspace.o)
    0x200031f0   0x00000200   Zero   RW          494    HEAP                startup_stm32f10x_hd.o
    0x200033f0   0x00000400   Zero   RW          493    STACK               startup_stm32f10x_hd.o


==============================================================================

Image component sizes


      Code (inc. data)   RO Data    RW Data    ZI Data      Debug   Object Name

       370          0          0          0          0       2738   24cxx.o
      8644        388          0         77       7224      17574   485ann.o
       400         14          0          0          0      10653   adc.o
      1502       1008          0          0          0        316   cr4_fft_256_stm32.o
       276         20          0          4          0       1410   delay.o
      1712         58          0         40          0       5108   ht1621.o
       568         74          0         17          0       1451   key.o
      1468        128          0          2       2304     247882   main.o
       220         20          0          0          0       1725   misc.o
       660         32          0          0          0       1840   myiic.o
      2240        218        256         72       2688      14831   os_core.o
       180         36          0          0          0        292   os_cpu_a.o
       174          0          0          0          0      10258   os_cpu_c.o
      2140         44          0          0          0       7028   os_flag.o
       972         16          0          0          0       4234   os_mbox.o
      1512         30          0          0          0       5693   os_q.o
       908         18          0          0          0       3966   os_sem.o
      2028         70          0          0          0       7713   os_task.o
       448         30          0          0          0       1810   os_time.o
       216         16          0          0          0        709   rs485.o
        64         26        304          0       1536        760   startup_stm32f10x_hd.o
      1084         26          0          0          0      10945   stm32f10x_adc.o
       856         40          0          0          0       5657   stm32f10x_gpio.o
        22          0          0          0          0        959   stm32f10x_it.o
       928         44          0         20          0       8796   stm32f10x_rcc.o
      3502         86          0          0          0      43140   stm32f10x_tim.o
      1036         20          0          0          0       8404   stm32f10x_usart.o
        12          0          0          0          0        413   sys.o
       456         36          0         20          0       1631   system_stm32f10x.o
       328         18          0          8        200       2966   usart.o

    ----------------------------------------------------------------------
     34934       2516        598        268      13956     430902   Object Totals
         0          0         32          0          0          0   (incl. Generated)
         8          0          6          8          4          0   (incl. Padding)

    ----------------------------------------------------------------------

      Code (inc. data)   RO Data    RW Data    ZI Data      Debug   Library Member Name

         8          0          0          0          0         68   __main.o
        52          8          0          0          0          0   __scatter.o
        26          0          0          0          0          0   __scatter_copy.o
        28          0          0          0          0          0   __scatter_zi.o
        22          0          0          0          0        100   _rserrno.o
        12          0          0          0          0         72   exit.o
         6          0          0          0          0        152   heapauxi.o
         6          0          0          0          0          0   libinit.o
         2          0          0          0          0          0   libinit2.o
         2          0          0          0          0          0   libshutdown.o
         2          0          0          0          0          0   libshutdown2.o
         8          4          0          0         96         68   libspace.o
         8          4          0          0          0         68   rt_errno_addr_intlibspace.o
         8          4          0          0          0         68   rt_fp_status_addr_intlibspace.o
         0          0          0          0          0          0   rtentry.o
        12          0          0          0          0          0   rtentry2.o
         6          0          0          0          0          0   rtentry4.o
         2          0          0          0          0          0   rtexit.o
        10          0          0          0          0          0   rtexit2.o
        74          0          0          0          0         80   sys_stackheap_outer.o
         2          0          0          0          0         68   use_no_semi.o
         2          0          0          0          0         68   use_no_semi_2.o
        98          4          0          0          0         92   d2f.o
       826         16          0          0          0        356   daddsub_clz.o
        16          4          0          0          0         68   dcheck1.o
        24          0          0          0          0         68   dcmpi.o
       688        140          0          0          0        212   ddiv.o
        94          4          0          0          0         92   dfix.o
        90          4          0          0          0         92   dfixu.o
        84          0          0          0          0        136   dflt_clz.o
       120          4          0          0          0         92   dleqf.o
       340         12          0          0          0        104   dmul.o
       156          4          0          0          0         92   dnaninf.o
        12          0          0          0          0         68   dretinf.o
       108          0          0          0          0         80   drleqf.o
       460         56          0          0          0        120   dsqrt_noumaal.o
        86          4          0          0          0         84   f2d.o
       430          8          0          0          0        168   faddsub_clz.o
       388         76          0          0          0         96   fdiv.o
        54          4          0          0          0         84   ffix.o
        62          4          0          0          0         84   ffixu.o
        86          0          0          0          0        136   fflt_clz.o
       258          4          0          0          0         84   fmul.o
       140          4          0          0          0         84   fnaninf.o
        14          0          0          0          0         76   fpinit.o
        10          0          0          0          0         68   fretinf.o
       100          0          0          0          0         68   retnan.o
        92          0          0          0          0         68   scalbn.o
        48          0          0          0          0         68   trapv.o
         0          0          0          0          0          0   usenofp.o
       548         70        152          0          0        128   atan.o
       384         38          0          0          0        144   atan2.o
       172          8          0          0          0        116   cos.o
       252         22         48          0          0        128   cos_i.o
        16          6          0          0          0         68   dunder.o
        40          0          0          0          0         68   fpclassify.o
       170          0          0          0          0         96   poly.o
         0          0          8          0          0          0   qnan.o
       900         72        200          0          0        140   rred.o
       176         10          0          0          0        120   sin.o
       236         12         40          0          0        132   sin_i.o
        76          0          0          0          0         84   sqrt.o

    ----------------------------------------------------------------------
      8180        610        448          0         96       4876   Library Totals
        28          0          0          0          0          0   (incl. Padding)

    ----------------------------------------------------------------------

      Code (inc. data)   RO Data    RW Data    ZI Data      Debug   Library Name

       298         20          0          0         96        812   c_w.l
      4884        352          0          0          0       2840   fz_ws.l
      2970        238        448          0          0       1224   m_ws.l

    ----------------------------------------------------------------------
      8180        610        448          0         96       4876   Library Totals

    ----------------------------------------------------------------------

==============================================================================


      Code (inc. data)   RO Data    RW Data    ZI Data      Debug   

     43114       3126       1046        268      14052     430630   Grand Totals
     43114       3126       1046        268      14052     430630   ELF Image Totals
     43114       3126       1046        268          0          0   ROM Totals

==============================================================================

    Total RO  Size (Code + RO Data)                44160 (  43.13kB)
    Total RW  Size (RW Data + ZI Data)             14320 (  13.98kB)
    Total ROM Size (Code + RO Data + RW Data)      44428 (  43.39kB)

==============================================================================

