ARM Linker, 4.1 [Build 481] [Professional]

==============================================================================

Section Cross References

    main.o(.text) refers to stm32f10x_gpio.o(.text) for GPIO_ResetBits
    main.o(.text) refers to 485ann.o(.text) for set_now_mystatus
    main.o(.text) refers to os_task.o(.text) for OSTaskSuspend
    main.o(.text) refers to os_mbox.o(.text) for OSMboxPend
    main.o(.text) refers to key.o(.text) for key_idset
    main.o(.text) refers to os_sem.o(.text) for OSSemPost
    main.o(.text) refers to delay.o(.text) for delay_ms
    main.o(.text) refers to lcd.o(.text) for LCD_ShowxNum
    main.o(.text) refers to 485ann.o(.bss) for mybox
    main.o(.text) refers to 485ann.o(.data) for mystatus
    main.o(.text) refers to main.o(.data) for led_lock
    main.o(.text) refers to key.o(.data) for hguestnum
    main.o(.text) refers to os_cpu_a.o(.text) for OS_CPU_SR_Save
    main.o(.text) refers to os_core.o(.text) for OSStatInit
    main.o(.text) refers to sys.o(.text) for NVIC_Configuration
    main.o(.text) refers to led.o(.text) for LED_Init
    main.o(.text) refers to ht1621.o(.text) for HT1621_Init
    main.o(.text) refers to 24cxx.o(.text) for AT24CXX_Init
    main.o(.text) refers to adc.o(.text) for Adc_Init
    main.o(.text) refers to usart.o(.text) for uart_init
    main.o(.text) refers to rs485.o(.text) for RS485_Init
    main.o(.text) refers to main.o(.bss) for MASTER_TASK_STK
    system_stm32f10x.o(.text) refers to system_stm32f10x.o(.data) for SystemCoreClock
    led.o(.text) refers to stm32f10x_rcc.o(.text) for RCC_APB2PeriphClockCmd
    led.o(.text) refers to stm32f10x_gpio.o(.text) for GPIO_Init
    myiic.o(.text) refers to delay.o(.text) for delay_us
    24cxx.o(.text) refers to myiic.o(.text) for IIC_Init
    24cxx.o(.text) refers to delay.o(.text) for delay_ms
    adc.o(.text) refers to stm32f10x_rcc.o(.text) for RCC_APB2PeriphClockCmd
    adc.o(.text) refers to stm32f10x_gpio.o(.text) for GPIO_Init
    adc.o(.text) refers to stm32f10x_adc.o(.text) for ADC_DeInit
    rs485.o(.text) refers to stm32f10x_rcc.o(.text) for RCC_APB2PeriphClockCmd
    rs485.o(.text) refers to stm32f10x_gpio.o(.text) for GPIO_Init
    rs485.o(.text) refers to stm32f10x_usart.o(.text) for USART_Init
    rs485.o(.text) refers to misc.o(.text) for NVIC_Init
    ht1621.o(.text) refers to delay.o(.text) for delay_us
    ht1621.o(.text) refers to ht1621.o(.data) for num1237Seg
    key.o(.text) refers to delay.o(.text) for delay_us
    key.o(.text) refers to ht1621.o(.text) for Clera_lcd
    key.o(.text) refers to 24cxx.o(.text) for AT24CXX_WriteOneByte
    key.o(.text) refers to key.o(.data) for m
    lcd.o(.text) refers to _printf_percent.o(.ARM.Collect$$_printf_percent$$00000000) for _printf_percent
    lcd.o(.text) refers to _printf_x.o(.ARM.Collect$$_printf_percent$$0000000C) for _printf_x
    lcd.o(.text) refers to _printf_hex_int.o(.text) for _printf_longlong_hex
    lcd.o(.text) refers to delay.o(.text) for delay_us
    lcd.o(.text) refers to lcd.o(.bss) for lcddev
    lcd.o(.text) refers to stm32f10x_rcc.o(.text) for RCC_AHBPeriphClockCmd
    lcd.o(.text) refers to stm32f10x_gpio.o(.text) for GPIO_Init
    lcd.o(.text) refers to stm32f10x_fsmc.o(.text) for FSMC_NORSRAMInit
    lcd.o(.text) refers to noretval__2printf.o(.text) for __2printf
    lcd.o(.text) refers to lcd.o(.data) for POINT_COLOR
    lcd.o(.text) refers to lcd.o(.constdata) for asc2_1206
    delay.o(.text) refers to os_core.o(.text) for OSIntEnter
    delay.o(.text) refers to misc.o(.text) for SysTick_CLKSourceConfig
    delay.o(.text) refers to os_time.o(.text) for OSTimeDly
    delay.o(.text) refers to system_stm32f10x.o(.data) for SystemCoreClock
    delay.o(.text) refers to delay.o(.data) for fac_us
    delay.o(.text) refers to os_core.o(.data) for OSRunning
    sys.o(.text) refers to misc.o(.text) for NVIC_PriorityGroupConfig
    usart.o(.text) refers (Special) to use_no_semi_2.o(.text) for __use_no_semihosting
    usart.o(.text) refers to stm32f10x_rcc.o(.text) for RCC_APB2PeriphClockCmd
    usart.o(.text) refers to stm32f10x_gpio.o(.text) for GPIO_Init
    usart.o(.text) refers to misc.o(.text) for NVIC_Init
    usart.o(.text) refers to stm32f10x_usart.o(.text) for USART_Init
    usart.o(.text) refers to os_core.o(.text) for OSIntEnter
    usart.o(.text) refers to usart.o(.data) for USART_RX_STA
    usart.o(.text) refers to usart.o(.bss) for USART_RX_BUF
    usart.o(.bss) refers (Special) to use_no_semi_2.o(.text) for __use_no_semihosting
    usart.o(.data) refers (Special) to use_no_semi_2.o(.text) for __use_no_semihosting
    startup_stm32f10x_hd.o(STACK) refers (Special) to heapauxi.o(.text) for __use_two_region_memory
    startup_stm32f10x_hd.o(HEAP) refers (Special) to heapauxi.o(.text) for __use_two_region_memory
    startup_stm32f10x_hd.o(RESET) refers (Special) to heapauxi.o(.text) for __use_two_region_memory
[...]
    fac_ms                                   0x2000005a   Data           2  delay.o(.data)
    .data                                    0x2000005c   Section        8  usart.o(.data)
    .data                                    0x20000064   Section       20  stm32f10x_rcc.o(.data)
    APBAHBPrescTable                         0x20000064   Data          16  stm32f10x_rcc.o(.data)
    ADCPrescTable                            0x20000074   Data           4  stm32f10x_rcc.o(.data)
    .data                                    0x20000078   Section      232  485ann.o(.data)
    .data                                    0x20000160   Section       72  os_core.o(.data)
    .bss                                     0x200001a8   Section     1792  main.o(.bss)
    .bss                                     0x200008a8   Section       10  lcd.o(.bss)
    .bss                                     0x200008b2   Section      200  usart.o(.bss)
    .bss                                     0x2000097a   Section      756  485ann.o(.bss)
    .bss                                     0x20000c70   Section     2688  os_core.o(.bss)
    .bss                                     0x200016f0   Section       96  libspace.o(.bss)
    HEAP                                     0x20001750   Section      512  startup_stm32f10x_hd.o(HEAP)
    Heap_Mem                                 0x20001750   Data         512  startup_stm32f10x_hd.o(HEAP)
    STACK                                    0x20001950   Section     1024  startup_stm32f10x_hd.o(STACK)
    Stack_Mem                                0x20001950   Data        1024  startup_stm32f10x_hd.o(STACK)
    __initial_sp                             0x20001d50   Data           0  startup_stm32f10x_hd.o(STACK)

    Global Symbols

    Symbol Name                              Value     Ov Type        Size  Object(Section)

    BuildAttributes$$THM_ISAv4$P$D$K$B$S$PE$A:L22UL41UL21$X:L11$S22US41US21$IEEE1$IW$USESV6$~STKCKD$USESV7$~SHL$OSPACE$ROPI$EBA8$UX$STANDARDLIB$REQ8$PRES8$EABIv2 0x00000000   Number         0  anon$$obj.o ABSOLUTE
    __ARM_use_no_argv                        0x00000000   Number         0  main.o ABSOLUTE
    __ARM_exceptions_init                     - Undefined Weak Reference
    __alloca_initialize                       - Undefined Weak Reference
    __cpp_initialize__aeabi_                  - Undefined Weak Reference
    __cxa_finalize                            - Undefined Weak Reference
    __rt_locale                               - Undefined Weak Reference
    __sigvec_lookup                           - Undefined Weak Reference
    _atexit_init                              - Undefined Weak Reference
    _call_atexit_fns                          - Undefined Weak Reference
    _clock_init                               - Undefined Weak Reference
    _fp_trap_init                             - Undefined Weak Reference
    _fp_trap_shutdown                         - Undefined Weak Reference
    _get_lc_collate                           - Undefined Weak Reference
    _get_lc_ctype                             - Undefined Weak Reference
    _get_lc_monetary                          - Undefined Weak Reference
    _get_lc_numeric                           - Undefined Weak Reference
    _get_lc_time                              - Undefined Weak Reference
    _getenv_init                              - Undefined Weak Reference
    _handle_redirection                       - Undefined Weak Reference
    _init_alloc                               - Undefined Weak Reference
    _init_user_alloc                          - Undefined Weak Reference
    _initio                                   - Undefined Weak Reference
    _mutex_acquire                            - Undefined Weak Reference
    _mutex_release                            - Undefined Weak Reference
    _printf_post_padding                      - Undefined Weak Reference
    _printf_pre_padding                       - Undefined Weak Reference
    _printf_truncate_unsigned                 - Undefined Weak Reference
    _rand_init                                - Undefined Weak Reference
    _signal_finish                            - Undefined Weak Reference
    _signal_init                              - Undefined Weak Reference
    _terminate_alloc                          - Undefined Weak Reference
    _terminate_user_alloc                     - Undefined Weak Reference
    _terminateio                              - Undefined Weak Reference
    __Vectors_Size                           0x00000130   Number         0  startup_stm32f10x_hd.o ABSOLUTE
    __Vectors                                0x08000000   Data           4  startup_stm32f10x_hd.o(RESET)
    __Vectors_End                            0x08000130   Data           0  startup_stm32f10x_hd.o(RESET)
    __main                                   0x08000131   Thumb Code     8  __main.o(!!!main)
    __scatterload                            0x08000139   Thumb Code     0  __scatter.o(!!!scatter)
    __scatterload_rt2                        0x08000139   Thumb Code    44  __scatter.o(!!!scatter)
    __scatterload_rt2_thumb_only             0x08000139   Thumb Code     0  __scatter.o(!!!scatter)
    __scatterload_null                       0x08000147   Thumb Code     0  __scatter.o(!!!scatter)
    __decompress                             0x0800016d   Thumb Code    90  __dczerorl2.o(!!dczerorl2)
    __decompress1                            0x0800016d   Thumb Code     0  __dczerorl2.o(!!dczerorl2)
    __scatterload_zeroinit                   0x080001c9   Thumb Code    28  __scatter_zi.o(!!handler_zi)
    _printf_percent                          0x080001e5   Thumb Code     0  _printf_percent.o(.ARM.Collect$$_printf_percent$$00000000)
    _printf_x                                0x080001e5   Thumb Code     0  _printf_x.o(.ARM.Collect$$_printf_percent$$0000000C)
    _printf_percent_end                      0x080001eb   Thumb Code     0  _printf_percent_end.o(.ARM.Collect$$_printf_percent$$00000017)
    __rt_lib_init                            0x080001ef   Thumb Code     0  libinit.o(.ARM.Collect$$libinit$$00000000)
    __rt_lib_init_alloca_1                   0x080001f5   Thumb Code     0  libinit2.o(.ARM.Collect$$libinit$$0000002A)
    __rt_lib_init_argv_1                     0x080001f5   Thumb Code     0  libinit2.o(.ARM.Collect$$libinit$$00000028)
    __rt_lib_init_atexit_1                   0x080001f5   Thumb Code     0  libinit2.o(.ARM.Collect$$libinit$$00000017)
    __rt_lib_init_clock_1                    0x080001f5   Thumb Code     0  libinit2.o(.ARM.Collect$$libinit$$0000001D)
    __rt_lib_init_cpp_1                      0x080001f5   Thumb Code     0  libinit2.o(.ARM.Collect$$libinit$$0000002E)
    __rt_lib_init_exceptions_1               0x080001f5   Thumb Code     0  libinit2.o(.ARM.Collect$$libinit$$0000002C)
    __rt_lib_init_fp_trap_1                  0x080001f5   Thumb Code     0  libinit2.o(.ARM.Collect$$libinit$$0000001B)
    __rt_lib_init_getenv_1                   0x080001f5   Thumb Code     0  libinit2.o(.ARM.Collect$$libinit$$0000001F)
    __rt_lib_init_heap_1                     0x080001f5   Thumb Code     0  libinit2.o(.ARM.Collect$$libinit$$00000006)
    __rt_lib_init_lc_collate_1               0x080001f5   Thumb Code     0  libinit2.o(.ARM.Collect$$libinit$$0000000D)
    __rt_lib_init_lc_ctype_1                 0x080001f5   Thumb Code     0  libinit2.o(.ARM.Collect$$libinit$$0000000F)
    __rt_lib_init_lc_monetary_1              0x080001f5   Thumb Code     0  libinit2.o(.ARM.Collect$$libinit$$00000011)
    __rt_lib_init_lc_numeric_1               0x080001f5   Thumb Code     0  libinit2.o(.ARM.Collect$$libinit$$00000013)
    __rt_lib_init_lc_time_1                  0x080001f5   Thumb Code     0  libinit2.o(.ARM.Collect$$libinit$$00000015)
    __rt_lib_init_rand_1                     0x080001f5   Thumb Code     0  libinit2.o(.ARM.Collect$$libinit$$0000000A)
    __rt_lib_init_return                     0x080001f5   Thumb Code     0  libinit2.o(.ARM.Collect$$libinit$$0000002F)
    __rt_lib_init_signal_1                   0x080001f5   Thumb Code     0  libinit2.o(.ARM.Collect$$libinit$$00000019)
    __rt_lib_init_stdio_1                    0x080001f5   Thumb Code     0  libinit2.o(.ARM.Collect$$libinit$$00000021)
    __rt_lib_init_user_alloc_1               0x080001f5   Thumb Code     0  libinit2.o(.ARM.Collect$$libinit$$00000008)
    __rt_lib_shutdown                        0x080001f7   Thumb Code     0  libshutdown.o(.ARM.Collect$$libshutdown$$00000000)
    __rt_lib_shutdown_fp_trap_1              0x080001f9   Thumb Code     0  libshutdown2.o(.ARM.Collect$$libshutdown$$00000006)
    __rt_lib_shutdown_heap_1                 0x080001f9   Thumb Code     0  libshutdown2.o(.ARM.Collect$$libshutdown$$0000000E)
    __rt_lib_shutdown_return                 0x080001f9   Thumb Code     0  libshutdown2.o(.ARM.Collect$$libshutdown$$0000000F)
    __rt_lib_shutdown_signal_1               0x080001f9   Thumb Code     0  libshutdown2.o(.ARM.Collect$$libshutdown$$00000009)
    __rt_lib_shutdown_stdio_1                0x080001f9   Thumb Code     0  libshutdown2.o(.ARM.Collect$$libshutdown$$00000003)
    __rt_lib_shutdown_user_alloc_1           0x080001f9   Thumb Code     0  libshutdown2.o(.ARM.Collect$$libshutdown$$0000000B)
    __rt_entry                               0x080001fb   Thumb Code     0  rtentry.o(.ARM.Collect$$rtentry$$00000000)
    __rt_entry_presh_1                       0x080001fb   Thumb Code     0  rtentry2.o(.ARM.Collect$$rtentry$$00000002)
    __rt_entry_sh                            0x080001fb   Thumb Code     0  rtentry4.o(.ARM.Collect$$rtentry$$00000004)
    __rt_entry_li                            0x08000201   Thumb Code     0  rtentry2.o(.ARM.Collect$$rtentry$$0000000A)
    __rt_entry_postsh_1                      0x08000201   Thumb Code     0  rtentry2.o(.ARM.Collect$$rtentry$$00000009)
    __rt_entry_main                          0x08000205   Thumb Code     0  rtentry2.o(.ARM.Collect$$rtentry$$0000000D)
    __rt_entry_postli_1                      0x08000205   Thumb Code     0  rtentry2.o(.ARM.Collect$$rtentry$$0000000C)
    __rt_exit                                0x0800020d   Thumb Code     0  rtexit.o(.ARM.Collect$$rtexit$$00000000)
    __rt_exit_ls                             0x0800020f   Thumb Code     0  rtexit2.o(.ARM.Collect$$rtexit$$00000003)
    __rt_exit_prels_1                        0x0800020f   Thumb Code     0  rtexit2.o(.ARM.Collect$$rtexit$$00000002)
    __rt_exit_exit                           0x08000213   Thumb Code     0  rtexit2.o(.ARM.Collect$$rtexit$$00000004)
    subcontrol                               0x08000219   Thumb Code   282  main.o(.text)
    Receive_task                             0x08000333   Thumb Code    76  main.o(.text)
    master_task                              0x0800037f   Thumb Code  1800  main.o(.text)
    start_task                               0x08000a87   Thumb Code   102  main.o(.text)
    main                                     0x08000aed   Thumb Code   118  main.o(.text)
    myled_task                               0x08000b63   Thumb Code    34  main.o(.text)
    NMI_Handler                              0x08000bb1   Thumb Code     2  stm32f10x_it.o(.text)
    HardFault_Handler                        0x08000bb3   Thumb Code     4  stm32f10x_it.o(.text)
    MemManage_Handler                        0x08000bb7   Thumb Code     4  stm32f10x_it.o(.text)
    BusFault_Handler                         0x08000bbb   Thumb Code     4  stm32f10x_it.o(.text)
    UsageFault_Handler                       0x08000bbf   Thumb Code     4  stm32f10x_it.o(.text)
    SVC_Handler                              0x08000bc3   Thumb Code     2  stm32f10x_it.o(.text)
    DebugMon_Handler                         0x08000bc5   Thumb Code     2  stm32f10x_it.o(.text)
    SystemInit                               0x08000c91   Thumb Code    78  system_stm32f10x.o(.text)
    SystemCoreClockUpdate                    0x08000cdf   Thumb Code   142  system_stm32f10x.o(.text)
    LED_Init                                 0x08000d91   Thumb Code   104  led.o(.text)
    IIC_Init                                 0x08000e05   Thumb Code    88  myiic.o(.text)
    IIC_Start                                0x08000e5d   Thumb Code    76  myiic.o(.text)
    IIC_Stop                                 0x08000ea9   Thumb Code    74  myiic.o(.text)
    IIC_Wait_Ack                             0x08000ef3   Thumb Code    90  myiic.o(.text)
    IIC_Ack                                  0x08000f4d   Thumb Code    80  myiic.o(.text)
    IIC_NAck                                 0x08000f9d   Thumb Code    80  myiic.o(.text)
    IIC_Send_Byte                            0x08000fed   Thumb Code   104  myiic.o(.text)
    IIC_Read_Byte                            0x08001055   Thumb Code   106  myiic.o(.text)
    AT24CXX_Init                             0x080010e5   Thumb Code     8  24cxx.o(.text)
    AT24CXX_ReadOneByte                      0x080010ed   Thumb Code    84  24cxx.o(.text)
    AT24CXX_WriteOneByte                     0x08001141   Thumb Code    76  24cxx.o(.text)
    AT24CXX_WriteLenByte                     0x0800118d   Thumb Code    42  24cxx.o(.text)
    AT24CXX_ReadLenByte                      0x080011b7   Thumb Code    44  24cxx.o(.text)
    AT24CXX_Check                            0x080011e3   Thumb Code    46  24cxx.o(.text)
    AT24CXX_Read                             0x08001211   Thumb Code    34  24cxx.o(.text)
    AT24CXX_Write                            0x08001233   Thumb Code    36  24cxx.o(.text)
    Adc_Init                                 0x08001259   Thumb Code   178  adc.o(.text)
    Get_Adc                                  0x0800130b   Thumb Code    46  adc.o(.text)
    Get_Adc_Average                          0x08001339   Thumb Code    40  adc.o(.text)
    RS485_Init                               0x08001369   Thumb Code   200  rs485.o(.text)
    SendBit_1621                             0x08001441   Thumb Code    66  ht1621.o(.text)
    SendCmd                                  0x08001483   Thumb Code    40  ht1621.o(.text)
    HT1621_Init                              0x080014ab   Thumb Code   130  ht1621.o(.text)
    SendDataBit_1621                         0x0800152d   Thumb Code    64  ht1621.o(.text)
    Write_1621                               0x0800156d   Thumb Code    52  ht1621.o(.text)
    WriteAll_1621                            0x080015a1   Thumb Code    70  ht1621.o(.text)
    Clera_lcd                                0x080015e7   Thumb Code    40  ht1621.o(.text)
    Graf_con_u                               0x0800160f   Thumb Code   230  ht1621.o(.text)
    Graf_cuirrent                            0x080016f5   Thumb Code   186  ht1621.o(.text)
    Graf_qkvar                               0x080017af   Thumb Code   232  ht1621.o(.text)
    Graf_temp                                0x08001897   Thumb Code   106  ht1621.o(.text)
    Graf_id                                  0x08001901   Thumb Code   196  ht1621.o(.text)
    Graf_ver                                 0x080019c5   Thumb Code   114  ht1621.o(.text)
    Graf_setid                               0x08001a37   Thumb Code   106  ht1621.o(.text)
    KEY_Init                                 0x08001aa9   Thumb Code    70  key.o(.text)
    key_idset                                0x08001aef   Thumb Code   468  key.o(.text)
    LCD_WR_REG                               0x08001d01   Thumb Code     6  lcd.o(.text)
    LCD_WR_DATA                              0x08001d07   Thumb Code     6  lcd.o(.text)
    LCD_RD_DATA                              0x08001d0d   Thumb Code     6  lcd.o(.text)
    LCD_WriteReg                             0x08001d13   Thumb Code    14  lcd.o(.text)
    LCD_ReadReg                              0x08001d21   Thumb Code    22  lcd.o(.text)
    LCD_WriteRAM_Prepare                     0x08001d37   Thumb Code    10  lcd.o(.text)
    LCD_WriteRAM                             0x08001d41   Thumb Code     6  lcd.o(.text)
    LCD_BGR2RGB                              0x08001d47   Thumb Code    26  lcd.o(.text)
    opt_delay                                0x08001d61   Thumb Code    14  lcd.o(.text)
    LCD_SetCursor                            0x08001d6f   Thumb Code   112  lcd.o(.text)
    LCD_ReadPoint                            0x08001ddf   Thumb Code   266  lcd.o(.text)
    LCD_DisplayOn                            0x08001ee9   Thumb Code    46  lcd.o(.text)
    LCD_DisplayOff                           0x08001f17   Thumb Code    44  lcd.o(.text)
    LCD_Scan_Dir                             0x08001f43   Thumb Code   466  lcd.o(.text)
    LCD_DrawPoint                            0x08002115   Thumb Code    28  lcd.o(.text)
    LCD_Fast_DrawPoint                       0x08002131   Thumb Code   130  lcd.o(.text)
    LCD_Display_Dir                          0x080021b3   Thumb Code   240  lcd.o(.text)
    LCD_Clear                                0x080022a3   Thumb Code    44  lcd.o(.text)
    LCD_Init                                 0x080022cf   Thumb Code  6248  lcd.o(.text)
    LCD_Fill                                 0x08003b37   Thumb Code    80  lcd.o(.text)
    LCD_Color_Fill                           0x08003b87   Thumb Code    94  lcd.o(.text)
    LCD_DrawLine                             0x08003be5   Thumb Code   176  lcd.o(.text)
    LCD_DrawRectangle                        0x08003c95   Thumb Code    60  lcd.o(.text)
    Draw_Circle                              0x08003cd1   Thumb Code   152  lcd.o(.text)
    LCD_ShowChar                             0x08003d69   Thumb Code   366  lcd.o(.text)
    LCD_Pow                                  0x08003ed7   Thumb Code    22  lcd.o(.text)
    LCD_ShowNum                              0x08003eed   Thumb Code   152  lcd.o(.text)
    LCD_ShowxNum                             0x08003f85   Thumb Code   194  lcd.o(.text)
    LCD_ShowString                           0x08004047   Thumb Code   102  lcd.o(.text)
    SysTick_Handler                          0x080040c1   Thumb Code    16  delay.o(.text)
    delay_init                               0x080040d1   Thumb Code    76  delay.o(.text)
    delay_us                                 0x0800411d   Thumb Code    70  delay.o(.text)
    delay_ms                                 0x08004163   Thumb Code    62  delay.o(.text)
    nodelay_ms                               0x080041a1   Thumb Code    32  delay.o(.text)
    NVIC_Configuration                       0x080041d5   Thumb Code    12  sys.o(.text)
    _sys_exit                                0x080041e1   Thumb Code     6  usart.o(.text)
    fputc                                    0x080041e7   Thumb Code    20  usart.o(.text)
    uart_init                                0x080041fb   Thumb Code   152  usart.o(.text)
    USART1_IRQHandler                        0x08004293   Thumb Code   130  usart.o(.text)
    Reset_Handler                            0x08004329   Thumb Code     8  startup_stm32f10x_hd.o(.text)
    ADC1_2_IRQHandler                        0x08004343   Thumb Code     0  startup_stm32f10x_hd.o(.text)
    ADC3_IRQHandler                          0x08004343   Thumb Code     0  startup_stm32f10x_hd.o(.text)
    CAN1_RX1_IRQHandler                      0x08004343   Thumb Code     0  startup_stm32f10x_hd.o(.text)
    CAN1_SCE_IRQHandler                      0x08004343   Thumb Code     0  startup_stm32f10x_hd.o(.text)
    DMA1_Channel1_IRQHandler                 0x08004343   Thumb Code     0  startup_stm32f10x_hd.o(.text)
    DMA1_Channel2_IRQHandler                 0x08004343   Thumb Code     0  startup_stm32f10x_hd.o(.text)
    DMA1_Channel3_IRQHandler                 0x08004343   Thumb Code     0  startup_stm32f10x_hd.o(.text)
    DMA1_Channel4_IRQHandler                 0x08004343   Thumb Code     0  startup_stm32f10x_hd.o(.text)
    DMA1_Channel5_IRQHandler                 0x08004343   Thumb Code     0  startup_stm32f10x_hd.o(.text)
    DMA1_Channel6_IRQHandler                 0x08004343   Thumb Code     0  startup_stm32f10x_hd.o(.text)
    DMA1_Channel7_IRQHandler                 0x08004343   Thumb Code     0  startup_stm32f10x_hd.o(.text)
    DMA2_Channel1_IRQHandler                 0x08004343   Thumb Code     0  startup_stm32f10x_hd.o(.text)
    DMA2_Channel2_IRQHandler                 0x08004343   Thumb Code     0  startup_stm32f10x_hd.o(.text)
    DMA2_Channel3_IRQHandler                 0x08004343   Thumb Code     0  startup_stm32f10x_hd.o(.text)
    DMA2_Channel4_5_IRQHandler               0x08004343   Thumb Code     0  startup_stm32f10x_hd.o(.text)
    EXTI0_IRQHandler                         0x08004343   Thumb Code     0  startup_stm32f10x_hd.o(.text)
    EXTI15_10_IRQHandler                     0x08004343   Thumb Code     0  startup_stm32f10x_hd.o(.text)
    EXTI1_IRQHandler                         0x08004343   Thumb Code     0  startup_stm32f10x_hd.o(.text)
    EXTI2_IRQHandler                         0x08004343   Thumb Code     0  startup_stm32f10x_hd.o(.text)
    EXTI3_IRQHandler                         0x08004343   Thumb Code     0  startup_stm32f10x_hd.o(.text)
    EXTI4_IRQHandler                         0x08004343   Thumb Code     0  startup_stm32f10x_hd.o(.text)
    EXTI9_5_IRQHandler                       0x08004343   Thumb Code     0  startup_stm32f10x_hd.o(.text)
    FLASH_IRQHandler                         0x08004343   Thumb Code     0  startup_stm32f10x_hd.o(.text)
    FSMC_IRQHandler                          0x08004343   Thumb Code     0  startup_stm32f10x_hd.o(.text)
    I2C1_ER_IRQHandler                       0x08004343   Thumb Code     0  startup_stm32f10x_hd.o(.text)
    I2C1_EV_IRQHandler                       0x08004343   Thumb Code     0  startup_stm32f10x_hd.o(.text)
    I2C2_ER_IRQHandler                       0x08004343   Thumb Code     0  startup_stm32f10x_hd.o(.text)
    I2C2_EV_IRQHandler                       0x08004343   Thumb Code     0  startup_stm32f10x_hd.o(.text)
    PVD_IRQHandler                           0x08004343   Thumb Code     0  startup_stm32f10x_hd.o(.text)
    RCC_IRQHandler                           0x08004343   Thumb Code     0  startup_stm32f10x_hd.o(.text)
    RTCAlarm_IRQHandler                      0x08004343   Thumb Code     0  startup_stm32f10x_hd.o(.text)
    RTC_IRQHandler                           0x08004343   Thumb Code     0  startup_stm32f10x_hd.o(.text)
    SDIO_IRQHandler                          0x08004343   Thumb Code     0  startup_stm32f10x_hd.o(.text)
    SPI1_IRQHandler                          0x08004343   Thumb Code     0  startup_stm32f10x_hd.o(.text)
    SPI2_IRQHandler                          0x08004343   Thumb Code     0  startup_stm32f10x_hd.o(.text)
    SPI3_IRQHandler                          0x08004343   Thumb Code     0  startup_stm32f10x_hd.o(.text)
    TAMPER_IRQHandler                        0x08004343   Thumb Code     0  startup_stm32f10x_hd.o(.text)
    TIM1_BRK_IRQHandler                      0x08004343   Thumb Code     0  startup_stm32f10x_hd.o(.text)
    TIM1_CC_IRQHandler                       0x08004343   Thumb Code     0  startup_stm32f10x_hd.o(.text)
    TIM1_TRG_COM_IRQHandler                  0x08004343   Thumb Code     0  startup_stm32f10x_hd.o(.text)
    TIM1_UP_IRQHandler                       0x08004343   Thumb Code     0  startup_stm32f10x_hd.o(.text)
    TIM2_IRQHandler                          0x08004343   Thumb Code     0  startup_stm32f10x_hd.o(.text)
    TIM5_IRQHandler                          0x08004343   Thumb Code     0  startup_stm32f10x_hd.o(.text)
    TIM6_IRQHandler                          0x08004343   Thumb Code     0  startup_stm32f10x_hd.o(.text)
    TIM7_IRQHandler                          0x08004343   Thumb Code     0  startup_stm32f10x_hd.o(.text)
    TIM8_BRK_IRQHandler                      0x08004343   Thumb Code     0  startup_stm32f10x_hd.o(.text)
    TIM8_CC_IRQHandler                       0x08004343   Thumb Code     0  startup_stm32f10x_hd.o(.text)
    TIM8_TRG_COM_IRQHandler                  0x08004343   Thumb Code     0  startup_stm32f10x_hd.o(.text)
    TIM8_UP_IRQHandler                       0x08004343   Thumb Code     0  startup_stm32f10x_hd.o(.text)
    UART4_IRQHandler                         0x08004343   Thumb Code     0  startup_stm32f10x_hd.o(.text)
    UART5_IRQHandler                         0x08004343   Thumb Code     0  startup_stm32f10x_hd.o(.text)
    USART3_IRQHandler                        0x08004343   Thumb Code     0  startup_stm32f10x_hd.o(.text)
    USBWakeUp_IRQHandler                     0x08004343   Thumb Code     0  startup_stm32f10x_hd.o(.text)
    USB_HP_CAN1_TX_IRQHandler                0x08004343   Thumb Code     0  startup_stm32f10x_hd.o(.text)
    USB_LP_CAN1_RX0_IRQHandler               0x08004343   Thumb Code     0  startup_stm32f10x_hd.o(.text)
    WWDG_IRQHandler                          0x08004343   Thumb Code     0  startup_stm32f10x_hd.o(.text)
    __user_initial_stackheap                 0x08004345   Thumb Code     0  startup_stm32f10x_hd.o(.text)
    NVIC_PriorityGroupConfig                 0x08004369   Thumb Code    10  misc.o(.text)
    NVIC_Init                                0x08004373   Thumb Code   118  misc.o(.text)
    NVIC_SetVectorTable                      0x080043e9   Thumb Code    12  misc.o(.text)
    NVIC_SystemLPConfig                      0x080043f5   Thumb Code    38  misc.o(.text)
    SysTick_CLKSourceConfig                  0x0800441b   Thumb Code    40  misc.o(.text)
    FSMC_NORSRAMDeInit                       0x08004461   Thumb Code    56  stm32f10x_fsmc.o(.text)
    FSMC_NANDDeInit                          0x08004499   Thumb Code    62  stm32f10x_fsmc.o(.text)
    FSMC_PCCARDDeInit                        0x080044d7   Thumb Code    40  stm32f10x_fsmc.o(.text)
    FSMC_NORSRAMInit                         0x080044ff   Thumb Code   224  stm32f10x_fsmc.o(.text)
    FSMC_NANDInit                            0x080045df   Thumb Code   130  stm32f10x_fsmc.o(.text)
    FSMC_PCCARDInit                          0x08004661   Thumb Code   124  stm32f10x_fsmc.o(.text)
    FSMC_NORSRAMStructInit                   0x080046dd   Thumb Code   114  stm32f10x_fsmc.o(.text)
    FSMC_NANDStructInit                      0x0800474f   Thumb Code    54  stm32f10x_fsmc.o(.text)
    FSMC_PCCARDStructInit                    0x08004785   Thumb Code    60  stm32f10x_fsmc.o(.text)
    FSMC_NORSRAMCmd                          0x080047c1   Thumb Code    46  stm32f10x_fsmc.o(.text)
    FSMC_NANDCmd                             0x080047ef   Thumb Code    86  stm32f10x_fsmc.o(.text)
    FSMC_PCCARDCmd                           0x08004845   Thumb Code    40  stm32f10x_fsmc.o(.text)
    FSMC_NANDECCCmd                          0x0800486d   Thumb Code   118  stm32f10x_fsmc.o(.text)
    FSMC_GetECC                              0x080048e3   Thumb Code    22  stm32f10x_fsmc.o(.text)
    FSMC_ITConfig                            0x080048f9   Thumb Code   128  stm32f10x_fsmc.o(.text)
    FSMC_GetFlagStatus                       0x08004979   Thumb Code    48  stm32f10x_fsmc.o(.text)
    FSMC_ClearFlag                           0x080049a9   Thumb Code    62  stm32f10x_fsmc.o(.text)
    FSMC_GetITStatus                         0x080049e7   Thumb Code    60  stm32f10x_fsmc.o(.text)
    FSMC_ClearITPendingBit                   0x08004a23   Thumb Code    64  stm32f10x_fsmc.o(.text)
    GPIO_DeInit                              0x08004a79   Thumb Code   172  stm32f10x_gpio.o(.text)
    GPIO_AFIODeInit                          0x08004b25   Thumb Code    20  stm32f10x_gpio.o(.text)
    GPIO_Init                                0x08004b39   Thumb Code   274  stm32f10x_gpio.o(.text)
    GPIO_StructInit                          0x08004c4b   Thumb Code    16  stm32f10x_gpio.o(.text)
    GPIO_ReadInputDataBit                    0x08004c5b   Thumb Code    18  stm32f10x_gpio.o(.text)
    GPIO_ReadInputData                       0x08004c6d   Thumb Code     8  stm32f10x_gpio.o(.text)
    GPIO_ReadOutputDataBit                   0x08004c75   Thumb Code    18  stm32f10x_gpio.o(.text)
    GPIO_ReadOutputData                      0x08004c87   Thumb Code     8  stm32f10x_gpio.o(.text)
    GPIO_SetBits                             0x08004c8f   Thumb Code     4  stm32f10x_gpio.o(.text)
    GPIO_ResetBits                           0x08004c93   Thumb Code     4  stm32f10x_gpio.o(.text)
    GPIO_WriteBit                            0x08004c97   Thumb Code    10  stm32f10x_gpio.o(.text)
    GPIO_Write                               0x08004ca1   Thumb Code     4  stm32f10x_gpio.o(.text)
    GPIO_PinLockConfig                       0x08004ca5   Thumb Code    18  stm32f10x_gpio.o(.text)
    GPIO_EventOutputConfig                   0x08004cb7   Thumb Code    26  stm32f10x_gpio.o(.text)
    GPIO_EventOutputCmd                      0x08004cd1   Thumb Code     6  stm32f10x_gpio.o(.text)
    GPIO_PinRemapConfig                      0x08004cd7   Thumb Code   138  stm32f10x_gpio.o(.text)
    GPIO_EXTILineConfig                      0x08004d61   Thumb Code    66  stm32f10x_gpio.o(.text)
    GPIO_ETH_MediaInterfaceConfig            0x08004da3   Thumb Code     6  stm32f10x_gpio.o(.text)
    RCC_DeInit                               0x08004dd1   Thumb Code    64  stm32f10x_rcc.o(.text)
    RCC_HSEConfig                            0x08004e11   Thumb Code    70  stm32f10x_rcc.o(.text)
    RCC_GetFlagStatus                        0x08004e57   Thumb Code    56  stm32f10x_rcc.o(.text)
    RCC_WaitForHSEStartUp                    0x08004e8f   Thumb Code    48  stm32f10x_rcc.o(.text)
    RCC_AdjustHSICalibrationValue            0x08004ebf   Thumb Code    20  stm32f10x_rcc.o(.text)
    RCC_HSICmd                               0x08004ed3   Thumb Code     6  stm32f10x_rcc.o(.text)
    RCC_PLLConfig                            0x08004ed9   Thumb Code    24  stm32f10x_rcc.o(.text)
    RCC_PLLCmd                               0x08004ef1   Thumb Code     6  stm32f10x_rcc.o(.text)
    RCC_SYSCLKConfig                         0x08004ef7   Thumb Code    18  stm32f10x_rcc.o(.text)
    RCC_GetSYSCLKSource                      0x08004f09   Thumb Code    10  stm32f10x_rcc.o(.text)
    RCC_HCLKConfig                           0x08004f13   Thumb Code    18  stm32f10x_rcc.o(.text)
    RCC_PCLK1Config                          0x08004f25   Thumb Code    18  stm32f10x_rcc.o(.text)
    RCC_PCLK2Config                          0x08004f37   Thumb Code    20  stm32f10x_rcc.o(.text)
    RCC_ITConfig                             0x08004f4b   Thumb Code    30  stm32f10x_rcc.o(.text)
    RCC_USBCLKConfig                         0x08004f69   Thumb Code     6  stm32f10x_rcc.o(.text)
    RCC_ADCCLKConfig                         0x08004f6f   Thumb Code    18  stm32f10x_rcc.o(.text)
    RCC_LSEConfig                            0x08004f81   Thumb Code    44  stm32f10x_rcc.o(.text)
    RCC_LSICmd                               0x08004fad   Thumb Code     6  stm32f10x_rcc.o(.text)
    RCC_RTCCLKConfig                         0x08004fb3   Thumb Code    12  stm32f10x_rcc.o(.text)
    RCC_RTCCLKCmd                            0x08004fbf   Thumb Code     6  stm32f10x_rcc.o(.text)
    RCC_GetClocksFreq                        0x08004fc5   Thumb Code   192  stm32f10x_rcc.o(.text)
    RCC_AHBPeriphClockCmd                    0x08005085   Thumb Code    26  stm32f10x_rcc.o(.text)
    RCC_APB2PeriphClockCmd                   0x0800509f   Thumb Code    26  stm32f10x_rcc.o(.text)
    RCC_APB1PeriphClockCmd                   0x080050b9   Thumb Code    26  stm32f10x_rcc.o(.text)
    RCC_APB2PeriphResetCmd                   0x080050d3   Thumb Code    26  stm32f10x_rcc.o(.text)
    RCC_APB1PeriphResetCmd                   0x080050ed   Thumb Code    26  stm32f10x_rcc.o(.text)
    RCC_BackupResetCmd                       0x08005107   Thumb Code     6  stm32f10x_rcc.o(.text)
    RCC_ClockSecuritySystemCmd               0x0800510d   Thumb Code     6  stm32f10x_rcc.o(.text)
    RCC_MCOConfig                            0x08005113   Thumb Code     6  stm32f10x_rcc.o(.text)
    RCC_ClearFlag                            0x08005119   Thumb Code    14  stm32f10x_rcc.o(.text)
    RCC_GetITStatus                          0x08005127   Thumb Code    20  stm32f10x_rcc.o(.text)
    RCC_ClearITPendingBit                    0x0800513b   Thumb Code     6  stm32f10x_rcc.o(.text)
    USART_DeInit                             0x08005175   Thumb Code   134  stm32f10x_usart.o(.text)
    USART_Init                               0x080051fb   Thumb Code   210  stm32f10x_usart.o(.text)
    USART_StructInit                         0x080052cd   Thumb Code    24  stm32f10x_usart.o(.text)
    USART_ClockInit                          0x080052e5   Thumb Code    34  stm32f10x_usart.o(.text)
    USART_ClockStructInit                    0x08005307   Thumb Code    12  stm32f10x_usart.o(.text)
    USART_Cmd                                0x08005313   Thumb Code    24  stm32f10x_usart.o(.text)
    USART_ITConfig                           0x0800532b   Thumb Code    74  stm32f10x_usart.o(.text)
    USART_DMACmd                             0x08005375   Thumb Code    24  stm32f10x_usart.o(.text)
    USART_SetAddress                         0x0800538d   Thumb Code    18  stm32f10x_usart.o(.text)
    USART_WakeUpConfig                       0x0800539f   Thumb Code    18  stm32f10x_usart.o(.text)
    USART_ReceiverWakeUpCmd                  0x080053b1   Thumb Code    24  stm32f10x_usart.o(.text)
    USART_LINBreakDetectLengthConfig         0x080053c9   Thumb Code    18  stm32f10x_usart.o(.text)
    USART_LINCmd                             0x080053db   Thumb Code    24  stm32f10x_usart.o(.text)
    USART_SendData                           0x080053f3   Thumb Code     8  stm32f10x_usart.o(.text)
    USART_ReceiveData                        0x080053fb   Thumb Code    10  stm32f10x_usart.o(.text)
    USART_SendBreak                          0x08005405   Thumb Code    10  stm32f10x_usart.o(.text)
    USART_SetGuardTime                       0x0800540f   Thumb Code    16  stm32f10x_usart.o(.text)
    USART_SetPrescaler                       0x0800541f   Thumb Code    16  stm32f10x_usart.o(.text)
    USART_SmartCardCmd                       0x0800542f   Thumb Code    24  stm32f10x_usart.o(.text)
    USART_SmartCardNACKCmd                   0x08005447   Thumb Code    24  stm32f10x_usart.o(.text)
    USART_HalfDuplexCmd                      0x0800545f   Thumb Code    24  stm32f10x_usart.o(.text)
    USART_OverSampling8Cmd                   0x08005477   Thumb Code    22  stm32f10x_usart.o(.text)
    USART_OneBitMethodCmd                    0x0800548d   Thumb Code    24  stm32f10x_usart.o(.text)
    USART_IrDAConfig                         0x080054a5   Thumb Code    18  stm32f10x_usart.o(.text)
    USART_IrDACmd                            0x080054b7   Thumb Code    24  stm32f10x_usart.o(.text)
    USART_GetFlagStatus                      0x080054cf   Thumb Code    26  stm32f10x_usart.o(.text)
    USART_ClearFlag                          0x080054e9   Thumb Code    18  stm32f10x_usart.o(.text)
    USART_GetITStatus                        0x080054fb   Thumb Code    84  stm32f10x_usart.o(.text)
    USART_ClearITPendingBit                  0x0800554f   Thumb Code    50  stm32f10x_usart.o(.text)
    ADC_DeInit                               0x08005581   Thumb Code    78  stm32f10x_adc.o(.text)
    ADC_Init                                 0x080055cf   Thumb Code    70  stm32f10x_adc.o(.text)
    ADC_StructInit                           0x08005615   Thumb Code    18  stm32f10x_adc.o(.text)
    ADC_Cmd                                  0x08005627   Thumb Code    22  stm32f10x_adc.o(.text)
    ADC_DMACmd                               0x0800563d   Thumb Code    22  stm32f10x_adc.o(.text)
    ADC_ITConfig                             0x08005653   Thumb Code    24  stm32f10x_adc.o(.text)
    ADC_ResetCalibration                     0x0800566b   Thumb Code    10  stm32f10x_adc.o(.text)
    ADC_GetResetCalibrationStatus            0x08005675   Thumb Code    20  stm32f10x_adc.o(.text)
    ADC_StartCalibration                     0x08005689   Thumb Code    10  stm32f10x_adc.o(.text)
    ADC_GetCalibrationStatus                 0x08005693   Thumb Code    20  stm32f10x_adc.o(.text)
    ADC_SoftwareStartConvCmd                 0x080056a7   Thumb Code    22  stm32f10x_adc.o(.text)
    ADC_GetSoftwareStartConvStatus           0x080056bd   Thumb Code    20  stm32f10x_adc.o(.text)
    ADC_DiscModeChannelCountConfig           0x080056d1   Thumb Code    24  stm32f10x_adc.o(.text)
    ADC_DiscModeCmd                          0x080056e9   Thumb Code    22  stm32f10x_adc.o(.text)
    ADC_RegularChannelConfig                 0x080056ff   Thumb Code   184  stm32f10x_adc.o(.text)
    ADC_ExternalTrigConvCmd                  0x080057b7   Thumb Code    22  stm32f10x_adc.o(.text)
    ADC_GetConversionValue                   0x080057cd   Thumb Code     8  stm32f10x_adc.o(.text)
    ADC_GetDualModeConversionValue           0x080057d5   Thumb Code     6  stm32f10x_adc.o(.text)
    ADC_AutoInjectedConvCmd                  0x080057db   Thumb Code    22  stm32f10x_adc.o(.text)
    ADC_InjectedDiscModeCmd                  0x080057f1   Thumb Code    22  stm32f10x_adc.o(.text)
    ADC_ExternalTrigInjectedConvConfig       0x08005807   Thumb Code    16  stm32f10x_adc.o(.text)
    ADC_ExternalTrigInjectedConvCmd          0x08005817   Thumb Code    22  stm32f10x_adc.o(.text)
    ADC_SoftwareStartInjectedConvCmd         0x0800582d   Thumb Code    22  stm32f10x_adc.o(.text)
    ADC_GetSoftwareStartInjectedConvCmdStatus 0x08005843   Thumb Code    20  stm32f10x_adc.o(.text)
    ADC_InjectedChannelConfig                0x08005857   Thumb Code   130  stm32f10x_adc.o(.text)
    ADC_InjectedSequencerLengthConfig        0x080058d9   Thumb Code    24  stm32f10x_adc.o(.text)
    ADC_SetInjectedOffset                    0x080058f1   Thumb Code    12  stm32f10x_adc.o(.text)
    ADC_GetInjectedConversionValue           0x080058fd   Thumb Code    18  stm32f10x_adc.o(.text)
    ADC_AnalogWatchdogCmd                    0x0800590f   Thumb Code    16  stm32f10x_adc.o(.text)
    ADC_AnalogWatchdogThresholdsConfig       0x0800591f   Thumb Code     6  stm32f10x_adc.o(.text)
    ADC_AnalogWatchdogSingleChannelConfig    0x08005925   Thumb Code    16  stm32f10x_adc.o(.text)
    ADC_TempSensorVrefintCmd                 0x08005935   Thumb Code    34  stm32f10x_adc.o(.text)
    ADC_GetFlagStatus                        0x08005957   Thumb Code    54  stm32f10x_adc.o(.text)
    ADC_ClearFlag                            0x0800598d   Thumb Code     6  stm32f10x_adc.o(.text)
    ADC_GetITStatus                          0x08005993   Thumb Code    36  stm32f10x_adc.o(.text)
    ADC_ClearITPendingBit                    0x080059b7   Thumb Code    10  stm32f10x_adc.o(.text)
    TIM_DeInit                               0x080059c1   Thumb Code   424  stm32f10x_tim.o(.text)
    TIM_TimeBaseInit                         0x08005b69   Thumb Code   122  stm32f10x_tim.o(.text)
    TIM_OC1Init                              0x08005be3   Thumb Code   132  stm32f10x_tim.o(.text)
    TIM_OC2Init                              0x08005c67   Thumb Code   146  stm32f10x_tim.o(.text)
    TIM_OC3Init                              0x08005cf9   Thumb Code   142  stm32f10x_tim.o(.text)
    TIM_OC4Init                              0x08005d87   Thumb Code   172  stm32f10x_tim.o(.text)
    TIM_SetIC4Prescaler                      0x08005e33   Thumb Code    22  stm32f10x_tim.o(.text)
    TIM_SetIC3Prescaler                      0x08005ebf   Thumb Code    18  stm32f10x_tim.o(.text)
    TIM_SetIC2Prescaler                      0x08005f43   Thumb Code    22  stm32f10x_tim.o(.text)
    TIM_SetIC1Prescaler                      0x08005fcf   Thumb Code    18  stm32f10x_tim.o(.text)
    TIM_ICInit                               0x0800604b   Thumb Code   150  stm32f10x_tim.o(.text)
    TIM_PWMIConfig                           0x080060e1   Thumb Code   124  stm32f10x_tim.o(.text)
    TIM_BDTRConfig                           0x0800615d   Thumb Code    32  stm32f10x_tim.o(.text)
    TIM_TimeBaseStructInit                   0x0800617d   Thumb Code    18  stm32f10x_tim.o(.text)
    TIM_OCStructInit                         0x0800618f   Thumb Code    20  stm32f10x_tim.o(.text)
    TIM_ICStructInit                         0x080061a3   Thumb Code    18  stm32f10x_tim.o(.text)
    TIM_BDTRStructInit                       0x080061b5   Thumb Code    18  stm32f10x_tim.o(.text)
    TIM_Cmd                                  0x080061c7   Thumb Code    24  stm32f10x_tim.o(.text)
    TIM_CtrlPWMOutputs                       0x080061df   Thumb Code    52  stm32f10x_tim.o(.text)
    TIM_ITConfig                             0x08006213   Thumb Code    24  stm32f10x_tim.o(.text)
    TIM_GenerateEvent                        0x0800622b   Thumb Code     4  stm32f10x_tim.o(.text)
    TIM_DMAConfig                            0x0800622f   Thumb Code    10  stm32f10x_tim.o(.text)
    TIM_DMACmd                               0x08006239   Thumb Code    24  stm32f10x_tim.o(.text)
    TIM_InternalClockConfig                  0x08006251   Thumb Code    12  stm32f10x_tim.o(.text)
    TIM_SelectInputTrigger                   0x0800625d   Thumb Code    18  stm32f10x_tim.o(.text)
    TIM_ITRxExternalClockConfig              0x0800626f   Thumb Code    24  stm32f10x_tim.o(.text)
    TIM_TIxExternalClockConfig               0x08006287   Thumb Code    62  stm32f10x_tim.o(.text)
    TIM_ETRConfig                            0x080062c5   Thumb Code    24  stm32f10x_tim.o(.text)
    TIM_ETRClockMode1Config                  0x080062dd   Thumb Code    54  stm32f10x_tim.o(.text)
    TIM_ETRClockMode2Config                  0x08006313   Thumb Code    32  stm32f10x_tim.o(.text)
    TIM_PrescalerConfig                      0x08006333   Thumb Code     6  stm32f10x_tim.o(.text)
    TIM_CounterModeConfig                    0x08006339   Thumb Code    18  stm32f10x_tim.o(.text)
    TIM_EncoderInterfaceConfig               0x0800634b   Thumb Code    62  stm32f10x_tim.o(.text)
    TIM_ForcedOC1Config                      0x08006389   Thumb Code    18  stm32f10x_tim.o(.text)
    TIM_ForcedOC2Config                      0x0800639b   Thumb Code    22  stm32f10x_tim.o(.text)
    TIM_ForcedOC3Config                      0x080063b1   Thumb Code    18  stm32f10x_tim.o(.text)
    TIM_ForcedOC4Config                      0x080063c3   Thumb Code    22  stm32f10x_tim.o(.text)
    TIM_ARRPreloadConfig                     0x080063d9   Thumb Code    24  stm32f10x_tim.o(.text)
    TIM_SelectCOM                            0x080063f1   Thumb Code    24  stm32f10x_tim.o(.text)
    TIM_SelectCCDMA                          0x08006409   Thumb Code    24  stm32f10x_tim.o(.text)
    TIM_CCPreloadControl                     0x08006421   Thumb Code    24  stm32f10x_tim.o(.text)
    TIM_OC1PreloadConfig                     0x08006439   Thumb Code    18  stm32f10x_tim.o(.text)
    TIM_OC2PreloadConfig                     0x0800644b   Thumb Code    22  stm32f10x_tim.o(.text)
    TIM_OC3PreloadConfig                     0x08006461   Thumb Code    18  stm32f10x_tim.o(.text)
    TIM_OC4PreloadConfig                     0x08006473   Thumb Code    22  stm32f10x_tim.o(.text)
    TIM_OC1FastConfig                        0x08006489   Thumb Code    18  stm32f10x_tim.o(.text)
    TIM_OC2FastConfig                        0x0800649b   Thumb Code    22  stm32f10x_tim.o(.text)
    TIM_OC3FastConfig                        0x080064b1   Thumb Code    18  stm32f10x_tim.o(.text)
    TIM_OC4FastConfig                        0x080064c3   Thumb Code    22  stm32f10x_tim.o(.text)
    TIM_ClearOC1Ref                          0x080064d9   Thumb Code    18  stm32f10x_tim.o(.text)
    TIM_ClearOC2Ref                          0x080064eb   Thumb Code    20  stm32f10x_tim.o(.text)
    TIM_ClearOC3Ref                          0x080064ff   Thumb Code    18  stm32f10x_tim.o(.text)
    TIM_ClearOC4Ref                          0x08006511   Thumb Code    20  stm32f10x_tim.o(.text)
    TIM_OC1PolarityConfig                    0x08006525   Thumb Code    18  stm32f10x_tim.o(.text)
    TIM_OC1NPolarityConfig                   0x08006537   Thumb Code    18  stm32f10x_tim.o(.text)
    TIM_OC2PolarityConfig                    0x08006549   Thumb Code    22  stm32f10x_tim.o(.text)
    TIM_OC2NPolarityConfig                   0x0800655f   Thumb Code    22  stm32f10x_tim.o(.text)
    TIM_OC3PolarityConfig                    0x08006575   Thumb Code    22  stm32f10x_tim.o(.text)
    TIM_OC3NPolarityConfig                   0x0800658b   Thumb Code    22  stm32f10x_tim.o(.text)
    TIM_OC4PolarityConfig                    0x080065a1   Thumb Code    22  stm32f10x_tim.o(.text)
    TIM_CCxCmd                               0x080065b7   Thumb Code    34  stm32f10x_tim.o(.text)
    TIM_CCxNCmd                              0x080065d9   Thumb Code    34  stm32f10x_tim.o(.text)
    TIM_SelectOCxM                           0x080065fb   Thumb Code    82  stm32f10x_tim.o(.text)
    TIM_UpdateDisableConfig                  0x0800664d   Thumb Code    24  stm32f10x_tim.o(.text)
    TIM_UpdateRequestConfig                  0x08006665   Thumb Code    24  stm32f10x_tim.o(.text)
    TIM_SelectHallSensor                     0x0800667d   Thumb Code    24  stm32f10x_tim.o(.text)
    TIM_SelectOnePulseMode                   0x08006695   Thumb Code    18  stm32f10x_tim.o(.text)
    TIM_SelectOutputTrigger                  0x080066a7   Thumb Code    18  stm32f10x_tim.o(.text)
    TIM_SelectSlaveMode                      0x080066b9   Thumb Code    18  stm32f10x_tim.o(.text)
    TIM_SelectMasterSlaveMode                0x080066cb   Thumb Code    18  stm32f10x_tim.o(.text)
    TIM_SetCounter                           0x080066dd   Thumb Code     4  stm32f10x_tim.o(.text)
    TIM_SetAutoreload                        0x080066e1   Thumb Code     4  stm32f10x_tim.o(.text)
    TIM_SetCompare1                          0x080066e5   Thumb Code     4  stm32f10x_tim.o(.text)
    TIM_SetCompare2                          0x080066e9   Thumb Code     4  stm32f10x_tim.o(.text)
    TIM_SetCompare3                          0x080066ed   Thumb Code     4  stm32f10x_tim.o(.text)
    TIM_SetCompare4                          0x080066f1   Thumb Code     6  stm32f10x_tim.o(.text)
    TIM_SetClockDivision                     0x080066f7   Thumb Code    18  stm32f10x_tim.o(.text)
    TIM_GetCapture1                          0x08006709   Thumb Code     6  stm32f10x_tim.o(.text)
    TIM_GetCapture2                          0x0800670f   Thumb Code     6  stm32f10x_tim.o(.text)
    TIM_GetCapture3                          0x08006715   Thumb Code     6  stm32f10x_tim.o(.text)
    TIM_GetCapture4                          0x0800671b   Thumb Code     8  stm32f10x_tim.o(.text)
    TIM_GetCounter                           0x08006723   Thumb Code     6  stm32f10x_tim.o(.text)
    TIM_GetPrescaler                         0x08006729   Thumb Code     6  stm32f10x_tim.o(.text)
    TIM_GetFlagStatus                        0x0800672f   Thumb Code    18  stm32f10x_tim.o(.text)
    TIM_ClearFlag                            0x08006741   Thumb Code     6  stm32f10x_tim.o(.text)
    TIM_GetITStatus                          0x08006747   Thumb Code    34  stm32f10x_tim.o(.text)
    TIM_ClearITPendingBit                    0x08006769   Thumb Code     6  stm32f10x_tim.o(.text)
    TIM4_Int_Init                            0x08006771   Thumb Code    90  485ann.o(.text)
    RS485_Send_Data                          0x080067cb   Thumb Code    74  485ann.o(.text)
    order_trans_rs485                        0x08006815   Thumb Code   138  485ann.o(.text)
    turn_master_id                           0x0800689f   Thumb Code    70  485ann.o(.text)
    TIM4_IRQHandler                          0x080068e5   Thumb Code   232  485ann.o(.text)
    TIM3_Cap_Init                            0x080069cd   Thumb Code   312  485ann.o(.text)
    TIM3_IRQHandler                          0x08006b05   Thumb Code   304  485ann.o(.text)
    USART2_IRQHandler                        0x08006c35   Thumb Code   126  485ann.o(.text)
    initmybox                                0x08006cb3   Thumb Code    32  485ann.o(.text)
    comp_16                                  0x08006cd3   Thumb Code    22  485ann.o(.text)
    rs485_trans_order                        0x08006ce9   Thumb Code    92  485ann.o(.text)
    Heartbeat_task                           0x08006d45   Thumb Code    56  485ann.o(.text)
    led_on_off                               0x08006d7d   Thumb Code    84  485ann.o(.text)
    init_mystatus                            0x08006dd1   Thumb Code    24  485ann.o(.text)
    set_now_mystatus                         0x08006de9   Thumb Code    24  485ann.o(.text)
    status_trans_rs485                       0x08006e01   Thumb Code    70  485ann.o(.text)
    rs485_trans_status                       0x08006e47   Thumb Code    78  485ann.o(.text)
    set_statuslist_1                         0x08006e95   Thumb Code    32  485ann.o(.text)
    set_statuslist_2                         0x08006eb5   Thumb Code    32  485ann.o(.text)
    delay_time                               0x08006ed5   Thumb Code    32  485ann.o(.text)
    gonglvyinshu                             0x08006ef5   Thumb Code   634  485ann.o(.text)
    sort_idlenode_list                       0x0800716f   Thumb Code   252  485ann.o(.text)
    inquiry_slave_status                     0x0800726b   Thumb Code   110  485ann.o(.text)
    offset_idlepower                         0x080072d9   Thumb Code   214  485ann.o(.text)
    sort_busynode_list                       0x080073af   Thumb Code   448  485ann.o(.text)
    turn_power                               0x0800756f   Thumb Code   514  485ann.o(.text)
    unload_power                             0x08007771   Thumb Code   214  485ann.o(.text)
    power_computer                           0x08007847   Thumb Code   608  485ann.o(.text)
    myled                                    0x08007aa7   Thumb Code     8  485ann.o(.text)
    OS_TaskStatStkChk                        0x08007ad9   Thumb Code    54  os_core.o(.text)
    OS_TaskStat                              0x08007b0f   Thumb Code   116  os_core.o(.text)
    OS_TaskIdle                              0x08007bbb   Thumb Code    34  os_core.o(.text)
    OS_MemClr                                0x08007c15   Thumb Code    18  os_core.o(.text)
    OSInit                                   0x08007d33   Thumb Code    44  os_core.o(.text)
    OSIntEnter                               0x08007d5f   Thumb Code    28  os_core.o(.text)
    OSIntExit                                0x08007d95   Thumb Code   112  os_core.o(.text)
    OSSchedLock                              0x08007e05   Thumb Code    50  os_core.o(.text)
    OS_Sched                                 0x08007e37   Thumb Code    88  os_core.o(.text)
    OSSchedUnlock                            0x08007e8f   Thumb Code   230  os_core.o(.text)
    OSStart                                  0x08007f75   Thumb Code    48  os_core.o(.text)
    OSStatInit                               0x08007fa5   Thumb Code    62  os_core.o(.text)
    OSTimeTick                               0x08007fe3   Thumb Code   218  os_core.o(.text)
    OSVersion                                0x080080bd   Thumb Code     6  os_core.o(.text)
    OS_Dummy                                 0x080080c3   Thumb Code     2  os_core.o(.text)
    OS_EventTaskRemove                       0x080080c5   Thumb Code    50  os_core.o(.text)
    OS_EventTaskRdy                          0x080080f7   Thumb Code   124  os_core.o(.text)
    OS_EventTaskWait                         0x08008173   Thumb Code   120  os_core.o(.text)
    OS_EventWaitListInit                     0x080081eb   Thumb Code    28  os_core.o(.text)
    OS_MemCopy                               0x08008207   Thumb Code    20  os_core.o(.text)
    OS_StrLen                                0x0800821b   Thumb Code    20  os_core.o(.text)
    OS_TCBInit                               0x0800822f   Thumb Code   366  os_core.o(.text)
    OSFlagAccept                             0x0800839d   Thumb Code   268  os_flag.o(.text)
    OSFlagCreate                             0x080084a9   Thumb Code    86  os_flag.o(.text)
    OS_FlagUnlink                            0x080084ff   Thumb Code    36  os_flag.o(.text)
    OSFlagDel                                0x08008583   Thumb Code   214  os_flag.o(.text)
    OSFlagNameGet                            0x08008659   Thumb Code    80  os_flag.o(.text)
    OSFlagNameSet                            0x080086a9   Thumb Code    66  os_flag.o(.text)
    OSFlagPend                               0x08008793   Thumb Code   632  os_flag.o(.text)
    OSFlagPendGetFlagsRdy                    0x08008a0b   Thumb Code    26  os_flag.o(.text)
    OSFlagPost                               0x08008a25   Thumb Code   324  os_flag.o(.text)
    OSFlagQuery                              0x08008b69   Thumb Code    48  os_flag.o(.text)
    OS_FlagInit                              0x08008b99   Thumb Code    78  os_flag.o(.text)
    OSMboxAccept                             0x08008bf5   Thumb Code    38  os_mbox.o(.text)
    OSMboxCreate                             0x08008c1b   Thumb Code    68  os_mbox.o(.text)
    OSMboxDel                                0x08008c5f   Thumb Code   200  os_mbox.o(.text)
    OSMboxPend                               0x08008d27   Thumb Code   246  os_mbox.o(.text)
    OSMboxPendAbort                          0x08008e1d   Thumb Code   128  os_mbox.o(.text)
    OSMboxPost                               0x08008e9d   Thumb Code    80  os_mbox.o(.text)
    OSMboxPostOpt                            0x08008eed   Thumb Code   120  os_mbox.o(.text)
    OSMboxQuery                              0x08008f65   Thumb Code    76  os_mbox.o(.text)
    OSQAccept                                0x08008fc1   Thumb Code    88  os_q.o(.text)
    OSQCreate                                0x08009019   Thumb Code   140  os_q.o(.text)
    OSQDel                                   0x080090a5   Thumb Code   236  os_q.o(.text)
    OSQFlush                                 0x08009191   Thumb Code    36  os_q.o(.text)
    OSQPend                                  0x080091b5   Thumb Code   272  os_q.o(.text)
    OSQPendAbort                             0x080092c5   Thumb Code   128  os_q.o(.text)
    OSQPost                                  0x08009345   Thumb Code   114  os_q.o(.text)
    OSQPostFront                             0x080093b7   Thumb Code   138  os_q.o(.text)
    OSQPostOpt                               0x08009441   Thumb Code   182  os_q.o(.text)
    OSQQuery                                 0x080094f7   Thumb Code    98  os_q.o(.text)
    OS_QInit                                 0x08009559   Thumb Code    72  os_q.o(.text)
    OSSemAccept                              0x080095a9   Thumb Code    42  os_sem.o(.text)
    OSSemCreate                              0x080095d3   Thumb Code    68  os_sem.o(.text)
    OSSemDel                                 0x08009617   Thumb Code   200  os_sem.o(.text)
    OSSemPend                                0x080096df   Thumb Code   222  os_sem.o(.text)
    OSSemPendAbort                           0x080097bd   Thumb Code   128  os_sem.o(.text)
    OSSemPost                                0x0800983d   Thumb Code    88  os_sem.o(.text)
    OSSemQuery                               0x08009895   Thumb Code    76  os_sem.o(.text)
    OSSemSet                                 0x080098e1   Thumb Code    66  os_sem.o(.text)
    OSTaskChangePrio                         0x08009935   Thumb Code   324  os_task.o(.text)
    OSTaskCreate                             0x08009a79   Thumb Code   146  os_task.o(.text)
    OS_TaskStkClr                            0x08009b0b   Thumb Code    26  os_task.o(.text)
    OSTaskCreateExt                          0x08009b25   Thumb Code   170  os_task.o(.text)
    OSTaskDel                                0x08009bcf   Thumb Code   302  os_task.o(.text)
    OSTaskDelReq                             0x08009cfd   Thumb Code   146  os_task.o(.text)
    OSTaskNameGet                            0x08009d8f   Thumb Code   114  os_task.o(.text)
    OSTaskNameSet                            0x08009e01   Thumb Code    98  os_task.o(.text)
    OSTaskResume                             0x08009e63   Thumb Code   160  os_task.o(.text)
    OSTaskStkChk                             0x08009f03   Thumb Code   132  os_task.o(.text)
    OSTaskSuspend                            0x08009f87   Thumb Code   160  os_task.o(.text)
    OSTaskQuery                              0x0800a027   Thumb Code    82  os_task.o(.text)
    OSTaskRegGet                             0x0800a079   Thumb Code    60  os_task.o(.text)
    OSTaskRegSet                             0x0800a0b5   Thumb Code    62  os_task.o(.text)
    OS_TaskReturn                            0x0800a0f3   Thumb Code    18  os_task.o(.text)
    OSTimeDly                                0x0800a11d   Thumb Code   108  os_time.o(.text)
    OSTimeDlyHMSM                            0x0800a189   Thumb Code    86  os_time.o(.text)
    OSTimeDlyResume                          0x0800a1df   Thumb Code   176  os_time.o(.text)
    OSTimeGet                                0x0800a28f   Thumb Code    24  os_time.o(.text)
    OSTimeSet                                0x0800a2a7   Thumb Code    24  os_time.o(.text)
    OS_CPU_SR_Save                           0x0800a2dd   Thumb Code     0  os_cpu_a.o(.text)
    OS_CPU_SR_Restore                        0x0800a2e5   Thumb Code     0  os_cpu_a.o(.text)
    OSStartHighRdy                           0x0800a2eb   Thumb Code     0  os_cpu_a.o(.text)
    OSCtxSw                                  0x0800a30d   Thumb Code     0  os_cpu_a.o(.text)
    OSIntCtxSw                               0x0800a31b   Thumb Code     0  os_cpu_a.o(.text)
    PendSV_Handler                           0x0800a32b   Thumb Code     0  os_cpu_a.o(.text)
    OSInitHookBegin                          0x0800a391   Thumb Code     2  os_cpu_c.o(.text)
    OSInitHookEnd                            0x0800a393   Thumb Code     2  os_cpu_c.o(.text)
    OSTaskCreateHook                         0x0800a395   Thumb Code     2  os_cpu_c.o(.text)
    OSTaskDelHook                            0x0800a397   Thumb Code     2  os_cpu_c.o(.text)
    OSTaskIdleHook                           0x0800a399   Thumb Code     2  os_cpu_c.o(.text)
    OSTaskStatHook                           0x0800a39b   Thumb Code     2  os_cpu_c.o(.text)
    OSTaskStkInit                            0x0800a39d   Thumb Code   154  os_cpu_c.o(.text)
    OSTaskSwHook                             0x0800a437   Thumb Code     2  os_cpu_c.o(.text)
    OSTCBInitHook                            0x0800a439   Thumb Code     2  os_cpu_c.o(.text)
    OSTimeTickHook                           0x0800a43b   Thumb Code     2  os_cpu_c.o(.text)
    OSTaskReturnHook                         0x0800a43d   Thumb Code     2  os_cpu_c.o(.text)
    __use_no_semihosting                     0x0800a43f   Thumb Code     2  use_no_semi_2.o(.text)
    __2printf                                0x0800a441   Thumb Code    20  noretval__2printf.o(.text)
    __printf                                 0x0800a459   Thumb Code   106  __printf.o(.text)
    _printf_int_hex                          0x0800a4c5   Thumb Code    88  _printf_hex_int.o(.text)
    _printf_longlong_hex                     0x0800a4c5   Thumb Code     0  _printf_hex_int.o(.text)
    __use_two_region_memory                  0x0800a521   Thumb Code     2  heapauxi.o(.text)
    __rt_heap_escrow$2region                 0x0800a523   Thumb Code     2  heapauxi.o(.text)
    __rt_heap_expand$2region                 0x0800a525   Thumb Code     2  heapauxi.o(.text)
    __I$use$semihosting                      0x0800a527   Thumb Code     0  use_no_semi.o(.text)
    __use_no_semihosting_swi                 0x0800a527   Thumb Code     2  use_no_semi.o(.text)
    _printf_int_common                       0x0800a529   Thumb Code   180  _printf_intcommon.o(.text)
    _printf_char_file                        0x0800a5dd   Thumb Code    32  _printf_char_file.o(.text)
    _printf_char_common                      0x0800a60b   Thumb Code    32  _printf_char_common.o(.text)
    ferror                                   0x0800a631   Thumb Code     8  ferror.o(.text)
    __user_setup_stackheap                   0x0800a639   Thumb Code    74  sys_stackheap_outer.o(.text)
    exit                                     0x0800a683   Thumb Code    12  exit.o(.text)
    __user_libspace                          0x0800a691   Thumb Code     8  libspace.o(.text)
    __user_perproc_libspace                  0x0800a691   Thumb Code     0  libspace.o(.text)
    __user_perthread_libspace                0x0800a691   Thumb Code     0  libspace.o(.text)
    __rt_fp_status_addr                      0x0800a699   Thumb Code    12  rt_fp_status_addr_intlibspace.o(.text)
    __aeabi_d2f                              0x0800a6a5   Thumb Code     0  d2f.o(x$fpl$d2f)
    _d2f                                     0x0800a6a5   Thumb Code    98  d2f.o(x$fpl$d2f)
    __aeabi_d2uiz                            0x0800a709   Thumb Code     0  dfixu.o(x$fpl$dfixu)
    _dfixu                                   0x0800a709   Thumb Code    90  dfixu.o(x$fpl$dfixu)
    __aeabi_ui2d                             0x0800a763   Thumb Code     0  dflt_clz.o(x$fpl$dfltu)
    _dfltu                                   0x0800a763   Thumb Code    38  dflt_clz.o(x$fpl$dfltu)
    __aeabi_dmul                             0x0800a789   Thumb Code     0  dmul.o(x$fpl$dmul)
    _dmul                                    0x0800a789   Thumb Code   332  dmul.o(x$fpl$dmul)
    __fpl_dnaninf                            0x0800a8dd   Thumb Code   156  dnaninf.o(x$fpl$dnaninf)
    __fpl_dretinf                            0x0800a979   Thumb Code    12  dretinf.o(x$fpl$dretinf)
    __aeabi_f2d                              0x0800a985   Thumb Code     0  f2d.o(x$fpl$f2d)
    _f2d                                     0x0800a985   Thumb Code    86  f2d.o(x$fpl$f2d)
    __aeabi_fadd                             0x0800a9dd   Thumb Code     0  faddsub_clz.o(x$fpl$fadd)
    _fadd                                    0x0800a9dd   Thumb Code   196  faddsub_clz.o(x$fpl$fadd)
    __aeabi_f2uiz                            0x0800aaa1   Thumb Code     0  ffixu.o(x$fpl$ffixu)
    _ffixu                                   0x0800aaa1   Thumb Code    62  ffixu.o(x$fpl$ffixu)
    __aeabi_ui2f                             0x0800aae1   Thumb Code     0  fflt_clz.o(x$fpl$ffltu)
    _ffltu                                   0x0800aae1   Thumb Code    38  fflt_clz.o(x$fpl$ffltu)
    __aeabi_fmul                             0x0800ab09   Thumb Code     0  fmul.o(x$fpl$fmul)
    _fmul                                    0x0800ab09   Thumb Code   258  fmul.o(x$fpl$fmul)
    __fpl_fnaninf                            0x0800ac0b   Thumb Code   140  fnaninf.o(x$fpl$fnaninf)
    _fp_init                                 0x0800ac97   Thumb Code    14  fpinit.o(x$fpl$fpinit)
    __fplib_config_pureend_doubles           0x0800aca3   Thumb Code     0  fpinit.o(x$fpl$fpinit)
    __fpl_fretinf                            0x0800aca5   Thumb Code    10  fretinf.o(x$fpl$fretinf)
    __aeabi_fsub                             0x0800acb1   Thumb Code     0  faddsub_clz.o(x$fpl$fsub)
    _fsub                                    0x0800acb1   Thumb Code   234  faddsub_clz.o(x$fpl$fsub)
    __I$use$fp                               0x0800ad9b   Thumb Code     0  usenofp.o(x$fpl$usenofp)
    asc2_1206                                0x0800ad9a   Data        1140  lcd.o(.constdata)
    asc2_1608                                0x0800b20e   Data        1520  lcd.o(.constdata)
    OSUnMapTbl                               0x0800b7fe   Data         256  os_core.o(.constdata)
    Region$$Table$$Base                      0x0800b928   Number         0  anon$$obj.o(Region$$Table)
    Region$$Table$$Limit                     0x0800b948   Number         0  anon$$obj.o(Region$$Table)
    led_lock                                 0x20000000   Data           1  main.o(.data)
    SystemCoreClock                          0x20000004   Data           4  system_stm32f10x.o(.data)
    AHBPrescTable                            0x20000008   Data          16  system_stm32f10x.o(.data)
    num456Seg                                0x20000018   Data          20  ht1621.o(.data)
    num1237Seg                               0x2000002c   Data          20  ht1621.o(.data)
    grafnum                                  0x20000041   Data           1  key.o(.data)
    zhongduan_flag                           0x20000042   Data           1  key.o(.data)
    id_num                                   0x20000043   Data           1  key.o(.data)
    vernum                                   0x20000044   Data           1  key.o(.data)
    hguestnum                                0x20000045   Data           1  key.o(.data)
    gonglvshishu                             0x20000046   Data           1  key.o(.data)
    dianya_zhi                               0x20000048   Data           2  key.o(.data)
    wugongkvar                               0x2000004a   Data           2  key.o(.data)
    dianliuzhi                               0x2000004c   Data           4  key.o(.data)
    k                                        0x20000050   Data           2  key.o(.data)
    tempshuzhi                               0x20000052   Data           1  key.o(.data)
    POINT_COLOR                              0x20000054   Data           2  lcd.o(.data)
    BACK_COLOR                               0x20000056   Data           2  lcd.o(.data)
    USART_RX_STA                             0x2000005c   Data           2  usart.o(.data)
    __stdout                                 0x20000060   Data           4  usart.o(.data)
    RS485_RX_CNT                             0x20000078   Data           1  485ann.o(.data)
    dog_clock                                0x2000007a   Data           2  485ann.o(.data)
    cont                                     0x2000007c   Data           1  485ann.o(.data)
    life_time_1                              0x20000080   Data           4  485ann.o(.data)
    life_time_2                              0x20000084   Data           4  485ann.o(.data)
    flag                                     0x20000088   Data           1  485ann.o(.data)
    idle_time                                0x2000008c   Data           4  485ann.o(.data)
    si                                       0x20000090   Data          91  485ann.o(.data)
    co                                       0x200000eb   Data          90  485ann.o(.data)
    TIM3CH1_CAPTURE_STA                      0x20000145   Data           1  485ann.o(.data)
    RS485_MBOX                               0x20000148   Data           4  485ann.o(.data)
    RS485_STUTAS_MBOX                        0x2000014c   Data           4  485ann.o(.data)
    Heartbeat                                0x20000150   Data           4  485ann.o(.data)
    mystatus                                 0x20000154   Data           7  485ann.o(.data)
    TIM3CH1_CAPTURE_VAL                      0x2000015c   Data           2  485ann.o(.data)
    TIM3CH1_CAPTURE_PHA                      0x2000015e   Data           2  485ann.o(.data)
    OSCtxSwCtr                               0x20000160   Data           4  os_core.o(.data)
    OSEventFreeList                          0x20000164   Data           4  os_core.o(.data)
    OSFlagFreeList                           0x20000168   Data           4  os_core.o(.data)
    OSCPUUsage                               0x2000016c   Data           1  os_core.o(.data)
    OSIdleCtrMax                             0x20000170   Data           4  os_core.o(.data)
    OSIdleCtrRun                             0x20000174   Data           4  os_core.o(.data)
    OSStatRdy                                0x20000178   Data           1  os_core.o(.data)
    OSIntNesting                             0x20000179   Data           1  os_core.o(.data)
    OSLockNesting                            0x2000017a   Data           1  os_core.o(.data)
    OSPrioCur                                0x2000017b   Data           1  os_core.o(.data)
    OSPrioHighRdy                            0x2000017c   Data           1  os_core.o(.data)
    OSRdyGrp                                 0x2000017d   Data           1  os_core.o(.data)
    OSRdyTbl                                 0x2000017e   Data           8  os_core.o(.data)
    OSRunning                                0x20000186   Data           1  os_core.o(.data)
    OSTaskCtr                                0x20000187   Data           1  os_core.o(.data)
    OSIdleCtr                                0x20000188   Data           4  os_core.o(.data)
    OSTCBCur                                 0x2000018c   Data           4  os_core.o(.data)
    OSTCBFreeList                            0x20000190   Data           4  os_core.o(.data)
    OSTCBHighRdy                             0x20000194   Data           4  os_core.o(.data)
    OSTCBList                                0x20000198   Data           4  os_core.o(.data)
    OSTickStepState                          0x2000019c   Data           1  os_core.o(.data)
    OSQFreeList                              0x200001a0   Data           4  os_core.o(.data)
    OSTime                                   0x200001a4   Data           4  os_core.o(.data)
    START_TASK_STK                           0x200001a8   Data         256  main.o(.bss)
    TAKE_TASK_STK                            0x200002a8   Data         256  main.o(.bss)
    Receive_TASK_STK                         0x200003a8   Data         256  main.o(.bss)
    MAIN_TASK_STK                            0x200004a8   Data         512  main.o(.bss)
    MASTER_TASK_STK                          0x200006a8   Data         256  main.o(.bss)
    MYLED_TASK_STK                           0x200007a8   Data         256  main.o(.bss)
    lcddev                                   0x200008a8   Data          10  lcd.o(.bss)
    USART_RX_BUF                             0x200008b2   Data         200  usart.o(.bss)
    RS485_RX_BUF                             0x2000097a   Data         128  485ann.o(.bss)
    mybox                                    0x200009fa   Data           9  485ann.o(.bss)
    sort_idle_list_1                         0x20000a03   Data          66  485ann.o(.bss)
    sort_idle_list_2                         0x20000a45   Data          66  485ann.o(.bss)
    sort_busy_list_1                         0x20000a87   Data          99  485ann.o(.bss)
    sort_busy_list_2                         0x20000aea   Data          99  485ann.o(.bss)
    system_status_list_1                     0x20000b4d   Data         132  485ann.o(.bss)
    system_status_list_2                     0x20000bd1   Data         132  485ann.o(.bss)
    rs485buf                                 0x20000c55   Data          15  485ann.o(.bss)
    statusbuf                                0x20000c64   Data          10  485ann.o(.bss)
    OSEventTbl                               0x20000c70   Data         200  os_core.o(.bss)
    OSFlagTbl                                0x20000d38   Data          80  os_core.o(.bss)
    OSTaskStatStk                            0x20000d88   Data         512  os_core.o(.bss)
    OSTaskIdleStk                            0x20000f88   Data         512  os_core.o(.bss)
    OSTCBPrioTbl                             0x20001188   Data         256  os_core.o(.bss)
    OSTCBTbl                                 0x20001288   Data        1008  os_core.o(.bss)
    OSQTbl                                   0x20001678   Data         120  os_core.o(.bss)
    __libspace_start                         0x200016f0   Data          96  libspace.o(.bss)
    __temporary_stack_top$libspace           0x20001750   Data           0  libspace.o(.bss)



==============================================================================

Memory Map of the image

  Image Entry point : 0x08000131

  Load Region LR_IROM1 (Base: 0x08000000, Size: 0x0000baf0, Max: 0x00010000, ABSOLUTE, COMPRESSED[0x0000ba44])

    Execution Region ER_IROM1 (Base: 0x08000000, Size: 0x0000b948, Max: 0x00010000, ABSOLUTE)

    Base Addr    Size         Type   Attr      Idx    E Section Name        Object

    0x08000000   0x00000130   Data   RO          374    RESET               startup_stm32f10x_hd.o
    0x08000130   0x00000008   Code   RO          868  * !!!main             c_w.l(__main.o)(c_w.l)
    0x08000138   0x00000034   Code   RO         1086    !!!scatter          c_w.l(__scatter.o)(c_w.l)
    0x0800016c   0x0000005a   Code   RO         1084    !!dczerorl2         c_w.l(__dczerorl2.o)(c_w.l)
    0x080001c6   0x00000002   PAD
    0x080001c8   0x0000001c   Code   RO         1088    !!handler_zi        c_w.l(__scatter_zi.o)(c_w.l)
    0x080001e4   0x00000000   Code   RO          865    .ARM.Collect$$_printf_percent$$00000000  c_w.l(_printf_percent.o)(c_w.l)
    0x080001e4   0x00000006   Code   RO          864    .ARM.Collect$$_printf_percent$$0000000C  c_w.l(_printf_x.o)(c_w.l)
    0x080001ea   0x00000004   Code   RO          912    .ARM.Collect$$_printf_percent$$00000017  c_w.l(_printf_percent_end.o)(c_w.l)
    0x080001ee   0x00000006   Code   RO          958    .ARM.Collect$$libinit$$00000000  c_w.l(libinit.o)(c_w.l)
    0x080001f4   0x00000000   Code   RO          966    .ARM.Collect$$libinit$$00000006  c_w.l(libinit2.o)(c_w.l)
    0x080001f4   0x00000000   Code   RO          968    .ARM.Collect$$libinit$$00000008  c_w.l(libinit2.o)(c_w.l)
    0x080001f4   0x00000000   Code   RO          970    .ARM.Collect$$libinit$$0000000A  c_w.l(libinit2.o)(c_w.l)
    0x080001f4   0x00000000   Code   RO          973    .ARM.Collect$$libinit$$0000000D  c_w.l(libinit2.o)(c_w.l)
    0x080001f4   0x00000000   Code   RO          975    .ARM.Collect$$libinit$$0000000F  c_w.l(libinit2.o)(c_w.l)
    0x080001f4   0x00000000   Code   RO          977    .ARM.Collect$$libinit$$00000011  c_w.l(libinit2.o)(c_w.l)
    0x080001f4   0x00000000   Code   RO          979    .ARM.Collect$$libinit$$00000013  c_w.l(libinit2.o)(c_w.l)
    0x080001f4   0x00000000   Code   RO          981    .ARM.Collect$$libinit$$00000015  c_w.l(libinit2.o)(c_w.l)
    0x080001f4   0x00000000   Code   RO          983    .ARM.Collect$$libinit$$00000017  c_w.l(libinit2.o)(c_w.l)
    0x080001f4   0x00000000   Code   RO          985    .ARM.Collect$$libinit$$00000019  c_w.l(libinit2.o)(c_w.l)
    0x080001f4   0x00000000   Code   RO          987    .ARM.Collect$$libinit$$0000001B  c_w.l(libinit2.o)(c_w.l)
    0x080001f4   0x00000000   Code   RO          989    .ARM.Collect$$libinit$$0000001D  c_w.l(libinit2.o)(c_w.l)
    0x080001f4   0x00000000   Code   RO          991    .ARM.Collect$$libinit$$0000001F  c_w.l(libinit2.o)(c_w.l)
    0x080001f4   0x00000000   Code   RO          993    .ARM.Collect$$libinit$$00000021  c_w.l(libinit2.o)(c_w.l)
    0x080001f4   0x00000000   Code   RO          997    .ARM.Collect$$libinit$$00000028  c_w.l(libinit2.o)(c_w.l)
    0x080001f4   0x00000000   Code   RO          999    .ARM.Collect$$libinit$$0000002A  c_w.l(libinit2.o)(c_w.l)
    0x080001f4   0x00000000   Code   RO         1001    .ARM.Collect$$libinit$$0000002C  c_w.l(libinit2.o)(c_w.l)
    0x080001f4   0x00000000   Code   RO         1003    .ARM.Collect$$libinit$$0000002E  c_w.l(libinit2.o)(c_w.l)
    0x080001f4   0x00000002   Code   RO         1004    .ARM.Collect$$libinit$$0000002F  c_w.l(libinit2.o)(c_w.l)
    0x080001f6   0x00000002   Code   RO         1028    .ARM.Collect$$libshutdown$$00000000  c_w.l(libshutdown.o)(c_w.l)
    0x080001f8   0x00000000   Code   RO         1039    .ARM.Collect$$libshutdown$$00000003  c_w.l(libshutdown2.o)(c_w.l)
    0x080001f8   0x00000000   Code   RO         1042    .ARM.Collect$$libshutdown$$00000006  c_w.l(libshutdown2.o)(c_w.l)
    0x080001f8   0x00000000   Code   RO         1045    .ARM.Collect$$libshutdown$$00000009  c_w.l(libshutdown2.o)(c_w.l)
    0x080001f8   0x00000000   Code   RO         1047    .ARM.Collect$$libshutdown$$0000000B  c_w.l(libshutdown2.o)(c_w.l)
    0x080001f8   0x00000000   Code   RO         1050    .ARM.Collect$$libshutdown$$0000000E  c_w.l(libshutdown2.o)(c_w.l)
    0x080001f8   0x00000002   Code   RO         1051    .ARM.Collect$$libshutdown$$0000000F  c_w.l(libshutdown2.o)(c_w.l)
    0x080001fa   0x00000000   Code   RO          906    .ARM.Collect$$rtentry$$00000000  c_w.l(rtentry.o)(c_w.l)
    0x080001fa   0x00000000   Code   RO          923    .ARM.Collect$$rtentry$$00000002  c_w.l(rtentry2.o)(c_w.l)
    0x080001fa   0x00000006   Code   RO          938    .ARM.Collect$$rtentry$$00000004  c_w.l(rtentry4.o)(c_w.l)
    0x08000200   0x00000000   Code   RO          925    .ARM.Collect$$rtentry$$00000009  c_w.l(rtentry2.o)(c_w.l)
    0x08000200   0x00000004   Code   RO          926    .ARM.Collect$$rtentry$$0000000A  c_w.l(rtentry2.o)(c_w.l)
    0x08000204   0x00000000   Code   RO          928    .ARM.Collect$$rtentry$$0000000C  c_w.l(rtentry2.o)(c_w.l)
    0x08000204   0x00000008   Code   RO          929    .ARM.Collect$$rtentry$$0000000D  c_w.l(rtentry2.o)(c_w.l)
    0x0800020c   0x00000002   Code   RO          962    .ARM.Collect$$rtexit$$00000000  c_w.l(rtexit.o)(c_w.l)
    0x0800020e   0x00000000   Code   RO         1008    .ARM.Collect$$rtexit$$00000002  c_w.l(rtexit2.o)(c_w.l)
    0x0800020e   0x00000004   Code   RO         1009    .ARM.Collect$$rtexit$$00000003  c_w.l(rtexit2.o)(c_w.l)
    0x08000212   0x00000006   Code   RO         1010    .ARM.Collect$$rtexit$$00000004  c_w.l(rtexit2.o)(c_w.l)
    0x08000218   0x00000998   Code   RO            1    .text               main.o
    0x08000bb0   0x00000016   Code   RO          132    .text               stm32f10x_it.o
    0x08000bc6   0x00000002   PAD
    0x08000bc8   0x000001c8   Code   RO          175    .text               system_stm32f10x.o
    0x08000d90   0x00000074   Code   RO          193    .text               led.o
    0x08000e04   0x000002e0   Code   RO          205    .text               myiic.o
    0x080010e4   0x00000172   Code   RO          220    .text               24cxx.o
    0x08001256   0x00000002   PAD
    0x08001258   0x00000110   Code   RO          232    .text               adc.o
    0x08001368   0x000000d8   Code   RO          247    .text               rs485.o
    0x08001440   0x00000668   Code   RO          259    .text               ht1621.o
    0x08001aa8   0x00000258   Code   RO          274    .text               key.o
    0x08001d00   0x000023c0   Code   RO          289    .text               lcd.o
    0x080040c0   0x00000114   Code   RO          312    .text               delay.o
    0x080041d4   0x0000000c   Code   RO          326    .text               sys.o
    0x080041e0   0x00000148   Code   RO          338    .text               usart.o
    0x08004328   0x00000040   Code   RO          375    .text               startup_stm32f10x_hd.o
    0x08004368   0x000000f8   Code   RO          379    .text               misc.o
    0x08004460   0x00000618   Code   RO          391    .text               stm32f10x_fsmc.o
    0x08004a78   0x00000358   Code   RO          403    .text               stm32f10x_gpio.o
    0x08004dd0   0x000003a4   Code   RO          415    .text               stm32f10x_rcc.o
    0x08005174   0x0000040c   Code   RO          441    .text               stm32f10x_usart.o
    0x08005580   0x00000440   Code   RO          453    .text               stm32f10x_adc.o
    0x080059c0   0x00000dae   Code   RO          615    .text               stm32f10x_tim.o
    0x0800676e   0x00000002   PAD
    0x08006770   0x00001368   Code   RO          645    .text               485ann.o
    0x08007ad8   0x000008c4   Code   RO          665    .text               os_core.o
    0x0800839c   0x00000858   Code   RO          685    .text               os_flag.o
    0x08008bf4   0x000003cc   Code   RO          697    .text               os_mbox.o
    0x08008fc0   0x000005e8   Code   RO          727    .text               os_q.o
    0x080095a8   0x0000038c   Code   RO          739    .text               os_sem.o
    0x08009934   0x000007e8   Code   RO          751    .text               os_task.o
    0x0800a11c   0x000001c0   Code   RO          763    .text               os_time.o
    0x0800a2dc   0x000000b4   Code   RO          781    .text               os_cpu_a.o
    0x0800a390   0x000000ae   Code   RO          784    .text               os_cpu_c.o
    0x0800a43e   0x00000002   Code   RO          817    .text               c_w.l(use_no_semi_2.o)(c_w.l)
    0x0800a440   0x00000018   Code   RO          821    .text               c_w.l(noretval__2printf.o)(c_w.l)
    0x0800a458   0x0000006a   Code   RO          823    .text               c_w.l(__printf.o)(c_w.l)
    0x0800a4c2   0x00000002   PAD
    0x0800a4c4   0x0000005c   Code   RO          828    .text               c_w.l(_printf_hex_int.o)(c_w.l)
    0x0800a520   0x00000006   Code   RO          866    .text               c_w.l(heapauxi.o)(c_w.l)
    0x0800a526   0x00000002   Code   RO          904    .text               c_w.l(use_no_semi.o)(c_w.l)
    0x0800a528   0x000000b4   Code   RO          908    .text               c_w.l(_printf_intcommon.o)(c_w.l)
    0x0800a5dc   0x00000024   Code   RO          910    .text               c_w.l(_printf_char_file.o)(c_w.l)
    0x0800a600   0x00000030   Code   RO          940    .text               c_w.l(_printf_char_common.o)(c_w.l)
    0x0800a630   0x00000008   Code   RO          942    .text               c_w.l(ferror.o)(c_w.l)
    0x0800a638   0x0000004a   Code   RO          946    .text               c_w.l(sys_stackheap_outer.o)(c_w.l)
    0x0800a682   0x0000000c   Code   RO          950    .text               c_w.l(exit.o)(c_w.l)
    0x0800a68e   0x00000002   PAD
    0x0800a690   0x00000008   Code   RO          959    .text               c_w.l(libspace.o)(c_w.l)
    0x0800a698   0x0000000c   Code   RO         1018    .text               c_w.l(rt_fp_status_addr_intlibspace.o)(c_w.l)
    0x0800a6a4   0x00000062   Code   RO          870    x$fpl$d2f           fz_ws.l(d2f.o)(fz_ws.l)
    0x0800a706   0x00000002   PAD
    0x0800a708   0x0000005a   Code   RO          872    x$fpl$dfixu         fz_ws.l(dfixu.o)(fz_ws.l)
    0x0800a762   0x00000026   Code   RO          876    x$fpl$dfltu         fz_ws.l(dflt_clz.o)(fz_ws.l)
    0x0800a788   0x00000154   Code   RO          882    x$fpl$dmul          fz_ws.l(dmul.o)(fz_ws.l)
    0x0800a8dc   0x0000009c   Code   RO          913    x$fpl$dnaninf       fz_ws.l(dnaninf.o)(fz_ws.l)
    0x0800a978   0x0000000c   Code   RO          915    x$fpl$dretinf       fz_ws.l(dretinf.o)(fz_ws.l)
    0x0800a984   0x00000056   Code   RO          884    x$fpl$f2d           fz_ws.l(f2d.o)(fz_ws.l)
    0x0800a9da   0x00000002   PAD
    0x0800a9dc   0x000000c4   Code   RO          886    x$fpl$fadd          fz_ws.l(faddsub_clz.o)(fz_ws.l)
    0x0800aaa0   0x0000003e   Code   RO          892    x$fpl$ffixu         fz_ws.l(ffixu.o)(fz_ws.l)
    0x0800aade   0x00000002   PAD
    0x0800aae0   0x00000026   Code   RO          896    x$fpl$ffltu         fz_ws.l(fflt_clz.o)(fz_ws.l)
    0x0800ab06   0x00000002   PAD
    0x0800ab08   0x00000102   Code   RO          902    x$fpl$fmul          fz_ws.l(fmul.o)(fz_ws.l)
    0x0800ac0a   0x0000008c   Code   RO          917    x$fpl$fnaninf       fz_ws.l(fnaninf.o)(fz_ws.l)
    0x0800ac96   0x0000000e   Code   RO         1005    x$fpl$fpinit        fz_ws.l(fpinit.o)(fz_ws.l)
    0x0800aca4   0x0000000a   Code   RO          919    x$fpl$fretinf       fz_ws.l(fretinf.o)(fz_ws.l)
    0x0800acae   0x00000002   PAD
    0x0800acb0   0x000000ea   Code   RO          888    x$fpl$fsub          fz_ws.l(faddsub_clz.o)(fz_ws.l)
    0x0800ad9a   0x00000000   Code   RO          921    x$fpl$usenofp       fz_ws.l(usenofp.o)(fz_ws.l)
    0x0800ad9a   0x00000a64   Data   RO          291    .constdata          lcd.o
    0x0800b7fe   0x00000100   Data   RO          667    .constdata          os_core.o
    0x0800b8fe   0x00000028   Data   RO          829    .constdata          c_w.l(_printf_hex_int.o)(c_w.l)
    0x0800b926   0x00000002   PAD
    0x0800b928   0x00000020   Data   RO         1082    Region$$Table       anon$$obj.o


    Execution Region RW_IRAM1 (Base: 0x20000000, Size: 0x00001d50, Max: 0x00005000, ABSOLUTE, COMPRESSED[0x000000fc])

    Base Addr    Size         Type   Attr      Idx    E Section Name        Object

    0x20000000   0x00000001   Data   RW            3    .data               main.o
    0x20000001   0x00000003   PAD
    0x20000004   0x00000014   Data   RW          176    .data               system_stm32f10x.o
    0x20000018   0x00000028   Data   RW          260    .data               ht1621.o
    0x20000040   0x00000013   Data   RW          275    .data               key.o
    0x20000053   0x00000001   PAD
    0x20000054   0x00000004   Data   RW          292    .data               lcd.o
    0x20000058   0x00000004   Data   RW          313    .data               delay.o
    0x2000005c   0x00000008   Data   RW          340    .data               usart.o
    0x20000064   0x00000014   Data   RW          416    .data               stm32f10x_rcc.o
    0x20000078   0x000000e8   Data   RW          647    .data               485ann.o
    0x20000160   0x00000048   Data   RW          668    .data               os_core.o
    0x200001a8   0x00000700   Zero   RW            2    .bss                main.o
    0x200008a8   0x0000000a   Zero   RW          290    .bss                lcd.o
    0x200008b2   0x000000c8   Zero   RW          339    .bss                usart.o
    0x2000097a   0x000002f4   Zero   RW          646    .bss                485ann.o
    0x20000c6e   0x00000002   PAD
    0x20000c70   0x00000a80   Zero   RW          666    .bss                os_core.o
    0x200016f0   0x00000060   Zero   RW          960    .bss                c_w.l(libspace.o)(c_w.l)
    0x20001750   0x00000200   Zero   RW          373    HEAP                startup_stm32f10x_hd.o
    0x20001950   0x00000400   Zero   RW          372    STACK               startup_stm32f10x_hd.o


==============================================================================

Image component sizes


      Code (inc. data)   RO Data    RW Data    ZI Data      Debug   Object Name

       370          0          0          0          0          0   24cxx.o
      4968        400          0        232        756          0   485ann.o
       272          8          0          0          0          0   adc.o
         0          0          0          0          0          0   core_cm3.o
       276         20          0          4          0          0   delay.o
      1640         52          0         40          0          0   ht1621.o
       600         78          0         19          0          0   key.o
      9152        142       2660          4         10          0   lcd.o
       116         12          0          0          0          0   led.o
      2456        118          0          1       1792          0   main.o
       248         30          0          0          0          0   misc.o
       736         38          0          0          0          0   myiic.o
      2244        212        256         72       2688          0   os_core.o
       180         36          0          0          0          0   os_cpu_a.o
       174          0          0          0          0          0   os_cpu_c.o
      2136         42          0          0          0          0   os_flag.o
       972         16          0          0          0          0   os_mbox.o
      1512         28          0          0          0          0   os_q.o
       908         18          0          0          0          0   os_sem.o
      2024         70          0          0          0          0   os_task.o
       448         30          0          0          0          0   os_time.o
       216         16          0          0          0          0   rs485.o
        64         26        304          0       1536          0   startup_stm32f10x_hd.o
      1088         36          0          0          0          0   stm32f10x_adc.o
      1560         54          0          0          0          0   stm32f10x_fsmc.o
       856         40          0          0          0          0   stm32f10x_gpio.o
        22          0          0          0          0          0   stm32f10x_it.o
       932         52          0         20          0          0   stm32f10x_rcc.o
      3502         86          0          0          0          0   stm32f10x_tim.o
      1036         20          0          0          0          0   stm32f10x_usart.o
        12          0          0          0          0          0   sys.o
       456         36          0         20          0          0   system_stm32f10x.o
       328         20          0          8        200          0   usart.o

    ----------------------------------------------------------------------
     41510       1736       3252        424       6984          0   Object Totals
         0          0         32          0          0          0   (incl. Generated)
         6          0          0          4          2          3   (incl. Padding)

    ----------------------------------------------------------------------

      Code (inc. data)   RO Data    RW Data    ZI Data      Debug   Library Member Name

        90          0          0          0          0          0   __dczerorl2.o
         8          0          0          0          0          0   __main.o
       106          0          0          0          0          0   __printf.o
        52          8          0          0          0          0   __scatter.o
        28          0          0          0          0          0   __scatter_zi.o
        48          6          0          0          0          0   _printf_char_common.o
        36          4          0          0          0          0   _printf_char_file.o
        92          4         40          0          0          0   _printf_hex_int.o
       180          0          0          0          0          0   _printf_intcommon.o
         0          0          0          0          0          0   _printf_percent.o
         4          0          0          0          0          0   _printf_percent_end.o
         6          0          0          0          0          0   _printf_x.o
        12          0          0          0          0          0   exit.o
         8          0          0          0          0          0   ferror.o
         6          0          0          0          0          0   heapauxi.o
         6          0          0          0          0          0   libinit.o
         2          0          0          0          0          0   libinit2.o
         2          0          0          0          0          0   libshutdown.o
         2          0          0          0          0          0   libshutdown2.o
         8          4          0          0         96          0   libspace.o
        24          4          0          0          0          0   noretval__2printf.o
        12          4          0          0          0          0   rt_fp_status_addr_intlibspace.o
         0          0          0          0          0          0   rtentry.o
        12          0          0          0          0          0   rtentry2.o
         6          0          0          0          0          0   rtentry4.o
         2          0          0          0          0          0   rtexit.o
        10          0          0          0          0          0   rtexit2.o
        74          0          0          0          0          0   sys_stackheap_outer.o
         2          0          0          0          0          0   use_no_semi.o
         2          0          0          0          0          0   use_no_semi_2.o
        98          4          0          0          0          0   d2f.o
        90          4          0          0          0          0   dfixu.o
        38          0          0          0          0          0   dflt_clz.o
       340         12          0          0          0          0   dmul.o
       156          4          0          0          0          0   dnaninf.o
        12          0          0          0          0          0   dretinf.o
        86          4          0          0          0          0   f2d.o
       430          8          0          0          0          0   faddsub_clz.o
        62          4          0          0          0          0   ffixu.o
        38          0          0          0          0          0   fflt_clz.o
       258          4          0          0          0          0   fmul.o
       140          4          0          0          0          0   fnaninf.o
        14          0          0          0          0          0   fpinit.o
        10          0          0          0          0          0   fretinf.o
         0          0          0          0          0          0   usenofp.o

    ----------------------------------------------------------------------
      2628         82         42          0         96          0   Library Totals
        16          0          2          0          0          0   (incl. Padding)

    ----------------------------------------------------------------------

      Code (inc. data)   RO Data    RW Data    ZI Data      Debug   Library Name

       840         34         40          0         96       1228   c_w.l
      1772         48          0          0          0       1232   fz_ws.l

    ----------------------------------------------------------------------
      2628         82         42          0         96          0   Library Totals

    ----------------------------------------------------------------------

==============================================================================


      Code (inc. data)   RO Data    RW Data    ZI Data      Debug   

     44138       1818       3294        424       7080     452636   Grand Totals
     44138       1818       3294        252       7080     452636   ELF Image Totals (compressed)
     44138       1818       3294        252          0          0   ROM Totals

==============================================================================

    Total RO  Size (Code + RO Data)                47432 (  46.32kB)
    Total RW  Size (RW Data + ZI Data)              7504 (   7.33kB)
    Total ROM Size (Code + RO Data + RW Data)      47684 (  46.57kB)

==============================================================================

